../bsp/ds1307.c:15:9:ds1307_init	16	static
../bsp/ds1307.c:37:6:ds1307_set_current_time	24	static
../bsp/ds1307.c:60:6:ds1307_get_current_time	24	static
../bsp/ds1307.c:84:6:ds1307_set_current_date	16	static
../bsp/ds1307.c:91:6:ds1307_get_current_date	16	static
../bsp/ds1307.c:99:13:ds1307_i2c_pin_config	32	static
../bsp/ds1307.c:131:13:ds1307_i2c_config	8	static
../bsp/ds1307.c:139:13:ds1307_write	32	static
../bsp/ds1307.c:147:16:ds1307_read	32	static
../bsp/ds1307.c:155:16:binary_to_bcd	24	static
../bsp/ds1307.c:171:16:bcd_to_binary	24	static
