Archive member included to satisfy reference by file (symbol)

d:/st/stm32cubeide_1.10.1/stm32cubeide/plugins/com.st.stm32cube.ide.mcu.externaltools.gnu-tools-for-stm32.10.3-2021.10.win32_1.0.0.202111181127/tools/bin/../lib/gcc/arm-none-eabi/10.3.1/../../../../arm-none-eabi/lib/thumb/v7e-m/nofp\libc_nano.a(lib_a-errno.o)
                              ./Src/syscalls.o (__errno)
d:/st/stm32cubeide_1.10.1/stm32cubeide/plugins/com.st.stm32cube.ide.mcu.externaltools.gnu-tools-for-stm32.10.3-2021.10.win32_1.0.0.202111181127/tools/bin/../lib/gcc/arm-none-eabi/10.3.1/../../../../arm-none-eabi/lib/thumb/v7e-m/nofp\libc_nano.a(lib_a-exit.o)
                              d:/st/stm32cubeide_1.10.1/stm32cubeide/plugins/com.st.stm32cube.ide.mcu.externaltools.gnu-tools-for-stm32.10.3-2021.10.win32_1.0.0.202111181127/tools/bin/../lib/gcc/arm-none-eabi/10.3.1/../../../../arm-none-eabi/lib/thumb/v7e-m/nofp/crt0.o (exit)
d:/st/stm32cubeide_1.10.1/stm32cubeide/plugins/com.st.stm32cube.ide.mcu.externaltools.gnu-tools-for-stm32.10.3-2021.10.win32_1.0.0.202111181127/tools/bin/../lib/gcc/arm-none-eabi/10.3.1/../../../../arm-none-eabi/lib/thumb/v7e-m/nofp\libc_nano.a(lib_a-impure.o)
                              d:/st/stm32cubeide_1.10.1/stm32cubeide/plugins/com.st.stm32cube.ide.mcu.externaltools.gnu-tools-for-stm32.10.3-2021.10.win32_1.0.0.202111181127/tools/bin/../lib/gcc/arm-none-eabi/10.3.1/../../../../arm-none-eabi/lib/thumb/v7e-m/nofp\libc_nano.a(lib_a-exit.o) (_global_impure_ptr)
d:/st/stm32cubeide_1.10.1/stm32cubeide/plugins/com.st.stm32cube.ide.mcu.externaltools.gnu-tools-for-stm32.10.3-2021.10.win32_1.0.0.202111181127/tools/bin/../lib/gcc/arm-none-eabi/10.3.1/../../../../arm-none-eabi/lib/thumb/v7e-m/nofp\libc_nano.a(lib_a-init.o)
                              d:/st/stm32cubeide_1.10.1/stm32cubeide/plugins/com.st.stm32cube.ide.mcu.externaltools.gnu-tools-for-stm32.10.3-2021.10.win32_1.0.0.202111181127/tools/bin/../lib/gcc/arm-none-eabi/10.3.1/../../../../arm-none-eabi/lib/thumb/v7e-m/nofp/crt0.o (__libc_init_array)
d:/st/stm32cubeide_1.10.1/stm32cubeide/plugins/com.st.stm32cube.ide.mcu.externaltools.gnu-tools-for-stm32.10.3-2021.10.win32_1.0.0.202111181127/tools/bin/../lib/gcc/arm-none-eabi/10.3.1/../../../../arm-none-eabi/lib/thumb/v7e-m/nofp\libc_nano.a(lib_a-memset.o)
                              d:/st/stm32cubeide_1.10.1/stm32cubeide/plugins/com.st.stm32cube.ide.mcu.externaltools.gnu-tools-for-stm32.10.3-2021.10.win32_1.0.0.202111181127/tools/bin/../lib/gcc/arm-none-eabi/10.3.1/../../../../arm-none-eabi/lib/thumb/v7e-m/nofp/crt0.o (memset)
d:/st/stm32cubeide_1.10.1/stm32cubeide/plugins/com.st.stm32cube.ide.mcu.externaltools.gnu-tools-for-stm32.10.3-2021.10.win32_1.0.0.202111181127/tools/bin/../lib/gcc/arm-none-eabi/10.3.1/../../../../arm-none-eabi/lib/thumb/v7e-m/nofp\libc_nano.a(lib_a-puts.o)
                              ./drivers/Src/stm32f407xx_spi_driver.o (puts)
d:/st/stm32cubeide_1.10.1/stm32cubeide/plugins/com.st.stm32cube.ide.mcu.externaltools.gnu-tools-for-stm32.10.3-2021.10.win32_1.0.0.202111181127/tools/bin/../lib/gcc/arm-none-eabi/10.3.1/../../../../arm-none-eabi/lib/thumb/v7e-m/nofp\libc_nano.a(lib_a-strlen.o)
                              ./Src/010i2c_master_tx_testing.o (strlen)
d:/st/stm32cubeide_1.10.1/stm32cubeide/plugins/com.st.stm32cube.ide.mcu.externaltools.gnu-tools-for-stm32.10.3-2021.10.win32_1.0.0.202111181127/tools/bin/../lib/gcc/arm-none-eabi/10.3.1/../../../../arm-none-eabi/lib/thumb/v7e-m/nofp\libc_nano.a(lib_a-wbuf.o)
                              d:/st/stm32cubeide_1.10.1/stm32cubeide/plugins/com.st.stm32cube.ide.mcu.externaltools.gnu-tools-for-stm32.10.3-2021.10.win32_1.0.0.202111181127/tools/bin/../lib/gcc/arm-none-eabi/10.3.1/../../../../arm-none-eabi/lib/thumb/v7e-m/nofp\libc_nano.a(lib_a-puts.o) (__swbuf_r)
d:/st/stm32cubeide_1.10.1/stm32cubeide/plugins/com.st.stm32cube.ide.mcu.externaltools.gnu-tools-for-stm32.10.3-2021.10.win32_1.0.0.202111181127/tools/bin/../lib/gcc/arm-none-eabi/10.3.1/../../../../arm-none-eabi/lib/thumb/v7e-m/nofp\libc_nano.a(lib_a-wsetup.o)
                              d:/st/stm32cubeide_1.10.1/stm32cubeide/plugins/com.st.stm32cube.ide.mcu.externaltools.gnu-tools-for-stm32.10.3-2021.10.win32_1.0.0.202111181127/tools/bin/../lib/gcc/arm-none-eabi/10.3.1/../../../../arm-none-eabi/lib/thumb/v7e-m/nofp\libc_nano.a(lib_a-puts.o) (__swsetup_r)
d:/st/stm32cubeide_1.10.1/stm32cubeide/plugins/com.st.stm32cube.ide.mcu.externaltools.gnu-tools-for-stm32.10.3-2021.10.win32_1.0.0.202111181127/tools/bin/../lib/gcc/arm-none-eabi/10.3.1/../../../../arm-none-eabi/lib/thumb/v7e-m/nofp\libc_nano.a(lib_a-fflush.o)
                              d:/st/stm32cubeide_1.10.1/stm32cubeide/plugins/com.st.stm32cube.ide.mcu.externaltools.gnu-tools-for-stm32.10.3-2021.10.win32_1.0.0.202111181127/tools/bin/../lib/gcc/arm-none-eabi/10.3.1/../../../../arm-none-eabi/lib/thumb/v7e-m/nofp\libc_nano.a(lib_a-wbuf.o) (_fflush_r)
[...]
Memory Configuration

Name             Origin             Length             Attributes
CCMRAM           0x0000000010000000 0x0000000000010000 xrw
RAM              0x0000000020000000 0x0000000000020000 xrw
FLASH            0x0000000008000000 0x0000000000100000 xr
*default*        0x0000000000000000 0xffffffffffffffff

Linker script and memory map

LOAD d:/st/stm32cubeide_1.10.1/stm32cubeide/plugins/com.st.stm32cube.ide.mcu.externaltools.gnu-tools-for-stm32.10.3-2021.10.win32_1.0.0.202111181127/tools/bin/../lib/gcc/arm-none-eabi/10.3.1/thumb/v7e-m/nofp/crti.o
LOAD d:/st/stm32cubeide_1.10.1/stm32cubeide/plugins/com.st.stm32cube.ide.mcu.externaltools.gnu-tools-for-stm32.10.3-2021.10.win32_1.0.0.202111181127/tools/bin/../lib/gcc/arm-none-eabi/10.3.1/thumb/v7e-m/nofp/crtbegin.o
LOAD d:/st/stm32cubeide_1.10.1/stm32cubeide/plugins/com.st.stm32cube.ide.mcu.externaltools.gnu-tools-for-stm32.10.3-2021.10.win32_1.0.0.202111181127/tools/bin/../lib/gcc/arm-none-eabi/10.3.1/../../../../arm-none-eabi/lib/thumb/v7e-m/nofp/crt0.o
LOAD ./Src/010i2c_master_tx_testing.o
LOAD ./Src/syscalls.o
LOAD ./Src/sysmem.o
LOAD ./Startup/startup_stm32f407vgtx.o
LOAD ./drivers/Src/stm32f407xx_gpio_driver.o
LOAD ./drivers/Src/stm32f407xx_i2c_driver.o
LOAD ./drivers/Src/stm32f407xx_spi_driver.o
START GROUP
LOAD d:/st/stm32cubeide_1.10.1/stm32cubeide/plugins/com.st.stm32cube.ide.mcu.externaltools.gnu-tools-for-stm32.10.3-2021.10.win32_1.0.0.202111181127/tools/bin/../lib/gcc/arm-none-eabi/10.3.1/../../../../arm-none-eabi/lib/thumb/v7e-m/nofp\libc_nano.a
LOAD d:/st/stm32cubeide_1.10.1/stm32cubeide/plugins/com.st.stm32cube.ide.mcu.externaltools.gnu-tools-for-stm32.10.3-2021.10.win32_1.0.0.202111181127/tools/bin/../lib/gcc/arm-none-eabi/10.3.1/../../../../arm-none-eabi/lib/thumb/v7e-m/nofp\libm.a
END GROUP
START GROUP
LOAD d:/st/stm32cubeide_1.10.1/stm32cubeide/plugins/com.st.stm32cube.ide.mcu.externaltools.gnu-tools-for-stm32.10.3-2021.10.win32_1.0.0.202111181127/tools/bin/../lib/gcc/arm-none-eabi/10.3.1/thumb/v7e-m/nofp\libgcc.a
LOAD d:/st/stm32cubeide_1.10.1/stm32cubeide/plugins/com.st.stm32cube.ide.mcu.externaltools.gnu-tools-for-stm32.10.3-2021.10.win32_1.0.0.202111181127/tools/bin/../lib/gcc/arm-none-eabi/10.3.1/../../../../arm-none-eabi/lib/thumb/v7e-m/nofp\libc_nano.a
END GROUP
START GROUP
LOAD d:/st/stm32cubeide_1.10.1/stm32cubeide/plugins/com.st.stm32cube.ide.mcu.externaltools.gnu-tools-for-stm32.10.3-2021.10.win32_1.0.0.202111181127/tools/bin/../lib/gcc/arm-none-eabi/10.3.1/thumb/v7e-m/nofp\libgcc.a
LOAD d:/st/stm32cubeide_1.10.1/stm32cubeide/plugins/com.st.stm32cube.ide.mcu.externaltools.gnu-tools-for-stm32.10.3-2021.10.win32_1.0.0.202111181127/tools/bin/../lib/gcc/arm-none-eabi/10.3.1/../../../../arm-none-eabi/lib/thumb/v7e-m/nofp\libc_nano.a
LOAD d:/st/stm32cubeide_1.10.1/stm32cubeide/plugins/com.st.stm32cube.ide.mcu.externaltools.gnu-tools-for-stm32.10.3-2021.10.win32_1.0.0.202111181127/tools/bin/../lib/gcc/arm-none-eabi/10.3.1/../../../../arm-none-eabi/lib/thumb/v7e-m/nofp\libnosys.a
END GROUP
START GROUP
LOAD d:/st/stm32cubeide_1.10.1/stm32cubeide/plugins/com.st.stm32cube.ide.mcu.externaltools.gnu-tools-for-stm32.10.3-2021.10.win32_1.0.0.202111181127/tools/bin/../lib/gcc/arm-none-eabi/10.3.1/thumb/v7e-m/nofp\libgcc.a
LOAD d:/st/stm32cubeide_1.10.1/stm32cubeide/plugins/com.st.stm32cube.ide.mcu.externaltools.gnu-tools-for-stm32.10.3-2021.10.win32_1.0.0.202111181127/tools/bin/../lib/gcc/arm-none-eabi/10.3.1/../../../../arm-none-eabi/lib/thumb/v7e-m/nofp\libc_nano.a
LOAD d:/st/stm32cubeide_1.10.1/stm32cubeide/plugins/com.st.stm32cube.ide.mcu.externaltools.gnu-tools-for-stm32.10.3-2021.10.win32_1.0.0.202111181127/tools/bin/../lib/gcc/arm-none-eabi/10.3.1/../../../../arm-none-eabi/lib/thumb/v7e-m/nofp\libnosys.a
END GROUP
LOAD d:/st/stm32cubeide_1.10.1/stm32cubeide/plugins/com.st.stm32cube.ide.mcu.externaltools.gnu-tools-for-stm32.10.3-2021.10.win32_1.0.0.202111181127/tools/bin/../lib/gcc/arm-none-eabi/10.3.1/thumb/v7e-m/nofp/crtend.o
LOAD d:/st/stm32cubeide_1.10.1/stm32cubeide/plugins/com.st.stm32cube.ide.mcu.externaltools.gnu-tools-for-stm32.10.3-2021.10.win32_1.0.0.202111181127/tools/bin/../lib/gcc/arm-none-eabi/10.3.1/thumb/v7e-m/nofp/crtn.o
                0x0000000020020000                _estack = (ORIGIN (RAM) + LENGTH (RAM))
                0x0000000000000200                _Min_Heap_Size = 0x200
                0x0000000000000400                _Min_Stack_Size = 0x400

.isr_vector     0x0000000008000000      0x1a8
                0x0000000008000000                . = ALIGN (0x4)
 *(.isr_vector)
 .isr_vector    0x0000000008000000      0x1a8 ./Startup/startup_stm32f407vgtx.o
                0x0000000008000000                g_pfnVectors
                0x00000000080001a8                . = ALIGN (0x4)

.text           0x00000000080001a8      0xd20
                0x00000000080001a8                . = ALIGN (0x4)
 *(.text)
 .text          0x00000000080001a8       0x40 d:/st/stm32cubeide_1.10.1/stm32cubeide/plugins/com.st.stm32cube.ide.mcu.externaltools.gnu-tools-for-stm32.10.3-2021.10.win32_1.0.0.202111181127/tools/bin/../lib/gcc/arm-none-eabi/10.3.1/thumb/v7e-m/nofp/crtbegin.o
 .text          0x00000000080001e8       0x10 d:/st/stm32cubeide_1.10.1/stm32cubeide/plugins/com.st.stm32cube.ide.mcu.externaltools.gnu-tools-for-stm32.10.3-2021.10.win32_1.0.0.202111181127/tools/bin/../lib/gcc/arm-none-eabi/10.3.1/../../../../arm-none-eabi/lib/thumb/v7e-m/nofp\libc_nano.a(lib_a-strlen.o)
                0x00000000080001e8                strlen
 *(.text*)
 .text.delay    0x00000000080001f8       0x2c ./Src/010i2c_master_tx_testing.o
                0x00000000080001f8                delay
 .text.GPIO_ButtonInit
                0x0000000008000224       0x30 ./Src/010i2c_master_tx_testing.o
                0x0000000008000224                GPIO_ButtonInit
 .text.I2C1_GPIOinits
                0x0000000008000254       0x44 ./Src/010i2c_master_tx_testing.o
                0x0000000008000254                I2C1_GPIOinits
 .text.I2C2_GPIOinits
                0x0000000008000298       0x44 ./Src/010i2c_master_tx_testing.o
                0x0000000008000298                I2C2_GPIOinits
 .text.I2C1_Inits
                0x00000000080002dc       0x38 ./Src/010i2c_master_tx_testing.o
                0x00000000080002dc                I2C1_Inits
 .text.I2C2_Inits
                0x0000000008000314       0x38 ./Src/010i2c_master_tx_testing.o
                0x0000000008000314                I2C2_Inits
 .text.main     0x000000000800034c       0x84 ./Src/010i2c_master_tx_testing.o
                0x000000000800034c                main
 .text.Reset_Handler
                0x00000000080003d0       0x50 ./Startup/startup_stm32f407vgtx.o
                0x00000000080003d0                Reset_Handler
 .text.Default_Handler
                0x0000000008000420        0x2 ./Startup/startup_stm32f407vgtx.o
                0x0000000008000420                RTC_Alarm_IRQHandler
                0x0000000008000420                HASH_RNG_IRQHandler
                0x0000000008000420                EXTI2_IRQHandler
                0x0000000008000420                TIM8_CC_IRQHandler
                0x0000000008000420                DebugMon_Handler
                0x0000000008000420                TIM1_CC_IRQHandler
                0x0000000008000420                DMA2_Stream5_IRQHandler
                0x0000000008000420                HardFault_Handler
                0x0000000008000420                DMA1_Stream5_IRQHandler
                0x0000000008000420                SysTick_Handler
                0x0000000008000420                PVD_IRQHandler
                0x0000000008000420                SDIO_IRQHandler
                0x0000000008000420                TAMP_STAMP_IRQHandler
                0x0000000008000420                PendSV_Handler
                0x0000000008000420                NMI_Handler
                0x0000000008000420                CAN2_RX1_IRQHandler
                0x0000000008000420                EXTI3_IRQHandler
                0x0000000008000420                TIM8_TRG_COM_TIM14_IRQHandler
                0x0000000008000420                TIM1_UP_TIM10_IRQHandler
                0x0000000008000420                TIM8_UP_TIM13_IRQHandler
                0x0000000008000420                I2C3_ER_IRQHandler
                0x0000000008000420                LCD_TFT_IRQHandler
                0x0000000008000420                EXTI0_IRQHandler
                0x0000000008000420                I2C2_EV_IRQHandler
                0x0000000008000420                DMA1_Stream2_IRQHandler
                0x0000000008000420                CAN1_RX0_IRQHandler
                0x0000000008000420                FPU_IRQHandler
                0x0000000008000420                OTG_HS_WKUP_IRQHandler
                0x0000000008000420                UsageFault_Handler
                0x0000000008000420                CAN2_SCE_IRQHandler
                0x0000000008000420                DMA2_Stream2_IRQHandler
                0x0000000008000420                SPI1_IRQHandler
                0x0000000008000420                TIM6_DAC_IRQHandler
                0x0000000008000420                TIM1_BRK_TIM9_IRQHandler
                0x0000000008000420                DCMI_IRQHandler
                0x0000000008000420                CAN2_RX0_IRQHandler
                0x0000000008000420                DMA2_Stream3_IRQHandler
                0x0000000008000420                USART6_IRQHandler
                0x0000000008000420                USART3_IRQHandler
                0x0000000008000420                CRYP_IRQHandler
                0x0000000008000420                CAN1_RX1_IRQHandler
                0x0000000008000420                UART5_IRQHandler
                0x0000000008000420                DMA2_Stream0_IRQHandler
                0x0000000008000420                TIM4_IRQHandler
                0x0000000008000420                I2C1_EV_IRQHandler
                0x0000000008000420                DMA1_Stream6_IRQHandler
                0x0000000008000420                DMA1_Stream1_IRQHandler
                0x0000000008000420                UART4_IRQHandler
                0x0000000008000420                LCD_TFT_1_IRQHandler
                0x0000000008000420                TIM3_IRQHandler
                0x0000000008000420                RCC_IRQHandler
                0x0000000008000420                TIM8_BRK_TIM12_IRQHandler
                0x0000000008000420                Default_Handler
                0x0000000008000420                EXTI15_10_IRQHandler
                0x0000000008000420                ADC_IRQHandler
                0x0000000008000420                DMA1_Stream7_IRQHandler
                0x0000000008000420                TIM7_IRQHandler
                0x0000000008000420                CAN2_TX_IRQHandler
                0x0000000008000420                TIM5_IRQHandler
                0x0000000008000420                DMA2_Stream7_IRQHandler
                0x0000000008000420                I2C3_EV_IRQHandler
                0x0000000008000420                EXTI9_5_IRQHandler
                0x0000000008000420                RTC_WKUP_IRQHandler
                0x0000000008000420                ETH_WKUP_IRQHandler
                0x0000000008000420                SPI2_IRQHandler
                0x0000000008000420                OTG_HS_EP1_IN_IRQHandler
                0x0000000008000420                MemManage_Handler
                0x0000000008000420                DMA1_Stream0_IRQHandler
                0x0000000008000420                CAN1_TX_IRQHandler
                0x0000000008000420                SVC_Handler
                0x0000000008000420                EXTI4_IRQHandler
                0x0000000008000420                FSMC_IRQHandler
                0x0000000008000420                ETH_IRQHandler
                0x0000000008000420                OTG_HS_EP1_OUT_IRQHandler
                0x0000000008000420                WWDG_IRQHandler
                0x0000000008000420                TIM2_IRQHandler
                0x0000000008000420                OTG_FS_WKUP_IRQHandler
                0x0000000008000420                TIM1_TRG_COM_TIM11_IRQHandler
                0x0000000008000420                OTG_HS_IRQHandler
                0x0000000008000420                EXTI1_IRQHandler
                0x0000000008000420                USART2_IRQHandler
                0x0000000008000420                I2C2_ER_IRQHandler
                0x0000000008000420                DMA2_Stream1_IRQHandler
                0x0000000008000420                CAN1_SCE_IRQHandler
                0x0000000008000420                DMA2_Stream4_IRQHandler
                0x0000000008000420                BusFault_Handler
                0x0000000008000420                USART1_IRQHandler
                0x0000000008000420                OTG_FS_IRQHandler
                0x0000000008000420                SPI3_IRQHandler
                0x0000000008000420                DMA1_Stream4_IRQHandler
                0x0000000008000420                I2C1_ER_IRQHandler
                0x0000000008000420                DMA2_Stream6_IRQHandler
                0x0000000008000420                DMA1_Stream3_IRQHandler
 *fill*         0x0000000008000422        0x2 
 .text.GPIO_PeriClockControl
                0x0000000008000424      0x1d0 ./drivers/Src/stm32f407xx_gpio_driver.o
                0x0000000008000424                GPIO_PeriClockControl
 .text.GPIO_Init
                0x00000000080005f4      0x338 ./drivers/Src/stm32f407xx_gpio_driver.o
                0x00000000080005f4                GPIO_Init
 .text.GPIO_ReadFromInputPin
                0x000000000800092c       0x2a ./drivers/Src/stm32f407xx_gpio_driver.o
                0x000000000800092c                GPIO_ReadFromInputPin
 .text.I2C_GenerateStartCondition
                0x0000000008000956       0x1e ./drivers/Src/stm32f407xx_i2c_driver.o
 .text.I2C_ExecuteAddressPhaseWrite
                0x0000000008000974       0x2a ./drivers/Src/stm32f407xx_i2c_driver.o
 .text.I2C_ClearADDRFlag
                0x000000000800099e       0x6e ./drivers/Src/stm32f407xx_i2c_driver.o
 .text.I2C_GenerateStopCondition
                0x0000000008000a0c       0x1e ./drivers/Src/stm32f407xx_i2c_driver.o
 .text.RCC_GetPLLOutputClock
                0x0000000008000a2a        0xe ./drivers/Src/stm32f407xx_i2c_driver.o
                0x0000000008000a2a                RCC_GetPLLOutputClock
 .text.RCC_GetPCLK1Value
                0x0000000008000a38       0xb0 ./drivers/Src/stm32f407xx_i2c_driver.o
                0x0000000008000a38                RCC_GetPCLK1Value
 .text.I2C_PeripheralControl
                0x0000000008000ae8       0x36 ./drivers/Src/stm32f407xx_i2c_driver.o
                0x0000000008000ae8                I2C_PeripheralControl
 *fill*         0x0000000008000b1e        0x2 
 .text.I2C_Init
                0x0000000008000b20      0x14c ./drivers/Src/stm32f407xx_i2c_driver.o
                0x0000000008000b20                I2C_Init
 .text.I2C_GetFlagStatus
                0x0000000008000c6c       0x26 ./drivers/Src/stm32f407xx_i2c_driver.o
                0x0000000008000c6c                I2C_GetFlagStatus
 .text.I2C_MasterSendData
                0x0000000008000c92       0xee ./drivers/Src/stm32f407xx_i2c_driver.o
                0x0000000008000c92                I2C_MasterSendData
 .text.I2C_ManageAcking
                0x0000000008000d80       0x36 ./drivers/Src/stm32f407xx_i2c_driver.o
                0x0000000008000d80                I2C_ManageAcking
 *fill*         0x0000000008000db6        0x2 
 .text.I2C_PeriClockControl
                0x0000000008000db8       0xb0 ./drivers/Src/stm32f407xx_i2c_driver.o
                0x0000000008000db8                I2C_PeriClockControl
 .text.__libc_init_array
                0x0000000008000e68       0x48 d:/st/stm32cubeide_1.10.1/stm32cubeide/plugins/com.st.stm32cube.ide.mcu.externaltools.gnu-tools-for-stm32.10.3-2021.10.win32_1.0.0.202111181127/tools/bin/../lib/gcc/arm-none-eabi/10.3.1/../../../../arm-none-eabi/lib/thumb/v7e-m/nofp\libc_nano.a(lib_a-init.o)
                0x0000000008000e68                __libc_init_array
 *(.glue_7)
 .glue_7        0x0000000008000eb0        0x0 linker stubs
 *(.glue_7t)
 .glue_7t       0x0000000008000eb0        0x0 linker stubs
 *(.eh_frame)
 .eh_frame      0x0000000008000eb0        0x0 d:/st/stm32cubeide_1.10.1/stm32cubeide/plugins/com.st.stm32cube.ide.mcu.externaltools.gnu-tools-for-stm32.10.3-2021.10.win32_1.0.0.202111181127/tools/bin/../lib/gcc/arm-none-eabi/10.3.1/thumb/v7e-m/nofp/crtbegin.o
 *(.init)
 .init          0x0000000008000eb0        0x4 d:/st/stm32cubeide_1.10.1/stm32cubeide/plugins/com.st.stm32cube.ide.mcu.externaltools.gnu-tools-for-stm32.10.3-2021.10.win32_1.0.0.202111181127/tools/bin/../lib/gcc/arm-none-eabi/10.3.1/thumb/v7e-m/nofp/crti.o
                0x0000000008000eb0                _init
 .init          0x0000000008000eb4        0x8 d:/st/stm32cubeide_1.10.1/stm32cubeide/plugins/com.st.stm32cube.ide.mcu.externaltools.gnu-tools-for-stm32.10.3-2021.10.win32_1.0.0.202111181127/tools/bin/../lib/gcc/arm-none-eabi/10.3.1/thumb/v7e-m/nofp/crtn.o
 *(.fini)
 .fini          0x0000000008000ebc        0x4 d:/st/stm32cubeide_1.10.1/stm32cubeide/plugins/com.st.stm32cube.ide.mcu.externaltools.gnu-tools-for-stm32.10.3-2021.10.win32_1.0.0.202111181127/tools/bin/../lib/gcc/arm-none-eabi/10.3.1/thumb/v7e-m/nofp/crti.o
                0x0000000008000ebc                _fini
 .fini          0x0000000008000ec0        0x8 d:/st/stm32cubeide_1.10.1/stm32cubeide/plugins/com.st.stm32cube.ide.mcu.externaltools.gnu-tools-for-stm32.10.3-2021.10.win32_1.0.0.202111181127/tools/bin/../lib/gcc/arm-none-eabi/10.3.1/thumb/v7e-m/nofp/crtn.o
                0x0000000008000ec8                . = ALIGN (0x4)
                0x0000000008000ec8                _etext = .

.vfp11_veneer   0x0000000008000ec8        0x0
 .vfp11_veneer  0x0000000008000ec8        0x0 linker stubs

.v4_bx          0x0000000008000ec8        0x0
 .v4_bx         0x0000000008000ec8        0x0 linker stubs

.iplt           0x0000000008000ec8        0x0
 .iplt          0x0000000008000ec8        0x0 d:/st/stm32cubeide_1.10.1/stm32cubeide/plugins/com.st.stm32cube.ide.mcu.externaltools.gnu-tools-for-stm32.10.3-2021.10.win32_1.0.0.202111181127/tools/bin/../lib/gcc/arm-none-eabi/10.3.1/thumb/v7e-m/nofp/crtbegin.o

.rel.dyn        0x0000000008000ec8        0x0
 .rel.iplt      0x0000000008000ec8        0x0 d:/st/stm32cubeide_1.10.1/stm32cubeide/plugins/com.st.stm32cube.ide.mcu.externaltools.gnu-tools-for-stm32.10.3-2021.10.win32_1.0.0.202111181127/tools/bin/../lib/gcc/arm-none-eabi/10.3.1/thumb/v7e-m/nofp/crtbegin.o

.rodata         0x0000000008000ec8        0x0
                0x0000000008000ec8                . = ALIGN (0x4)
 *(.rodata)
 *(.rodata*)
                0x0000000008000ec8                . = ALIGN (0x4)

.ARM.extab      0x0000000008000ec8        0x0
                0x0000000008000ec8                . = ALIGN (0x4)
 *(.ARM.extab* .gnu.linkonce.armextab.*)
                0x0000000008000ec8                . = ALIGN (0x4)

.ARM            0x0000000008000ec8        0x0
                0x0000000008000ec8                . = ALIGN (0x4)
                0x0000000008000ec8                __exidx_start = .
 *(.ARM.exidx*)
                0x0000000008000ec8                __exidx_end = .
                0x0000000008000ec8                . = ALIGN (0x4)

.preinit_array  0x0000000008000ec8        0x0
                0x0000000008000ec8                . = ALIGN (0x4)
                0x0000000008000ec8                PROVIDE (__preinit_array_start = .)
 *(.preinit_array*)
                0x0000000008000ec8                PROVIDE (__preinit_array_end = .)
                0x0000000008000ec8                . = ALIGN (0x4)

.init_array     0x0000000008000ec8        0x4
                0x0000000008000ec8                . = ALIGN (0x4)
                0x0000000008000ec8                PROVIDE (__init_array_start = .)
 *(SORT_BY_NAME(.init_array.*))
 *(.init_array*)
 .init_array    0x0000000008000ec8        0x4 d:/st/stm32cubeide_1.10.1/stm32cubeide/plugins/com.st.stm32cube.ide.mcu.externaltools.gnu-tools-for-stm32.10.3-2021.10.win32_1.0.0.202111181127/tools/bin/../lib/gcc/arm-none-eabi/10.3.1/thumb/v7e-m/nofp/crtbegin.o
                0x0000000008000ecc                PROVIDE (__init_array_end = .)
                0x0000000008000ecc                . = ALIGN (0x4)

.fini_array     0x0000000008000ecc        0x4
                0x0000000008000ecc                . = ALIGN (0x4)
                [!provide]                        PROVIDE (__fini_array_start = .)
 *(SORT_BY_NAME(.fini_array.*))
 *(.fini_array*)
 .fini_array    0x0000000008000ecc        0x4 d:/st/stm32cubeide_1.10.1/stm32cubeide/plugins/com.st.stm32cube.ide.mcu.externaltools.gnu-tools-for-stm32.10.3-2021.10.win32_1.0.0.202111181127/tools/bin/../lib/gcc/arm-none-eabi/10.3.1/thumb/v7e-m/nofp/crtbegin.o
                [!provide]                        PROVIDE (__fini_array_end = .)
                0x0000000008000ed0                . = ALIGN (0x4)
                0x0000000008000ed0                _sidata = LOADADDR (.data)

.data           0x0000000020000000       0x24 load address 0x0000000008000ed0
                0x0000000020000000                . = ALIGN (0x4)
                0x0000000020000000                _sdata = .
 *(.data)
 *(.data*)
 .data.some_data
                0x0000000020000000        0xd ./Src/010i2c_master_tx_testing.o
                0x0000000020000000                some_data
 *fill*         0x000000002000000d        0x3 
 .data.AHB_PreScaler
                0x0000000020000010       0x10 ./drivers/Src/stm32f407xx_i2c_driver.o
                0x0000000020000010                AHB_PreScaler
 .data.APB1_PreScaler
                0x0000000020000020        0x4 ./drivers/Src/stm32f407xx_i2c_driver.o
                0x0000000020000020                APB1_PreScaler
 *(.RamFunc)
 *(.RamFunc*)
                0x0000000020000024                . = ALIGN (0x4)
                0x0000000020000024                _edata = .
                0x0000000008000ef4                _siccmram = LOADADDR (.ccmram)

.igot.plt       0x0000000020000024        0x0 load address 0x0000000008000ef4
 .igot.plt      0x0000000020000024        0x0 d:/st/stm32cubeide_1.10.1/stm32cubeide/plugins/com.st.stm32cube.ide.mcu.externaltools.gnu-tools-for-stm32.10.3-2021.10.win32_1.0.0.202111181127/tools/bin/../lib/gcc/arm-none-eabi/10.3.1/thumb/v7e-m/nofp/crtbegin.o

.ccmram         0x0000000010000000        0x0 load address 0x0000000008000ef4
                0x0000000010000000                . = ALIGN (0x4)
                0x0000000010000000                _sccmram = .
 *(.ccmram)
 *(.ccmram*)
                0x0000000010000000                . = ALIGN (0x4)
                0x0000000010000000                _eccmram = .
                0x0000000010000000                . = ALIGN (0x4)

.bss            0x0000000020000024       0x6c
                0x0000000020000024                _sbss = .
                0x0000000020000024                __bss_start__ = _sbss
 *(.bss)
 .bss           0x0000000020000024       0x1c d:/st/stm32cubeide_1.10.1/stm32cubeide/plugins/com.st.stm32cube.ide.mcu.externaltools.gnu-tools-for-stm32.10.3-2021.10.win32_1.0.0.202111181127/tools/bin/../lib/gcc/arm-none-eabi/10.3.1/thumb/v7e-m/nofp/crtbegin.o
 *(.bss*)
 .bss.I2C1Handle
                0x0000000020000040       0x28 ./Src/010i2c_master_tx_testing.o
                0x0000000020000040                I2C1Handle
 .bss.I2C2Handle
                0x0000000020000068       0x28 ./Src/010i2c_master_tx_testing.o
                0x0000000020000068                I2C2Handle
 *(COMMON)
                0x0000000020000090                . = ALIGN (0x4)
                0x0000000020000090                _ebss = .
                0x0000000020000090                __bss_end__ = _ebss

._user_heap_stack
                0x0000000020000090      0x600
                0x0000000020000090                . = ALIGN (0x8)
                [!provide]                        PROVIDE (end = .)
                0x0000000020000090                PROVIDE (_end = .)
                0x0000000020000290                . = (. + _Min_Heap_Size)
 *fill*         0x0000000020000090      0x200 
                0x0000000020000690                . = (. + _Min_Stack_Size)
 *fill*         0x0000000020000290      0x400 
                0x0000000020000690                . = ALIGN (0x8)

/DISCARD/
 libc.a(*)
 libm.a(*)
 libgcc.a(*)

.ARM.attributes
                0x0000000000000000       0x2a
 *(.ARM.attributes)
 .ARM.attributes
                0x0000000000000000       0x1e d:/st/stm32cubeide_1.10.1/stm32cubeide/plugins/com.st.stm32cube.ide.mcu.externaltools.gnu-tools-for-stm32.10.3-2021.10.win32_1.0.0.202111181127/tools/bin/../lib/gcc/arm-none-eabi/10.3.1/thumb/v7e-m/nofp/crti.o
 .ARM.attributes
                0x000000000000001e       0x2e d:/st/stm32cubeide_1.10.1/stm32cubeide/plugins/com.st.stm32cube.ide.mcu.externaltools.gnu-tools-for-stm32.10.3-2021.10.win32_1.0.0.202111181127/tools/bin/../lib/gcc/arm-none-eabi/10.3.1/thumb/v7e-m/nofp/crtbegin.o
 .ARM.attributes
                0x000000000000004c       0x2e ./Src/010i2c_master_tx_testing.o
 .ARM.attributes
                0x000000000000007a       0x21 ./Startup/startup_stm32f407vgtx.o
 .ARM.attributes
                0x000000000000009b       0x2e ./drivers/Src/stm32f407xx_gpio_driver.o
 .ARM.attributes
                0x00000000000000c9       0x2e ./drivers/Src/stm32f407xx_i2c_driver.o
 .ARM.attributes
                0x00000000000000f7       0x2e d:/st/stm32cubeide_1.10.1/stm32cubeide/plugins/com.st.stm32cube.ide.mcu.externaltools.gnu-tools-for-stm32.10.3-2021.10.win32_1.0.0.202111181127/tools/bin/../lib/gcc/arm-none-eabi/10.3.1/../../../../arm-none-eabi/lib/thumb/v7e-m/nofp\libc_nano.a(lib_a-init.o)
 .ARM.attributes
                0x0000000000000125       0x17 d:/st/stm32cubeide_1.10.1/stm32cubeide/plugins/com.st.stm32cube.ide.mcu.externaltools.gnu-tools-for-stm32.10.3-2021.10.win32_1.0.0.202111181127/tools/bin/../lib/gcc/arm-none-eabi/10.3.1/../../../../arm-none-eabi/lib/thumb/v7e-m/nofp\libc_nano.a(lib_a-strlen.o)
 .ARM.attributes
                0x000000000000013c       0x1e d:/st/stm32cubeide_1.10.1/stm32cubeide/plugins/com.st.stm32cube.ide.mcu.externaltools.gnu-tools-for-stm32.10.3-2021.10.win32_1.0.0.202111181127/tools/bin/../lib/gcc/arm-none-eabi/10.3.1/thumb/v7e-m/nofp/crtn.o
OUTPUT(stm32f4xx_driver.elf elf32-littlearm)
LOAD linker stubs
LOAD d:/st/stm32cubeide_1.10.1/stm32cubeide/plugins/com.st.stm32cube.ide.mcu.externaltools.gnu-tools-for-stm32.10.3-2021.10.win32_1.0.0.202111181127/tools/bin/../lib/gcc/arm-none-eabi/10.3.1/../../../../arm-none-eabi/lib/thumb/v7e-m/nofp\libc.a
LOAD d:/st/stm32cubeide_1.10.1/stm32cubeide/plugins/com.st.stm32cube.ide.mcu.externaltools.gnu-tools-for-stm32.10.3-2021.10.win32_1.0.0.202111181127/tools/bin/../lib/gcc/arm-none-eabi/10.3.1/../../../../arm-none-eabi/lib/thumb/v7e-m/nofp\libm.a
LOAD d:/st/stm32cubeide_1.10.1/stm32cubeide/plugins/com.st.stm32cube.ide.mcu.externaltools.gnu-tools-for-stm32.10.3-2021.10.win32_1.0.0.202111181127/tools/bin/../lib/gcc/arm-none-eabi/10.3.1/thumb/v7e-m/nofp\libgcc.a

.debug_info     0x0000000000000000     0x189b
 .debug_info    0x0000000000000000      0x576 ./Src/010i2c_master_tx_testing.o
 .debug_info    0x0000000000000576       0x22 ./Startup/startup_stm32f407vgtx.o
 .debug_info    0x0000000000000598      0x7d7 ./drivers/Src/stm32f407xx_gpio_driver.o
 .debug_info    0x0000000000000d6f      0xb2c ./drivers/Src/stm32f407xx_i2c_driver.o

.debug_abbrev   0x0000000000000000      0x559
 .debug_abbrev  0x0000000000000000      0x173 ./Src/010i2c_master_tx_testing.o
 .debug_abbrev  0x0000000000000173       0x12 ./Startup/startup_stm32f407vgtx.o
 .debug_abbrev  0x0000000000000185      0x135 ./drivers/Src/stm32f407xx_gpio_driver.o
 .debug_abbrev  0x00000000000002ba      0x29f ./drivers/Src/stm32f407xx_i2c_driver.o

.debug_aranges  0x0000000000000000      0x1c0
 .debug_aranges
                0x0000000000000000       0x50 ./Src/010i2c_master_tx_testing.o
 .debug_aranges
                0x0000000000000050       0x28 ./Startup/startup_stm32f407vgtx.o
 .debug_aranges
                0x0000000000000078       0x70 ./drivers/Src/stm32f407xx_gpio_driver.o
 .debug_aranges
                0x00000000000000e8       0xd8 ./drivers/Src/stm32f407xx_i2c_driver.o

.debug_ranges   0x0000000000000000      0x188
 .debug_ranges  0x0000000000000000       0x40 ./Src/010i2c_master_tx_testing.o
 .debug_ranges  0x0000000000000040       0x20 ./Startup/startup_stm32f407vgtx.o
 .debug_ranges  0x0000000000000060       0x60 ./drivers/Src/stm32f407xx_gpio_driver.o
 .debug_ranges  0x00000000000000c0       0xc8 ./drivers/Src/stm32f407xx_i2c_driver.o

.debug_macro    0x0000000000000000     0x2dbd
 .debug_macro   0x0000000000000000      0x23a ./Src/010i2c_master_tx_testing.o
 .debug_macro   0x000000000000023a      0xa78 ./Src/010i2c_master_tx_testing.o
 .debug_macro   0x0000000000000cb2       0x22 ./Src/010i2c_master_tx_testing.o
 .debug_macro   0x0000000000000cd4       0x4c ./Src/010i2c_master_tx_testing.o
 .debug_macro   0x0000000000000d20       0x18 ./Src/010i2c_master_tx_testing.o
 .debug_macro   0x0000000000000d38       0x94 ./Src/010i2c_master_tx_testing.o
 .debug_macro   0x0000000000000dcc       0x3c ./Src/010i2c_master_tx_testing.o
 .debug_macro   0x0000000000000e08       0x34 ./Src/010i2c_master_tx_testing.o
 .debug_macro   0x0000000000000e3c       0x16 ./Src/010i2c_master_tx_testing.o
 .debug_macro   0x0000000000000e52       0x57 ./Src/010i2c_master_tx_testing.o
 .debug_macro   0x0000000000000ea9       0x97 ./Src/010i2c_master_tx_testing.o
 .debug_macro   0x0000000000000f40      0x341 ./Src/010i2c_master_tx_testing.o
 .debug_macro   0x0000000000001281       0xfd ./Src/010i2c_master_tx_testing.o
 .debug_macro   0x000000000000137e       0x10 ./Src/010i2c_master_tx_testing.o
 .debug_macro   0x000000000000138e       0x16 ./Src/010i2c_master_tx_testing.o
 .debug_macro   0x00000000000013a4       0x43 ./Src/010i2c_master_tx_testing.o
 .debug_macro   0x00000000000013e7       0x34 ./Src/010i2c_master_tx_testing.o
 .debug_macro   0x000000000000141b       0x10 ./Src/010i2c_master_tx_testing.o
 .debug_macro   0x000000000000142b       0x58 ./Src/010i2c_master_tx_testing.o
 .debug_macro   0x0000000000001483       0x71 ./Src/010i2c_master_tx_testing.o
 .debug_macro   0x00000000000014f4       0x1c ./Src/010i2c_master_tx_testing.o
 .debug_macro   0x0000000000001510      0x12a ./Src/010i2c_master_tx_testing.o
 .debug_macro   0x000000000000163a       0x10 ./Src/010i2c_master_tx_testing.o
 .debug_macro   0x000000000000164a       0x6a ./Src/010i2c_master_tx_testing.o
 .debug_macro   0x00000000000016b4       0x1c ./Src/010i2c_master_tx_testing.o
 .debug_macro   0x00000000000016d0       0x52 ./Src/010i2c_master_tx_testing.o
 .debug_macro   0x0000000000001722       0x22 ./Src/010i2c_master_tx_testing.o
 .debug_macro   0x0000000000001744       0x10 ./Src/010i2c_master_tx_testing.o
 .debug_macro   0x0000000000001754       0x52 ./Src/010i2c_master_tx_testing.o
 .debug_macro   0x00000000000017a6       0xd5 ./Src/010i2c_master_tx_testing.o
 .debug_macro   0x000000000000187b       0x1c ./Src/010i2c_master_tx_testing.o
 .debug_macro   0x0000000000001897       0x3d ./Src/010i2c_master_tx_testing.o
 .debug_macro   0x00000000000018d4       0x16 ./Src/010i2c_master_tx_testing.o
 .debug_macro   0x00000000000018ea      0x145 ./Src/010i2c_master_tx_testing.o
 .debug_macro   0x0000000000001a2f       0x16 ./Src/010i2c_master_tx_testing.o
 .debug_macro   0x0000000000001a45       0x35 ./Src/010i2c_master_tx_testing.o
 .debug_macro   0x0000000000001a7a       0x20 ./Src/010i2c_master_tx_testing.o
 .debug_macro   0x0000000000001a9a      0x103 ./Src/010i2c_master_tx_testing.o
 .debug_macro   0x0000000000001b9d      0x1df ./Src/010i2c_master_tx_testing.o
 .debug_macro   0x0000000000001d7c      0x6f9 ./Src/010i2c_master_tx_testing.o
 .debug_macro   0x0000000000002475       0xe4 ./Src/010i2c_master_tx_testing.o
 .debug_macro   0x0000000000002559       0xc4 ./Src/010i2c_master_tx_testing.o
 .debug_macro   0x000000000000261d       0xd0 ./Src/010i2c_master_tx_testing.o
 .debug_macro   0x00000000000026ed      0x20f ./drivers/Src/stm32f407xx_gpio_driver.o
 .debug_macro   0x00000000000028fc       0x8e ./drivers/Src/stm32f407xx_gpio_driver.o
 .debug_macro   0x000000000000298a       0x51 ./drivers/Src/stm32f407xx_gpio_driver.o
 .debug_macro   0x00000000000029db       0x52 ./drivers/Src/stm32f407xx_gpio_driver.o
 .debug_macro   0x0000000000002a2d       0xbe ./drivers/Src/stm32f407xx_gpio_driver.o
 .debug_macro   0x0000000000002aeb      0x208 ./drivers/Src/stm32f407xx_i2c_driver.o
 .debug_macro   0x0000000000002cf3       0xca ./drivers/Src/stm32f407xx_i2c_driver.o

.debug_line     0x0000000000000000     0x221c
 .debug_line    0x0000000000000000      0x766 ./Src/010i2c_master_tx_testing.o
 .debug_line    0x0000000000000766       0x84 ./Startup/startup_stm32f407vgtx.o
 .debug_line    0x00000000000007ea      0xb8e ./drivers/Src/stm32f407xx_gpio_driver.o
 .debug_line    0x0000000000001378      0xea4 ./drivers/Src/stm32f407xx_i2c_driver.o

.debug_str      0x0000000000000000     0xa8dc
 .debug_str     0x0000000000000000     0xa367 ./Src/010i2c_master_tx_testing.o
                                       0xa57d (size before relaxing)
 .debug_str     0x000000000000a367       0x31 ./Startup/startup_stm32f407vgtx.o
                                         0x54 (size before relaxing)
 .debug_str     0x000000000000a398      0x2a5 ./drivers/Src/stm32f407xx_gpio_driver.o
                                       0xa5e7 (size before relaxing)
 .debug_str     0x000000000000a63d      0x29f ./drivers/Src/stm32f407xx_i2c_driver.o
                                       0xa759 (size before relaxing)

.comment        0x0000000000000000       0x50
 .comment       0x0000000000000000       0x50 ./Src/010i2c_master_tx_testing.o
                                         0x51 (size before relaxing)
 .comment       0x0000000000000050       0x51 ./drivers/Src/stm32f407xx_gpio_driver.o
 .comment       0x0000000000000050       0x51 ./drivers/Src/stm32f407xx_i2c_driver.o

.debug_frame    0x0000000000000000      0x694
 .debug_frame   0x0000000000000000       0xfc ./Src/010i2c_master_tx_testing.o
 .debug_frame   0x00000000000000fc      0x1c8 ./drivers/Src/stm32f407xx_gpio_driver.o
 .debug_frame   0x00000000000002c4      0x3a4 ./drivers/Src/stm32f407xx_i2c_driver.o
 .debug_frame   0x0000000000000668       0x2c d:/st/stm32cubeide_1.10.1/stm32cubeide/plugins/com.st.stm32cube.ide.mcu.externaltools.gnu-tools-for-stm32.10.3-2021.10.win32_1.0.0.202111181127/tools/bin/../lib/gcc/arm-none-eabi/10.3.1/../../../../arm-none-eabi/lib/thumb/v7e-m/nofp\libc_nano.a(lib_a-init.o)
