Archive member included to satisfy reference by file (symbol)

d:/st/stm32cubeide_1.10.1/stm32cubeide/plugins/com.st.stm32cube.ide.mcu.externaltools.gnu-tools-for-stm32.10.3-2021.10.win32_1.0.0.202111181127/tools/bin/../lib/gcc/arm-none-eabi/10.3.1/../../../../arm-none-eabi/lib/thumb/v7e-m/nofp\libc_nano.a(lib_a-errno.o)
                              ./Src/syscalls.o (__errno)
d:/st/stm32cubeide_1.10.1/stm32cubeide/plugins/com.st.stm32cube.ide.mcu.externaltools.gnu-tools-for-stm32.10.3-2021.10.win32_1.0.0.202111181127/tools/bin/../lib/gcc/arm-none-eabi/10.3.1/../../../../arm-none-eabi/lib/thumb/v7e-m/nofp\libc_nano.a(lib_a-exit.o)
                              d:/st/stm32cubeide_1.10.1/stm32cubeide/plugins/com.st.stm32cube.ide.mcu.externaltools.gnu-tools-for-stm32.10.3-2021.10.win32_1.0.0.202111181127/tools/bin/../lib/gcc/arm-none-eabi/10.3.1/../../../../arm-none-eabi/lib/thumb/v7e-m/nofp/crt0.o (exit)
d:/st/stm32cubeide_1.10.1/stm32cubeide/plugins/com.st.stm32cube.ide.mcu.externaltools.gnu-tools-for-stm32.10.3-2021.10.win32_1.0.0.202111181127/tools/bin/../lib/gcc/arm-none-eabi/10.3.1/../../../../arm-none-eabi/lib/thumb/v7e-m/nofp\libc_nano.a(lib_a-impure.o)
                              d:/st/stm32cubeide_1.10.1/stm32cubeide/plugins/com.st.stm32cube.ide.mcu.externaltools.gnu-tools-for-stm32.10.3-2021.10.win32_1.0.0.202111181127/tools/bin/../lib/gcc/arm-none-eabi/10.3.1/../../../../arm-none-eabi/lib/thumb/v7e-m/nofp\libc_nano.a(lib_a-exit.o) (_global_impure_ptr)
d:/st/stm32cubeide_1.10.1/stm32cubeide/plugins/com.st.stm32cube.ide.mcu.externaltools.gnu-tools-for-stm32.10.3-2021.10.win32_1.0.0.202111181127/tools/bin/../lib/gcc/arm-none-eabi/10.3.1/../../../../arm-none-eabi/lib/thumb/v7e-m/nofp\libc_nano.a(lib_a-init.o)
                              d:/st/stm32cubeide_1.10.1/stm32cubeide/plugins/com.st.stm32cube.ide.mcu.externaltools.gnu-tools-for-stm32.10.3-2021.10.win32_1.0.0.202111181127/tools/bin/../lib/gcc/arm-none-eabi/10.3.1/../../../../arm-none-eabi/lib/thumb/v7e-m/nofp/crt0.o (__libc_init_array)
d:/st/stm32cubeide_1.10.1/stm32cubeide/plugins/com.st.stm32cube.ide.mcu.externaltools.gnu-tools-for-stm32.10.3-2021.10.win32_1.0.0.202111181127/tools/bin/../lib/gcc/arm-none-eabi/10.3.1/../../../../arm-none-eabi/lib/thumb/v7e-m/nofp\libc_nano.a(lib_a-memset.o)
                              d:/st/stm32cubeide_1.10.1/stm32cubeide/plugins/com.st.stm32cube.ide.mcu.externaltools.gnu-tools-for-stm32.10.3-2021.10.win32_1.0.0.202111181127/tools/bin/../lib/gcc/arm-none-eabi/10.3.1/../../../../arm-none-eabi/lib/thumb/v7e-m/nofp/crt0.o (memset)
d:/st/stm32cubeide_1.10.1/stm32cubeide/plugins/com.st.stm32cube.ide.mcu.externaltools.gnu-tools-for-stm32.10.3-2021.10.win32_1.0.0.202111181127/tools/bin/../lib/gcc/arm-none-eabi/10.3.1/../../../../arm-none-eabi/lib/thumb/v7e-m/nofp\libc_nano.a(lib_a-printf.o)
                              ./Src/009spi_interrupt.o (printf)
d:/st/stm32cubeide_1.10.1/stm32cubeide/plugins/com.st.stm32cube.ide.mcu.externaltools.gnu-tools-for-stm32.10.3-2021.10.win32_1.0.0.202111181127/tools/bin/../lib/gcc/arm-none-eabi/10.3.1/../../../../arm-none-eabi/lib/thumb/v7e-m/nofp\libc_nano.a(lib_a-puts.o)
                              ./Src/009spi_interrupt.o (puts)
d:/st/stm32cubeide_1.10.1/stm32cubeide/plugins/com.st.stm32cube.ide.mcu.externaltools.gnu-tools-for-stm32.10.3-2021.10.win32_1.0.0.202111181127/tools/bin/../lib/gcc/arm-none-eabi/10.3.1/../../../../arm-none-eabi/lib/thumb/v7e-m/nofp\libc_nano.a(lib_a-wbuf.o)
                              d:/st/stm32cubeide_1.10.1/stm32cubeide/plugins/com.st.stm32cube.ide.mcu.externaltools.gnu-tools-for-stm32.10.3-2021.10.win32_1.0.0.202111181127/tools/bin/../lib/gcc/arm-none-eabi/10.3.1/../../../../arm-none-eabi/lib/thumb/v7e-m/nofp\libc_nano.a(lib_a-puts.o) (__swbuf_r)
d:/st/stm32cubeide_1.10.1/stm32cubeide/plugins/com.st.stm32cube.ide.mcu.externaltools.gnu-tools-for-stm32.10.3-2021.10.win32_1.0.0.202111181127/tools/bin/../lib/gcc/arm-none-eabi/10.3.1/../../../../arm-none-eabi/lib/thumb/v7e-m/nofp\libc_nano.a(lib_a-wsetup.o)
                              d:/st/stm32cubeide_1.10.1/stm32cubeide/plugins/com.st.stm32cube.ide.mcu.externaltools.gnu-tools-for-stm32.10.3-2021.10.win32_1.0.0.202111181127/tools/bin/../lib/gcc/arm-none-eabi/10.3.1/../../../../arm-none-eabi/lib/thumb/v7e-m/nofp\libc_nano.a(lib_a-puts.o) (__swsetup_r)
d:/st/stm32cubeide_1.10.1/stm32cubeide/plugins/com.st.stm32cube.ide.mcu.externaltools.gnu-tools-for-stm32.10.3-2021.10.win32_1.0.0.202111181127/tools/bin/../lib/gcc/arm-none-eabi/10.3.1/../../../../arm-none-eabi/lib/thumb/v7e-m/nofp\libc_nano.a(lib_a-fflush.o)
                              d:/st/stm32cubeide_1.10.1/stm32cubeide/plugins/com.st.stm32cube.ide.mcu.externaltools.gnu-tools-for-stm32.10.3-2021.10.win32_1.0.0.202111181127/tools/bin/../lib/gcc/arm-none-eabi/10.3.1/../../../../arm-none-eabi/lib/thumb/v7e-m/nofp\libc_nano.a(lib_a-wbuf.o) (_fflush_r)
[...]
Memory Configuration

Name             Origin             Length             Attributes
CCMRAM           0x0000000010000000 0x0000000000010000 xrw
RAM              0x0000000020000000 0x0000000000020000 xrw
FLASH            0x0000000008000000 0x0000000000100000 xr
*default*        0x0000000000000000 0xffffffffffffffff

Linker script and memory map

LOAD d:/st/stm32cubeide_1.10.1/stm32cubeide/plugins/com.st.stm32cube.ide.mcu.externaltools.gnu-tools-for-stm32.10.3-2021.10.win32_1.0.0.202111181127/tools/bin/../lib/gcc/arm-none-eabi/10.3.1/thumb/v7e-m/nofp/crti.o
LOAD d:/st/stm32cubeide_1.10.1/stm32cubeide/plugins/com.st.stm32cube.ide.mcu.externaltools.gnu-tools-for-stm32.10.3-2021.10.win32_1.0.0.202111181127/tools/bin/../lib/gcc/arm-none-eabi/10.3.1/thumb/v7e-m/nofp/crtbegin.o
LOAD d:/st/stm32cubeide_1.10.1/stm32cubeide/plugins/com.st.stm32cube.ide.mcu.externaltools.gnu-tools-for-stm32.10.3-2021.10.win32_1.0.0.202111181127/tools/bin/../lib/gcc/arm-none-eabi/10.3.1/../../../../arm-none-eabi/lib/thumb/v7e-m/nofp/crt0.o
LOAD ./Src/009spi_interrupt.o
LOAD ./Src/syscalls.o
LOAD ./Src/sysmem.o
LOAD ./Startup/startup_stm32f407vgtx.o
LOAD ./drivers/Src/stm32f407xx_gpio_driver.o
LOAD ./drivers/Src/stm32f407xx_spi_driver.o
START GROUP
LOAD d:/st/stm32cubeide_1.10.1/stm32cubeide/plugins/com.st.stm32cube.ide.mcu.externaltools.gnu-tools-for-stm32.10.3-2021.10.win32_1.0.0.202111181127/tools/bin/../lib/gcc/arm-none-eabi/10.3.1/../../../../arm-none-eabi/lib/thumb/v7e-m/nofp\libc_nano.a
LOAD d:/st/stm32cubeide_1.10.1/stm32cubeide/plugins/com.st.stm32cube.ide.mcu.externaltools.gnu-tools-for-stm32.10.3-2021.10.win32_1.0.0.202111181127/tools/bin/../lib/gcc/arm-none-eabi/10.3.1/../../../../arm-none-eabi/lib/thumb/v7e-m/nofp\libm.a
END GROUP
START GROUP
LOAD d:/st/stm32cubeide_1.10.1/stm32cubeide/plugins/com.st.stm32cube.ide.mcu.externaltools.gnu-tools-for-stm32.10.3-2021.10.win32_1.0.0.202111181127/tools/bin/../lib/gcc/arm-none-eabi/10.3.1/thumb/v7e-m/nofp\libgcc.a
LOAD d:/st/stm32cubeide_1.10.1/stm32cubeide/plugins/com.st.stm32cube.ide.mcu.externaltools.gnu-tools-for-stm32.10.3-2021.10.win32_1.0.0.202111181127/tools/bin/../lib/gcc/arm-none-eabi/10.3.1/../../../../arm-none-eabi/lib/thumb/v7e-m/nofp\libc_nano.a
END GROUP
START GROUP
LOAD d:/st/stm32cubeide_1.10.1/stm32cubeide/plugins/com.st.stm32cube.ide.mcu.externaltools.gnu-tools-for-stm32.10.3-2021.10.win32_1.0.0.202111181127/tools/bin/../lib/gcc/arm-none-eabi/10.3.1/thumb/v7e-m/nofp\libgcc.a
LOAD d:/st/stm32cubeide_1.10.1/stm32cubeide/plugins/com.st.stm32cube.ide.mcu.externaltools.gnu-tools-for-stm32.10.3-2021.10.win32_1.0.0.202111181127/tools/bin/../lib/gcc/arm-none-eabi/10.3.1/../../../../arm-none-eabi/lib/thumb/v7e-m/nofp\libc_nano.a
LOAD d:/st/stm32cubeide_1.10.1/stm32cubeide/plugins/com.st.stm32cube.ide.mcu.externaltools.gnu-tools-for-stm32.10.3-2021.10.win32_1.0.0.202111181127/tools/bin/../lib/gcc/arm-none-eabi/10.3.1/../../../../arm-none-eabi/lib/thumb/v7e-m/nofp\libnosys.a
END GROUP
START GROUP
LOAD d:/st/stm32cubeide_1.10.1/stm32cubeide/plugins/com.st.stm32cube.ide.mcu.externaltools.gnu-tools-for-stm32.10.3-2021.10.win32_1.0.0.202111181127/tools/bin/../lib/gcc/arm-none-eabi/10.3.1/thumb/v7e-m/nofp\libgcc.a
LOAD d:/st/stm32cubeide_1.10.1/stm32cubeide/plugins/com.st.stm32cube.ide.mcu.externaltools.gnu-tools-for-stm32.10.3-2021.10.win32_1.0.0.202111181127/tools/bin/../lib/gcc/arm-none-eabi/10.3.1/../../../../arm-none-eabi/lib/thumb/v7e-m/nofp\libc_nano.a
LOAD d:/st/stm32cubeide_1.10.1/stm32cubeide/plugins/com.st.stm32cube.ide.mcu.externaltools.gnu-tools-for-stm32.10.3-2021.10.win32_1.0.0.202111181127/tools/bin/../lib/gcc/arm-none-eabi/10.3.1/../../../../arm-none-eabi/lib/thumb/v7e-m/nofp\libnosys.a
END GROUP
LOAD d:/st/stm32cubeide_1.10.1/stm32cubeide/plugins/com.st.stm32cube.ide.mcu.externaltools.gnu-tools-for-stm32.10.3-2021.10.win32_1.0.0.202111181127/tools/bin/../lib/gcc/arm-none-eabi/10.3.1/thumb/v7e-m/nofp/crtend.o
LOAD d:/st/stm32cubeide_1.10.1/stm32cubeide/plugins/com.st.stm32cube.ide.mcu.externaltools.gnu-tools-for-stm32.10.3-2021.10.win32_1.0.0.202111181127/tools/bin/../lib/gcc/arm-none-eabi/10.3.1/thumb/v7e-m/nofp/crtn.o
                0x0000000020020000                _estack = (ORIGIN (RAM) + LENGTH (RAM))
                0x0000000000000200                _Min_Heap_Size = 0x200
                0x0000000000000400                _Min_Stack_Size = 0x400

.isr_vector     0x0000000008000000      0x1a8
                0x0000000008000000                . = ALIGN (0x4)
 *(.isr_vector)
 .isr_vector    0x0000000008000000      0x1a8 ./Startup/startup_stm32f407vgtx.o
                0x0000000008000000                g_pfnVectors
                0x00000000080001a8                . = ALIGN (0x4)

.text           0x00000000080001b0     0x238c
                0x00000000080001b0                . = ALIGN (0x4)
 *(.text)
 .text          0x00000000080001b0       0x40 d:/st/stm32cubeide_1.10.1/stm32cubeide/plugins/com.st.stm32cube.ide.mcu.externaltools.gnu-tools-for-stm32.10.3-2021.10.win32_1.0.0.202111181127/tools/bin/../lib/gcc/arm-none-eabi/10.3.1/thumb/v7e-m/nofp/crtbegin.o
 .text          0x00000000080001f0       0xa0 d:/st/stm32cubeide_1.10.1/stm32cubeide/plugins/com.st.stm32cube.ide.mcu.externaltools.gnu-tools-for-stm32.10.3-2021.10.win32_1.0.0.202111181127/tools/bin/../lib/gcc/arm-none-eabi/10.3.1/../../../../arm-none-eabi/lib/thumb/v7e-m/nofp\libc_nano.a(lib_a-memchr.o)
                0x00000000080001f0                memchr
 *(.text*)
 .text.delay    0x0000000008000290       0x2c ./Src/009spi_interrupt.o
                0x0000000008000290                delay
 .text.SPI1_GPIOInits
                0x00000000080002bc       0x5c ./Src/009spi_interrupt.o
                0x00000000080002bc                SPI1_GPIOInits
 .text.SPI2_GPIOInits
                0x0000000008000318       0x5c ./Src/009spi_interrupt.o
                0x0000000008000318                SPI2_GPIOInits
 .text.GPIO_ButtonInit
                0x0000000008000374       0x30 ./Src/009spi_interrupt.o
                0x0000000008000374                GPIO_ButtonInit
 .text.SPI1_Inits
                0x00000000080003a4       0x48 ./Src/009spi_interrupt.o
                0x00000000080003a4                SPI1_Inits
 .text.SPI2_Inits
                0x00000000080003ec       0x48 ./Src/009spi_interrupt.o
                0x00000000080003ec                SPI2_Inits
 .text.SPI2_GPIO_InterruptPinInit
                0x0000000008000434       0x54 ./Src/009spi_interrupt.o
                0x0000000008000434                SPI2_GPIO_InterruptPinInit
 .text.GPIO_Btn_InterruptPinInit
                0x0000000008000488       0x54 ./Src/009spi_interrupt.o
                0x0000000008000488                GPIO_Btn_InterruptPinInit
 .text.main     0x00000000080004dc      0x148 ./Src/009spi_interrupt.o
                0x00000000080004dc                main
 .text.SPI2_IRQHandler
                0x0000000008000624       0x1c ./Src/009spi_interrupt.o
                0x0000000008000624                SPI2_IRQHandler
 .text.SPI1_IRQHandler
                0x0000000008000640       0x1c ./Src/009spi_interrupt.o
                0x0000000008000640                SPI1_IRQHandler
 .text.EXTI0_IRQHandler
                0x000000000800065c       0x1c ./Src/009spi_interrupt.o
                0x000000000800065c                EXTI0_IRQHandler
 .text.EXTI9_5_IRQHandler
                0x0000000008000678       0x18 ./Src/009spi_interrupt.o
                0x0000000008000678                EXTI9_5_IRQHandler
 .text.ITM_SendChar
                0x0000000008000690       0x4c ./Src/syscalls.o
                0x0000000008000690                ITM_SendChar
 .text._read    0x00000000080006dc       0x3a ./Src/syscalls.o
                0x00000000080006dc                _read
 .text._write   0x0000000008000716       0x38 ./Src/syscalls.o
                0x0000000008000716                _write
 .text._close   0x000000000800074e       0x16 ./Src/syscalls.o
                0x000000000800074e                _close
 .text._fstat   0x0000000008000764       0x1e ./Src/syscalls.o
                0x0000000008000764                _fstat
 .text._isatty  0x0000000008000782       0x14 ./Src/syscalls.o
                0x0000000008000782                _isatty
 .text._lseek   0x0000000008000796       0x18 ./Src/syscalls.o
                0x0000000008000796                _lseek
 *fill*         0x00000000080007ae        0x2 
 .text._sbrk    0x00000000080007b0       0x6c ./Src/sysmem.o
                0x00000000080007b0                _sbrk
 .text.Reset_Handler
                0x000000000800081c       0x50 ./Startup/startup_stm32f407vgtx.o
                0x000000000800081c                Reset_Handler
 .text.Default_Handler
                0x000000000800086c        0x2 ./Startup/startup_stm32f407vgtx.o
                0x000000000800086c                RTC_Alarm_IRQHandler
                0x000000000800086c                HASH_RNG_IRQHandler
                0x000000000800086c                EXTI2_IRQHandler
                0x000000000800086c                TIM8_CC_IRQHandler
                0x000000000800086c                DebugMon_Handler
                0x000000000800086c                TIM1_CC_IRQHandler
                0x000000000800086c                DMA2_Stream5_IRQHandler
                0x000000000800086c                HardFault_Handler
                0x000000000800086c                DMA1_Stream5_IRQHandler
                0x000000000800086c                SysTick_Handler
                0x000000000800086c                PVD_IRQHandler
                0x000000000800086c                SDIO_IRQHandler
                0x000000000800086c                TAMP_STAMP_IRQHandler
                0x000000000800086c                PendSV_Handler
                0x000000000800086c                NMI_Handler
                0x000000000800086c                CAN2_RX1_IRQHandler
                0x000000000800086c                EXTI3_IRQHandler
                0x000000000800086c                TIM8_TRG_COM_TIM14_IRQHandler
                0x000000000800086c                TIM1_UP_TIM10_IRQHandler
                0x000000000800086c                TIM8_UP_TIM13_IRQHandler
                0x000000000800086c                I2C3_ER_IRQHandler
                0x000000000800086c                LCD_TFT_IRQHandler
                0x000000000800086c                I2C2_EV_IRQHandler
                0x000000000800086c                DMA1_Stream2_IRQHandler
                0x000000000800086c                CAN1_RX0_IRQHandler
                0x000000000800086c                FPU_IRQHandler
                0x000000000800086c                OTG_HS_WKUP_IRQHandler
                0x000000000800086c                UsageFault_Handler
                0x000000000800086c                CAN2_SCE_IRQHandler
                0x000000000800086c                DMA2_Stream2_IRQHandler
                0x000000000800086c                TIM6_DAC_IRQHandler
                0x000000000800086c                TIM1_BRK_TIM9_IRQHandler
                0x000000000800086c                DCMI_IRQHandler
                0x000000000800086c                CAN2_RX0_IRQHandler
                0x000000000800086c                DMA2_Stream3_IRQHandler
                0x000000000800086c                USART6_IRQHandler
                0x000000000800086c                USART3_IRQHandler
                0x000000000800086c                CRYP_IRQHandler
                0x000000000800086c                CAN1_RX1_IRQHandler
                0x000000000800086c                UART5_IRQHandler
                0x000000000800086c                DMA2_Stream0_IRQHandler
                0x000000000800086c                TIM4_IRQHandler
                0x000000000800086c                I2C1_EV_IRQHandler
                0x000000000800086c                DMA1_Stream6_IRQHandler
                0x000000000800086c                DMA1_Stream1_IRQHandler
                0x000000000800086c                UART4_IRQHandler
                0x000000000800086c                LCD_TFT_1_IRQHandler
                0x000000000800086c                TIM3_IRQHandler
                0x000000000800086c                RCC_IRQHandler
                0x000000000800086c                TIM8_BRK_TIM12_IRQHandler
                0x000000000800086c                Default_Handler
                0x000000000800086c                EXTI15_10_IRQHandler
                0x000000000800086c                ADC_IRQHandler
                0x000000000800086c                DMA1_Stream7_IRQHandler
                0x000000000800086c                TIM7_IRQHandler
                0x000000000800086c                CAN2_TX_IRQHandler
                0x000000000800086c                TIM5_IRQHandler
                0x000000000800086c                DMA2_Stream7_IRQHandler
                0x000000000800086c                I2C3_EV_IRQHandler
                0x000000000800086c                RTC_WKUP_IRQHandler
                0x000000000800086c                ETH_WKUP_IRQHandler
                0x000000000800086c                OTG_HS_EP1_IN_IRQHandler
                0x000000000800086c                MemManage_Handler
                0x000000000800086c                DMA1_Stream0_IRQHandler
                0x000000000800086c                CAN1_TX_IRQHandler
                0x000000000800086c                SVC_Handler
                0x000000000800086c                EXTI4_IRQHandler
                0x000000000800086c                FSMC_IRQHandler
                0x000000000800086c                ETH_IRQHandler
                0x000000000800086c                OTG_HS_EP1_OUT_IRQHandler
                0x000000000800086c                WWDG_IRQHandler
                0x000000000800086c                TIM2_IRQHandler
                0x000000000800086c                OTG_FS_WKUP_IRQHandler
                0x000000000800086c                TIM1_TRG_COM_TIM11_IRQHandler
                0x000000000800086c                OTG_HS_IRQHandler
                0x000000000800086c                EXTI1_IRQHandler
                0x000000000800086c                USART2_IRQHandler
                0x000000000800086c                I2C2_ER_IRQHandler
                0x000000000800086c                DMA2_Stream1_IRQHandler
                0x000000000800086c                CAN1_SCE_IRQHandler
                0x000000000800086c                DMA2_Stream4_IRQHandler
                0x000000000800086c                BusFault_Handler
                0x000000000800086c                USART1_IRQHandler
                0x000000000800086c                OTG_FS_IRQHandler
                0x000000000800086c                SPI3_IRQHandler
                0x000000000800086c                DMA1_Stream4_IRQHandler
                0x000000000800086c                I2C1_ER_IRQHandler
                0x000000000800086c                DMA2_Stream6_IRQHandler
                0x000000000800086c                DMA1_Stream3_IRQHandler
 *fill*         0x000000000800086e        0x2 
 .text.GPIO_PeriClockControl
                0x0000000008000870      0x1d0 ./drivers/Src/stm32f407xx_gpio_driver.o
                0x0000000008000870                GPIO_PeriClockControl
 .text.GPIO_Init
                0x0000000008000a40      0x338 ./drivers/Src/stm32f407xx_gpio_driver.o
                0x0000000008000a40                GPIO_Init
 .text.GPIO_IRQInterruptConfig
                0x0000000008000d78      0x108 ./drivers/Src/stm32f407xx_gpio_driver.o
                0x0000000008000d78                GPIO_IRQInterruptConfig
 .text.GPIO_IRQPriorityConfig
                0x0000000008000e80       0x52 ./drivers/Src/stm32f407xx_gpio_driver.o
                0x0000000008000e80                GPIO_IRQPriorityConfig
 *fill*         0x0000000008000ed2        0x2 
 .text.GPIO_IRQHandling
                0x0000000008000ed4       0x40 ./drivers/Src/stm32f407xx_gpio_driver.o
                0x0000000008000ed4                GPIO_IRQHandling
 .text.SPI_PeriClockControl
                0x0000000008000f14       0x6c ./drivers/Src/stm32f407xx_spi_driver.o
                0x0000000008000f14                SPI_PeriClockControl
 .text.SPI_Init
                0x0000000008000f80       0xb6 ./drivers/Src/stm32f407xx_spi_driver.o
                0x0000000008000f80                SPI_Init
 .text.SPI_GetFlagStatus
                0x0000000008001036       0x26 ./drivers/Src/stm32f407xx_spi_driver.o
                0x0000000008001036                SPI_GetFlagStatus
 .text.SPI_PeripheralControl
                0x000000000800105c       0x36 ./drivers/Src/stm32f407xx_spi_driver.o
                0x000000000800105c                SPI_PeripheralControl
 .text.SPI_SSOEConfig
                0x0000000008001092       0x36 ./drivers/Src/stm32f407xx_spi_driver.o
                0x0000000008001092                SPI_SSOEConfig
 .text.SPI_IRQInterruptConfig
                0x00000000080010c8      0x108 ./drivers/Src/stm32f407xx_spi_driver.o
                0x00000000080010c8                SPI_IRQInterruptConfig
 .text.SPI_SendDataIT
                0x00000000080011d0       0x46 ./drivers/Src/stm32f407xx_spi_driver.o
                0x00000000080011d0                SPI_SendDataIT
 *fill*         0x0000000008001216        0x2 
 .text.SPI_ReceiveDataIT
                0x0000000008001218       0x50 ./drivers/Src/stm32f407xx_spi_driver.o
                0x0000000008001218                SPI_ReceiveDataIT
 .text.SPI_IRQHandling
                0x0000000008001268       0xb0 ./drivers/Src/stm32f407xx_spi_driver.o
                0x0000000008001268                SPI_IRQHandling
 .text.spi_txe_interrupt_handle
                0x0000000008001318       0x80 ./drivers/Src/stm32f407xx_spi_driver.o
 .text.spi_rxne_interrupt_handle
                0x0000000008001398       0x80 ./drivers/Src/stm32f407xx_spi_driver.o
 .text.spi_ovr_err_interrupt_handle
                0x0000000008001418       0x30 ./drivers/Src/stm32f407xx_spi_driver.o
 .text.SPI_CloseTransmisson
                0x0000000008001448       0x34 ./drivers/Src/stm32f407xx_spi_driver.o
                0x0000000008001448                SPI_CloseTransmisson
 .text.SPI_CloseReception
                0x000000000800147c       0x34 ./drivers/Src/stm32f407xx_spi_driver.o
                0x000000000800147c                SPI_CloseReception
 .text.SPI_ApplicationEventCallback
                0x00000000080014b0       0x16 ./drivers/Src/stm32f407xx_spi_driver.o
                0x00000000080014b0                SPI_ApplicationEventCallback
 *fill*         0x00000000080014c6        0x2 
 .text.__errno  0x00000000080014c8        0xc d:/st/stm32cubeide_1.10.1/stm32cubeide/plugins/com.st.stm32cube.ide.mcu.externaltools.gnu-tools-for-stm32.10.3-2021.10.win32_1.0.0.202111181127/tools/bin/../lib/gcc/arm-none-eabi/10.3.1/../../../../arm-none-eabi/lib/thumb/v7e-m/nofp\libc_nano.a(lib_a-errno.o)
                0x00000000080014c8                __errno
 .text.__libc_init_array
                0x00000000080014d4       0x48 d:/st/stm32cubeide_1.10.1/stm32cubeide/plugins/com.st.stm32cube.ide.mcu.externaltools.gnu-tools-for-stm32.10.3-2021.10.win32_1.0.0.202111181127/tools/bin/../lib/gcc/arm-none-eabi/10.3.1/../../../../arm-none-eabi/lib/thumb/v7e-m/nofp\libc_nano.a(lib_a-init.o)
                0x00000000080014d4                __libc_init_array
 .text.memset   0x000000000800151c       0x10 d:/st/stm32cubeide_1.10.1/stm32cubeide/plugins/com.st.stm32cube.ide.mcu.externaltools.gnu-tools-for-stm32.10.3-2021.10.win32_1.0.0.202111181127/tools/bin/../lib/gcc/arm-none-eabi/10.3.1/../../../../arm-none-eabi/lib/thumb/v7e-m/nofp\libc_nano.a(lib_a-memset.o)
                0x000000000800151c                memset
 .text.printf   0x000000000800152c       0x30 d:/st/stm32cubeide_1.10.1/stm32cubeide/plugins/com.st.stm32cube.ide.mcu.externaltools.gnu-tools-for-stm32.10.3-2021.10.win32_1.0.0.202111181127/tools/bin/../lib/gcc/arm-none-eabi/10.3.1/../../../../arm-none-eabi/lib/thumb/v7e-m/nofp\libc_nano.a(lib_a-printf.o)
                0x000000000800152c                iprintf
                0x000000000800152c                printf
 .text._puts_r  0x000000000800155c       0xdc d:/st/stm32cubeide_1.10.1/stm32cubeide/plugins/com.st.stm32cube.ide.mcu.externaltools.gnu-tools-for-stm32.10.3-2021.10.win32_1.0.0.202111181127/tools/bin/../lib/gcc/arm-none-eabi/10.3.1/../../../../arm-none-eabi/lib/thumb/v7e-m/nofp\libc_nano.a(lib_a-puts.o)
                0x000000000800155c                _puts_r
 .text.puts     0x0000000008001638       0x10 d:/st/stm32cubeide_1.10.1/stm32cubeide/plugins/com.st.stm32cube.ide.mcu.externaltools.gnu-tools-for-stm32.10.3-2021.10.win32_1.0.0.202111181127/tools/bin/../lib/gcc/arm-none-eabi/10.3.1/../../../../arm-none-eabi/lib/thumb/v7e-m/nofp\libc_nano.a(lib_a-puts.o)
                0x0000000008001638                puts
 .text.__swbuf_r
                0x0000000008001648       0xa4 d:/st/stm32cubeide_1.10.1/stm32cubeide/plugins/com.st.stm32cube.ide.mcu.externaltools.gnu-tools-for-stm32.10.3-2021.10.win32_1.0.0.202111181127/tools/bin/../lib/gcc/arm-none-eabi/10.3.1/../../../../arm-none-eabi/lib/thumb/v7e-m/nofp\libc_nano.a(lib_a-wbuf.o)
                0x0000000008001648                __swbuf_r
 .text.__swsetup_r
                0x00000000080016ec       0xdc d:/st/stm32cubeide_1.10.1/stm32cubeide/plugins/com.st.stm32cube.ide.mcu.externaltools.gnu-tools-for-stm32.10.3-2021.10.win32_1.0.0.202111181127/tools/bin/../lib/gcc/arm-none-eabi/10.3.1/../../../../arm-none-eabi/lib/thumb/v7e-m/nofp\libc_nano.a(lib_a-wsetup.o)
                0x00000000080016ec                __swsetup_r
 .text.__sflush_r
                0x00000000080017c8      0x104 d:/st/stm32cubeide_1.10.1/stm32cubeide/plugins/com.st.stm32cube.ide.mcu.externaltools.gnu-tools-for-stm32.10.3-2021.10.win32_1.0.0.202111181127/tools/bin/../lib/gcc/arm-none-eabi/10.3.1/../../../../arm-none-eabi/lib/thumb/v7e-m/nofp\libc_nano.a(lib_a-fflush.o)
                0x00000000080017c8                __sflush_r
 .text._fflush_r
                0x00000000080018cc       0x78 d:/st/stm32cubeide_1.10.1/stm32cubeide/plugins/com.st.stm32cube.ide.mcu.externaltools.gnu-tools-for-stm32.10.3-2021.10.win32_1.0.0.202111181127/tools/bin/../lib/gcc/arm-none-eabi/10.3.1/../../../../arm-none-eabi/lib/thumb/v7e-m/nofp\libc_nano.a(lib_a-fflush.o)
                0x00000000080018cc                _fflush_r
 .text.std      0x0000000008001944       0x48 d:/st/stm32cubeide_1.10.1/stm32cubeide/plugins/com.st.stm32cube.ide.mcu.externaltools.gnu-tools-for-stm32.10.3-2021.10.win32_1.0.0.202111181127/tools/bin/../lib/gcc/arm-none-eabi/10.3.1/../../../../arm-none-eabi/lib/thumb/v7e-m/nofp\libc_nano.a(lib_a-findfp.o)
 .text._cleanup_r
                0x000000000800198c        0xc d:/st/stm32cubeide_1.10.1/stm32cubeide/plugins/com.st.stm32cube.ide.mcu.externaltools.gnu-tools-for-stm32.10.3-2021.10.win32_1.0.0.202111181127/tools/bin/../lib/gcc/arm-none-eabi/10.3.1/../../../../arm-none-eabi/lib/thumb/v7e-m/nofp\libc_nano.a(lib_a-findfp.o)
                0x000000000800198c                _cleanup_r
 .text.__sfmoreglue
                0x0000000008001998       0x2c d:/st/stm32cubeide_1.10.1/stm32cubeide/plugins/com.st.stm32cube.ide.mcu.externaltools.gnu-tools-for-stm32.10.3-2021.10.win32_1.0.0.202111181127/tools/bin/../lib/gcc/arm-none-eabi/10.3.1/../../../../arm-none-eabi/lib/thumb/v7e-m/nofp\libc_nano.a(lib_a-findfp.o)
                0x0000000008001998                __sfmoreglue
 .text.__sfp_lock_acquire
                0x00000000080019c4        0xc d:/st/stm32cubeide_1.10.1/stm32cubeide/plugins/com.st.stm32cube.ide.mcu.externaltools.gnu-tools-for-stm32.10.3-2021.10.win32_1.0.0.202111181127/tools/bin/../lib/gcc/arm-none-eabi/10.3.1/../../../../arm-none-eabi/lib/thumb/v7e-m/nofp\libc_nano.a(lib_a-findfp.o)
                0x00000000080019c4                __sfp_lock_acquire
 .text.__sfp_lock_release
                0x00000000080019d0        0xc d:/st/stm32cubeide_1.10.1/stm32cubeide/plugins/com.st.stm32cube.ide.mcu.externaltools.gnu-tools-for-stm32.10.3-2021.10.win32_1.0.0.202111181127/tools/bin/../lib/gcc/arm-none-eabi/10.3.1/../../../../arm-none-eabi/lib/thumb/v7e-m/nofp\libc_nano.a(lib_a-findfp.o)
                0x00000000080019d0                __sfp_lock_release
 .text.__sinit_lock_acquire
                0x00000000080019dc        0xc d:/st/stm32cubeide_1.10.1/stm32cubeide/plugins/com.st.stm32cube.ide.mcu.externaltools.gnu-tools-for-stm32.10.3-2021.10.win32_1.0.0.202111181127/tools/bin/../lib/gcc/arm-none-eabi/10.3.1/../../../../arm-none-eabi/lib/thumb/v7e-m/nofp\libc_nano.a(lib_a-findfp.o)
                0x00000000080019dc                __sinit_lock_acquire
 .text.__sinit_lock_release
                0x00000000080019e8        0xc d:/st/stm32cubeide_1.10.1/stm32cubeide/plugins/com.st.stm32cube.ide.mcu.externaltools.gnu-tools-for-stm32.10.3-2021.10.win32_1.0.0.202111181127/tools/bin/../lib/gcc/arm-none-eabi/10.3.1/../../../../arm-none-eabi/lib/thumb/v7e-m/nofp\libc_nano.a(lib_a-findfp.o)
                0x00000000080019e8                __sinit_lock_release
 .text.__sinit  0x00000000080019f4       0x70 d:/st/stm32cubeide_1.10.1/stm32cubeide/plugins/com.st.stm32cube.ide.mcu.externaltools.gnu-tools-for-stm32.10.3-2021.10.win32_1.0.0.202111181127/tools/bin/../lib/gcc/arm-none-eabi/10.3.1/../../../../arm-none-eabi/lib/thumb/v7e-m/nofp\libc_nano.a(lib_a-findfp.o)
                0x00000000080019f4                __sinit
 .text.__sfp    0x0000000008001a64       0x8c d:/st/stm32cubeide_1.10.1/stm32cubeide/plugins/com.st.stm32cube.ide.mcu.externaltools.gnu-tools-for-stm32.10.3-2021.10.win32_1.0.0.202111181127/tools/bin/../lib/gcc/arm-none-eabi/10.3.1/../../../../arm-none-eabi/lib/thumb/v7e-m/nofp\libc_nano.a(lib_a-findfp.o)
                0x0000000008001a64                __sfp
 .text._fwalk_reent
                0x0000000008001af0       0x3e d:/st/stm32cubeide_1.10.1/stm32cubeide/plugins/com.st.stm32cube.ide.mcu.externaltools.gnu-tools-for-stm32.10.3-2021.10.win32_1.0.0.202111181127/tools/bin/../lib/gcc/arm-none-eabi/10.3.1/../../../../arm-none-eabi/lib/thumb/v7e-m/nofp\libc_nano.a(lib_a-fwalk.o)
                0x0000000008001af0                _fwalk_reent
 .text.__retarget_lock_init_recursive
                0x0000000008001b2e        0x2 d:/st/stm32cubeide_1.10.1/stm32cubeide/plugins/com.st.stm32cube.ide.mcu.externaltools.gnu-tools-for-stm32.10.3-2021.10.win32_1.0.0.202111181127/tools/bin/../lib/gcc/arm-none-eabi/10.3.1/../../../../arm-none-eabi/lib/thumb/v7e-m/nofp\libc_nano.a(lib_a-lock.o)
                0x0000000008001b2e                __retarget_lock_init_recursive
 .text.__retarget_lock_acquire_recursive
                0x0000000008001b30        0x2 d:/st/stm32cubeide_1.10.1/stm32cubeide/plugins/com.st.stm32cube.ide.mcu.externaltools.gnu-tools-for-stm32.10.3-2021.10.win32_1.0.0.202111181127/tools/bin/../lib/gcc/arm-none-eabi/10.3.1/../../../../arm-none-eabi/lib/thumb/v7e-m/nofp\libc_nano.a(lib_a-lock.o)
                0x0000000008001b30                __retarget_lock_acquire_recursive
 .text.__retarget_lock_release_recursive
                0x0000000008001b32        0x2 d:/st/stm32cubeide_1.10.1/stm32cubeide/plugins/com.st.stm32cube.ide.mcu.externaltools.gnu-tools-for-stm32.10.3-2021.10.win32_1.0.0.202111181127/tools/bin/../lib/gcc/arm-none-eabi/10.3.1/../../../../arm-none-eabi/lib/thumb/v7e-m/nofp\libc_nano.a(lib_a-lock.o)
                0x0000000008001b32                __retarget_lock_release_recursive
 .text.__swhatbuf_r
                0x0000000008001b34       0x4a d:/st/stm32cubeide_1.10.1/stm32cubeide/plugins/com.st.stm32cube.ide.mcu.externaltools.gnu-tools-for-stm32.10.3-2021.10.win32_1.0.0.202111181127/tools/bin/../lib/gcc/arm-none-eabi/10.3.1/../../../../arm-none-eabi/lib/thumb/v7e-m/nofp\libc_nano.a(lib_a-makebuf.o)
                0x0000000008001b34                __swhatbuf_r
 *fill*         0x0000000008001b7e        0x2 
 .text.__smakebuf_r
                0x0000000008001b80       0x80 d:/st/stm32cubeide_1.10.1/stm32cubeide/plugins/com.st.stm32cube.ide.mcu.externaltools.gnu-tools-for-stm32.10.3-2021.10.win32_1.0.0.202111181127/tools/bin/../lib/gcc/arm-none-eabi/10.3.1/../../../../arm-none-eabi/lib/thumb/v7e-m/nofp\libc_nano.a(lib_a-makebuf.o)
                0x0000000008001b80                __smakebuf_r
 .text._free_r  0x0000000008001c00       0x94 d:/st/stm32cubeide_1.10.1/stm32cubeide/plugins/com.st.stm32cube.ide.mcu.externaltools.gnu-tools-for-stm32.10.3-2021.10.win32_1.0.0.202111181127/tools/bin/../lib/gcc/arm-none-eabi/10.3.1/../../../../arm-none-eabi/lib/thumb/v7e-m/nofp\libc_nano.a(lib_a-nano-freer.o)
                0x0000000008001c00                _free_r
 .text.sbrk_aligned
                0x0000000008001c94       0x40 d:/st/stm32cubeide_1.10.1/stm32cubeide/plugins/com.st.stm32cube.ide.mcu.externaltools.gnu-tools-for-stm32.10.3-2021.10.win32_1.0.0.202111181127/tools/bin/../lib/gcc/arm-none-eabi/10.3.1/../../../../arm-none-eabi/lib/thumb/v7e-m/nofp\libc_nano.a(lib_a-nano-mallocr.o)
 .text._malloc_r
                0x0000000008001cd4       0xe8 d:/st/stm32cubeide_1.10.1/stm32cubeide/plugins/com.st.stm32cube.ide.mcu.externaltools.gnu-tools-for-stm32.10.3-2021.10.win32_1.0.0.202111181127/tools/bin/../lib/gcc/arm-none-eabi/10.3.1/../../../../arm-none-eabi/lib/thumb/v7e-m/nofp\libc_nano.a(lib_a-nano-mallocr.o)
                0x0000000008001cd4                _malloc_r
 .text.__sfputc_r
                0x0000000008001dbc       0x2a d:/st/stm32cubeide_1.10.1/stm32cubeide/plugins/com.st.stm32cube.ide.mcu.externaltools.gnu-tools-for-stm32.10.3-2021.10.win32_1.0.0.202111181127/tools/bin/../lib/gcc/arm-none-eabi/10.3.1/../../../../arm-none-eabi/lib/thumb/v7e-m/nofp\libc_nano.a(lib_a-nano-vfprintf.o)
 .text.__sfputs_r
                0x0000000008001de6       0x24 d:/st/stm32cubeide_1.10.1/stm32cubeide/plugins/com.st.stm32cube.ide.mcu.externaltools.gnu-tools-for-stm32.10.3-2021.10.win32_1.0.0.202111181127/tools/bin/../lib/gcc/arm-none-eabi/10.3.1/../../../../arm-none-eabi/lib/thumb/v7e-m/nofp\libc_nano.a(lib_a-nano-vfprintf.o)
                0x0000000008001de6                __sfputs_r
 *fill*         0x0000000008001e0a        0x2 
 .text._vfprintf_r
                0x0000000008001e0c      0x260 d:/st/stm32cubeide_1.10.1/stm32cubeide/plugins/com.st.stm32cube.ide.mcu.externaltools.gnu-tools-for-stm32.10.3-2021.10.win32_1.0.0.202111181127/tools/bin/../lib/gcc/arm-none-eabi/10.3.1/../../../../arm-none-eabi/lib/thumb/v7e-m/nofp\libc_nano.a(lib_a-nano-vfprintf.o)
                0x0000000008001e0c                _vfprintf_r
                0x0000000008001e0c                _vfiprintf_r
 .text._printf_common
                0x000000000800206c       0xda d:/st/stm32cubeide_1.10.1/stm32cubeide/plugins/com.st.stm32cube.ide.mcu.externaltools.gnu-tools-for-stm32.10.3-2021.10.win32_1.0.0.202111181127/tools/bin/../lib/gcc/arm-none-eabi/10.3.1/../../../../arm-none-eabi/lib/thumb/v7e-m/nofp\libc_nano.a(lib_a-nano-vfprintf_i.o)
                0x000000000800206c                _printf_common
 *fill*         0x0000000008002146        0x2 
 .text._printf_i
                0x0000000008002148      0x24c d:/st/stm32cubeide_1.10.1/stm32cubeide/plugins/com.st.stm32cube.ide.mcu.externaltools.gnu-tools-for-stm32.10.3-2021.10.win32_1.0.0.202111181127/tools/bin/../lib/gcc/arm-none-eabi/10.3.1/../../../../arm-none-eabi/lib/thumb/v7e-m/nofp\libc_nano.a(lib_a-nano-vfprintf_i.o)
                0x0000000008002148                _printf_i
 .text._sbrk_r  0x0000000008002394       0x20 d:/st/stm32cubeide_1.10.1/stm32cubeide/plugins/com.st.stm32cube.ide.mcu.externaltools.gnu-tools-for-stm32.10.3-2021.10.win32_1.0.0.202111181127/tools/bin/../lib/gcc/arm-none-eabi/10.3.1/../../../../arm-none-eabi/lib/thumb/v7e-m/nofp\libc_nano.a(lib_a-sbrkr.o)
                0x0000000008002394                _sbrk_r
 .text.__sread  0x00000000080023b4       0x22 d:/st/stm32cubeide_1.10.1/stm32cubeide/plugins/com.st.stm32cube.ide.mcu.externaltools.gnu-tools-for-stm32.10.3-2021.10.win32_1.0.0.202111181127/tools/bin/../lib/gcc/arm-none-eabi/10.3.1/../../../../arm-none-eabi/lib/thumb/v7e-m/nofp\libc_nano.a(lib_a-stdio.o)
                0x00000000080023b4                __sread
 .text.__swrite
                0x00000000080023d6       0x38 d:/st/stm32cubeide_1.10.1/stm32cubeide/plugins/com.st.stm32cube.ide.mcu.externaltools.gnu-tools-for-stm32.10.3-2021.10.win32_1.0.0.202111181127/tools/bin/../lib/gcc/arm-none-eabi/10.3.1/../../../../arm-none-eabi/lib/thumb/v7e-m/nofp\libc_nano.a(lib_a-stdio.o)
                0x00000000080023d6                __swrite
 .text.__sseek  0x000000000800240e       0x24 d:/st/stm32cubeide_1.10.1/stm32cubeide/plugins/com.st.stm32cube.ide.mcu.externaltools.gnu-tools-for-stm32.10.3-2021.10.win32_1.0.0.202111181127/tools/bin/../lib/gcc/arm-none-eabi/10.3.1/../../../../arm-none-eabi/lib/thumb/v7e-m/nofp\libc_nano.a(lib_a-stdio.o)
                0x000000000800240e                __sseek
 .text.__sclose
                0x0000000008002432        0x8 d:/st/stm32cubeide_1.10.1/stm32cubeide/plugins/com.st.stm32cube.ide.mcu.externaltools.gnu-tools-for-stm32.10.3-2021.10.win32_1.0.0.202111181127/tools/bin/../lib/gcc/arm-none-eabi/10.3.1/../../../../arm-none-eabi/lib/thumb/v7e-m/nofp\libc_nano.a(lib_a-stdio.o)
                0x0000000008002432                __sclose
 *fill*         0x000000000800243a        0x2 
 .text._write_r
                0x000000000800243c       0x24 d:/st/stm32cubeide_1.10.1/stm32cubeide/plugins/com.st.stm32cube.ide.mcu.externaltools.gnu-tools-for-stm32.10.3-2021.10.win32_1.0.0.202111181127/tools/bin/../lib/gcc/arm-none-eabi/10.3.1/../../../../arm-none-eabi/lib/thumb/v7e-m/nofp\libc_nano.a(lib_a-writer.o)
                0x000000000800243c                _write_r
 .text._close_r
                0x0000000008002460       0x20 d:/st/stm32cubeide_1.10.1/stm32cubeide/plugins/com.st.stm32cube.ide.mcu.externaltools.gnu-tools-for-stm32.10.3-2021.10.win32_1.0.0.202111181127/tools/bin/../lib/gcc/arm-none-eabi/10.3.1/../../../../arm-none-eabi/lib/thumb/v7e-m/nofp\libc_nano.a(lib_a-closer.o)
                0x0000000008002460                _close_r
 .text._fstat_r
                0x0000000008002480       0x24 d:/st/stm32cubeide_1.10.1/stm32cubeide/plugins/com.st.stm32cube.ide.mcu.externaltools.gnu-tools-for-stm32.10.3-2021.10.win32_1.0.0.202111181127/tools/bin/../lib/gcc/arm-none-eabi/10.3.1/../../../../arm-none-eabi/lib/thumb/v7e-m/nofp\libc_nano.a(lib_a-fstatr.o)
                0x0000000008002480                _fstat_r
 .text._isatty_r
                0x00000000080024a4       0x20 d:/st/stm32cubeide_1.10.1/stm32cubeide/plugins/com.st.stm32cube.ide.mcu.externaltools.gnu-tools-for-stm32.10.3-2021.10.win32_1.0.0.202111181127/tools/bin/../lib/gcc/arm-none-eabi/10.3.1/../../../../arm-none-eabi/lib/thumb/v7e-m/nofp\libc_nano.a(lib_a-isattyr.o)
                0x00000000080024a4                _isatty_r
 .text._lseek_r
                0x00000000080024c4       0x24 d:/st/stm32cubeide_1.10.1/stm32cubeide/plugins/com.st.stm32cube.ide.mcu.externaltools.gnu-tools-for-stm32.10.3-2021.10.win32_1.0.0.202111181127/tools/bin/../lib/gcc/arm-none-eabi/10.3.1/../../../../arm-none-eabi/lib/thumb/v7e-m/nofp\libc_nano.a(lib_a-lseekr.o)
                0x00000000080024c4                _lseek_r
 .text.__malloc_lock
                0x00000000080024e8        0xc d:/st/stm32cubeide_1.10.1/stm32cubeide/plugins/com.st.stm32cube.ide.mcu.externaltools.gnu-tools-for-stm32.10.3-2021.10.win32_1.0.0.202111181127/tools/bin/../lib/gcc/arm-none-eabi/10.3.1/../../../../arm-none-eabi/lib/thumb/v7e-m/nofp\libc_nano.a(lib_a-mlock.o)
                0x00000000080024e8                __malloc_lock
 .text.__malloc_unlock
                0x00000000080024f4        0xc d:/st/stm32cubeide_1.10.1/stm32cubeide/plugins/com.st.stm32cube.ide.mcu.externaltools.gnu-tools-for-stm32.10.3-2021.10.win32_1.0.0.202111181127/tools/bin/../lib/gcc/arm-none-eabi/10.3.1/../../../../arm-none-eabi/lib/thumb/v7e-m/nofp\libc_nano.a(lib_a-mlock.o)
                0x00000000080024f4                __malloc_unlock
 .text._read_r  0x0000000008002500       0x24 d:/st/stm32cubeide_1.10.1/stm32cubeide/plugins/com.st.stm32cube.ide.mcu.externaltools.gnu-tools-for-stm32.10.3-2021.10.win32_1.0.0.202111181127/tools/bin/../lib/gcc/arm-none-eabi/10.3.1/../../../../arm-none-eabi/lib/thumb/v7e-m/nofp\libc_nano.a(lib_a-readr.o)
                0x0000000008002500                _read_r
 *(.glue_7)
 .glue_7        0x0000000008002524        0x0 linker stubs
 *(.glue_7t)
 .glue_7t       0x0000000008002524        0x0 linker stubs
 *(.eh_frame)
 .eh_frame      0x0000000008002524        0x0 d:/st/stm32cubeide_1.10.1/stm32cubeide/plugins/com.st.stm32cube.ide.mcu.externaltools.gnu-tools-for-stm32.10.3-2021.10.win32_1.0.0.202111181127/tools/bin/../lib/gcc/arm-none-eabi/10.3.1/thumb/v7e-m/nofp/crtbegin.o
 *(.init)
 .init          0x0000000008002524        0x4 d:/st/stm32cubeide_1.10.1/stm32cubeide/plugins/com.st.stm32cube.ide.mcu.externaltools.gnu-tools-for-stm32.10.3-2021.10.win32_1.0.0.202111181127/tools/bin/../lib/gcc/arm-none-eabi/10.3.1/thumb/v7e-m/nofp/crti.o
                0x0000000008002524                _init
 .init          0x0000000008002528        0x8 d:/st/stm32cubeide_1.10.1/stm32cubeide/plugins/com.st.stm32cube.ide.mcu.externaltools.gnu-tools-for-stm32.10.3-2021.10.win32_1.0.0.202111181127/tools/bin/../lib/gcc/arm-none-eabi/10.3.1/thumb/v7e-m/nofp/crtn.o
 *(.fini)
 .fini          0x0000000008002530        0x4 d:/st/stm32cubeide_1.10.1/stm32cubeide/plugins/com.st.stm32cube.ide.mcu.externaltools.gnu-tools-for-stm32.10.3-2021.10.win32_1.0.0.202111181127/tools/bin/../lib/gcc/arm-none-eabi/10.3.1/thumb/v7e-m/nofp/crti.o
                0x0000000008002530                _fini
 .fini          0x0000000008002534        0x8 d:/st/stm32cubeide_1.10.1/stm32cubeide/plugins/com.st.stm32cube.ide.mcu.externaltools.gnu-tools-for-stm32.10.3-2021.10.win32_1.0.0.202111181127/tools/bin/../lib/gcc/arm-none-eabi/10.3.1/thumb/v7e-m/nofp/crtn.o
                0x000000000800253c                . = ALIGN (0x4)
                0x000000000800253c                _etext = .

.vfp11_veneer   0x000000000800253c        0x0
 .vfp11_veneer  0x000000000800253c        0x0 linker stubs

.v4_bx          0x000000000800253c        0x0
 .v4_bx         0x000000000800253c        0x0 linker stubs

.iplt           0x000000000800253c        0x0
 .iplt          0x000000000800253c        0x0 d:/st/stm32cubeide_1.10.1/stm32cubeide/plugins/com.st.stm32cube.ide.mcu.externaltools.gnu-tools-for-stm32.10.3-2021.10.win32_1.0.0.202111181127/tools/bin/../lib/gcc/arm-none-eabi/10.3.1/thumb/v7e-m/nofp/crtbegin.o

.rodata         0x000000000800253c       0xf0
                0x000000000800253c                . = ALIGN (0x4)
 *(.rodata)
 .rodata        0x000000000800253c       0x3d ./Src/009spi_interrupt.o
 *fill*         0x0000000008002579        0x3 
 .rodata        0x000000000800257c       0x17 ./drivers/Src/stm32f407xx_spi_driver.o
 *(.rodata*)
 *fill*         0x0000000008002593        0x1 
 .rodata._global_impure_ptr
                0x0000000008002594        0x4 d:/st/stm32cubeide_1.10.1/stm32cubeide/plugins/com.st.stm32cube.ide.mcu.externaltools.gnu-tools-for-stm32.10.3-2021.10.win32_1.0.0.202111181127/tools/bin/../lib/gcc/arm-none-eabi/10.3.1/../../../../arm-none-eabi/lib/thumb/v7e-m/nofp\libc_nano.a(lib_a-impure.o)
                0x0000000008002594                _global_impure_ptr
 .rodata.__sf_fake_stderr
                0x0000000008002598       0x20 d:/st/stm32cubeide_1.10.1/stm32cubeide/plugins/com.st.stm32cube.ide.mcu.externaltools.gnu-tools-for-stm32.10.3-2021.10.win32_1.0.0.202111181127/tools/bin/../lib/gcc/arm-none-eabi/10.3.1/../../../../arm-none-eabi/lib/thumb/v7e-m/nofp\libc_nano.a(lib_a-findfp.o)
                0x0000000008002598                __sf_fake_stderr
 .rodata.__sf_fake_stdin
                0x00000000080025b8       0x20 d:/st/stm32cubeide_1.10.1/stm32cubeide/plugins/com.st.stm32cube.ide.mcu.externaltools.gnu-tools-for-stm32.10.3-2021.10.win32_1.0.0.202111181127/tools/bin/../lib/gcc/arm-none-eabi/10.3.1/../../../../arm-none-eabi/lib/thumb/v7e-m/nofp\libc_nano.a(lib_a-findfp.o)
                0x00000000080025b8                __sf_fake_stdin
 .rodata.__sf_fake_stdout
                0x00000000080025d8       0x20 d:/st/stm32cubeide_1.10.1/stm32cubeide/plugins/com.st.stm32cube.ide.mcu.externaltools.gnu-tools-for-stm32.10.3-2021.10.win32_1.0.0.202111181127/tools/bin/../lib/gcc/arm-none-eabi/10.3.1/../../../../arm-none-eabi/lib/thumb/v7e-m/nofp\libc_nano.a(lib_a-findfp.o)
                0x00000000080025d8                __sf_fake_stdout
 .rodata._vfprintf_r.str1.1
                0x00000000080025f8       0x11 d:/st/stm32cubeide_1.10.1/stm32cubeide/plugins/com.st.stm32cube.ide.mcu.externaltools.gnu-tools-for-stm32.10.3-2021.10.win32_1.0.0.202111181127/tools/bin/../lib/gcc/arm-none-eabi/10.3.1/../../../../arm-none-eabi/lib/thumb/v7e-m/nofp\libc_nano.a(lib_a-nano-vfprintf.o)
 .rodata._printf_i.str1.1
                0x0000000008002609       0x22 d:/st/stm32cubeide_1.10.1/stm32cubeide/plugins/com.st.stm32cube.ide.mcu.externaltools.gnu-tools-for-stm32.10.3-2021.10.win32_1.0.0.202111181127/tools/bin/../lib/gcc/arm-none-eabi/10.3.1/../../../../arm-none-eabi/lib/thumb/v7e-m/nofp\libc_nano.a(lib_a-nano-vfprintf_i.o)
                0x000000000800262c                . = ALIGN (0x4)
 *fill*         0x000000000800262b        0x1 

.rel.dyn        0x000000000800262c        0x0
 .rel.iplt      0x000000000800262c        0x0 d:/st/stm32cubeide_1.10.1/stm32cubeide/plugins/com.st.stm32cube.ide.mcu.externaltools.gnu-tools-for-stm32.10.3-2021.10.win32_1.0.0.202111181127/tools/bin/../lib/gcc/arm-none-eabi/10.3.1/thumb/v7e-m/nofp/crtbegin.o

.ARM.extab      0x000000000800262c        0x0
                0x000000000800262c                . = ALIGN (0x4)
 *(.ARM.extab* .gnu.linkonce.armextab.*)
                0x000000000800262c                . = ALIGN (0x4)

.ARM            0x000000000800262c        0x0
                0x000000000800262c                . = ALIGN (0x4)
                0x000000000800262c                __exidx_start = .
 *(.ARM.exidx*)
                0x000000000800262c                __exidx_end = .
                0x000000000800262c                . = ALIGN (0x4)

.preinit_array  0x000000000800262c        0x0
                0x000000000800262c                . = ALIGN (0x4)
                0x000000000800262c                PROVIDE (__preinit_array_start = .)
 *(.preinit_array*)
                0x000000000800262c                PROVIDE (__preinit_array_end = .)
                0x000000000800262c                . = ALIGN (0x4)

.init_array     0x000000000800262c        0x4
                0x000000000800262c                . = ALIGN (0x4)
                0x000000000800262c                PROVIDE (__init_array_start = .)
 *(SORT_BY_NAME(.init_array.*))
 *(.init_array*)
 .init_array    0x000000000800262c        0x4 d:/st/stm32cubeide_1.10.1/stm32cubeide/plugins/com.st.stm32cube.ide.mcu.externaltools.gnu-tools-for-stm32.10.3-2021.10.win32_1.0.0.202111181127/tools/bin/../lib/gcc/arm-none-eabi/10.3.1/thumb/v7e-m/nofp/crtbegin.o
                0x0000000008002630                PROVIDE (__init_array_end = .)
                0x0000000008002630                . = ALIGN (0x4)

.fini_array     0x0000000008002630        0x4
                0x0000000008002630                . = ALIGN (0x4)
                [!provide]                        PROVIDE (__fini_array_start = .)
 *(SORT_BY_NAME(.fini_array.*))
 *(.fini_array*)
 .fini_array    0x0000000008002630        0x4 d:/st/stm32cubeide_1.10.1/stm32cubeide/plugins/com.st.stm32cube.ide.mcu.externaltools.gnu-tools-for-stm32.10.3-2021.10.win32_1.0.0.202111181127/tools/bin/../lib/gcc/arm-none-eabi/10.3.1/thumb/v7e-m/nofp/crtbegin.o
                [!provide]                        PROVIDE (__fini_array_end = .)
                0x0000000008002634                . = ALIGN (0x4)
                0x0000000008002634                _sidata = LOADADDR (.data)

.data           0x0000000020000000       0x68 load address 0x0000000008002634
                0x0000000020000000                . = ALIGN (0x4)
                0x0000000020000000                _sdata = .
 *(.data)
 *(.data*)
 .data.commandcode
                0x0000000020000000        0x1 ./Src/009spi_interrupt.o
                0x0000000020000000                commandcode
 *fill*         0x0000000020000001        0x3 
 .data._impure_ptr
                0x0000000020000004        0x4 d:/st/stm32cubeide_1.10.1/stm32cubeide/plugins/com.st.stm32cube.ide.mcu.externaltools.gnu-tools-for-stm32.10.3-2021.10.win32_1.0.0.202111181127/tools/bin/../lib/gcc/arm-none-eabi/10.3.1/../../../../arm-none-eabi/lib/thumb/v7e-m/nofp\libc_nano.a(lib_a-impure.o)
                0x0000000020000004                _impure_ptr
 .data.impure_data
                0x0000000020000008       0x60 d:/st/stm32cubeide_1.10.1/stm32cubeide/plugins/com.st.stm32cube.ide.mcu.externaltools.gnu-tools-for-stm32.10.3-2021.10.win32_1.0.0.202111181127/tools/bin/../lib/gcc/arm-none-eabi/10.3.1/../../../../arm-none-eabi/lib/thumb/v7e-m/nofp\libc_nano.a(lib_a-impure.o)
 *(.RamFunc)
 *(.RamFunc*)
                0x0000000020000068                . = ALIGN (0x4)
                0x0000000020000068                _edata = .
                0x000000000800269c                _siccmram = LOADADDR (.ccmram)

.igot.plt       0x0000000020000068        0x0 load address 0x000000000800269c
 .igot.plt      0x0000000020000068        0x0 d:/st/stm32cubeide_1.10.1/stm32cubeide/plugins/com.st.stm32cube.ide.mcu.externaltools.gnu-tools-for-stm32.10.3-2021.10.win32_1.0.0.202111181127/tools/bin/../lib/gcc/arm-none-eabi/10.3.1/thumb/v7e-m/nofp/crtbegin.o

.ccmram         0x0000000010000000        0x0 load address 0x000000000800269c
                0x0000000010000000                . = ALIGN (0x4)
                0x0000000010000000                _sccmram = .
 *(.ccmram)
 *(.ccmram*)
                0x0000000010000000                . = ALIGN (0x4)
                0x0000000010000000                _eccmram = .
                0x0000000010000000                . = ALIGN (0x4)

.bss            0x0000000020000068       0x74
                0x0000000020000068                _sbss = .
                0x0000000020000068                __bss_start__ = _sbss
 *(.bss)
 .bss           0x0000000020000068       0x1c d:/st/stm32cubeide_1.10.1/stm32cubeide/plugins/com.st.stm32cube.ide.mcu.externaltools.gnu-tools-for-stm32.10.3-2021.10.win32_1.0.0.202111181127/tools/bin/../lib/gcc/arm-none-eabi/10.3.1/thumb/v7e-m/nofp/crtbegin.o
 *(.bss*)
 .bss.SPI1handle
                0x0000000020000084       0x20 ./Src/009spi_interrupt.o
                0x0000000020000084                SPI1handle
 .bss.SPI2handle
                0x00000000200000a4       0x20 ./Src/009spi_interrupt.o
                0x00000000200000a4                SPI2handle
 .bss.slave_rx  0x00000000200000c4        0x1 ./Src/009spi_interrupt.o
                0x00000000200000c4                slave_rx
 .bss.dataAvailable
                0x00000000200000c5        0x1 ./Src/009spi_interrupt.o
                0x00000000200000c5                dataAvailable
 .bss.btn_flag  0x00000000200000c6        0x1 ./Src/009spi_interrupt.o
                0x00000000200000c6                btn_flag
 *fill*         0x00000000200000c7        0x1 
 .bss.__sbrk_heap_end
                0x00000000200000c8        0x4 ./Src/sysmem.o
 .bss.__lock___malloc_recursive_mutex
                0x00000000200000cc        0x1 d:/st/stm32cubeide_1.10.1/stm32cubeide/plugins/com.st.stm32cube.ide.mcu.externaltools.gnu-tools-for-stm32.10.3-2021.10.win32_1.0.0.202111181127/tools/bin/../lib/gcc/arm-none-eabi/10.3.1/../../../../arm-none-eabi/lib/thumb/v7e-m/nofp\libc_nano.a(lib_a-lock.o)
                0x00000000200000cc                __lock___malloc_recursive_mutex
 .bss.__lock___sfp_recursive_mutex
                0x00000000200000cd        0x1 d:/st/stm32cubeide_1.10.1/stm32cubeide/plugins/com.st.stm32cube.ide.mcu.externaltools.gnu-tools-for-stm32.10.3-2021.10.win32_1.0.0.202111181127/tools/bin/../lib/gcc/arm-none-eabi/10.3.1/../../../../arm-none-eabi/lib/thumb/v7e-m/nofp\libc_nano.a(lib_a-lock.o)
                0x00000000200000cd                __lock___sfp_recursive_mutex
 .bss.__lock___sinit_recursive_mutex
                0x00000000200000ce        0x1 d:/st/stm32cubeide_1.10.1/stm32cubeide/plugins/com.st.stm32cube.ide.mcu.externaltools.gnu-tools-for-stm32.10.3-2021.10.win32_1.0.0.202111181127/tools/bin/../lib/gcc/arm-none-eabi/10.3.1/../../../../arm-none-eabi/lib/thumb/v7e-m/nofp\libc_nano.a(lib_a-lock.o)
                0x00000000200000ce                __lock___sinit_recursive_mutex
 *fill*         0x00000000200000cf        0x1 
 .bss.__malloc_free_list
                0x00000000200000d0        0x4 d:/st/stm32cubeide_1.10.1/stm32cubeide/plugins/com.st.stm32cube.ide.mcu.externaltools.gnu-tools-for-stm32.10.3-2021.10.win32_1.0.0.202111181127/tools/bin/../lib/gcc/arm-none-eabi/10.3.1/../../../../arm-none-eabi/lib/thumb/v7e-m/nofp\libc_nano.a(lib_a-nano-mallocr.o)
                0x00000000200000d0                __malloc_free_list
 .bss.__malloc_sbrk_start
                0x00000000200000d4        0x4 d:/st/stm32cubeide_1.10.1/stm32cubeide/plugins/com.st.stm32cube.ide.mcu.externaltools.gnu-tools-for-stm32.10.3-2021.10.win32_1.0.0.202111181127/tools/bin/../lib/gcc/arm-none-eabi/10.3.1/../../../../arm-none-eabi/lib/thumb/v7e-m/nofp\libc_nano.a(lib_a-nano-mallocr.o)
                0x00000000200000d4                __malloc_sbrk_start
 .bss.errno     0x00000000200000d8        0x4 d:/st/stm32cubeide_1.10.1/stm32cubeide/plugins/com.st.stm32cube.ide.mcu.externaltools.gnu-tools-for-stm32.10.3-2021.10.win32_1.0.0.202111181127/tools/bin/../lib/gcc/arm-none-eabi/10.3.1/../../../../arm-none-eabi/lib/thumb/v7e-m/nofp\libc_nano.a(lib_a-reent.o)
                0x00000000200000d8                errno
 *(COMMON)
                0x00000000200000dc                . = ALIGN (0x4)
                0x00000000200000dc                _ebss = .
                0x00000000200000dc                __bss_end__ = _ebss

._user_heap_stack
                0x00000000200000dc      0x604
                0x00000000200000e0                . = ALIGN (0x8)
 *fill*         0x00000000200000dc        0x4 
                [!provide]                        PROVIDE (end = .)
                0x00000000200000e0                PROVIDE (_end = .)
                0x00000000200002e0                . = (. + _Min_Heap_Size)
 *fill*         0x00000000200000e0      0x200 
                0x00000000200006e0                . = (. + _Min_Stack_Size)
 *fill*         0x00000000200002e0      0x400 
                0x00000000200006e0                . = ALIGN (0x8)

/DISCARD/
 libc.a(*)
 libm.a(*)
 libgcc.a(*)

.ARM.attributes
                0x0000000000000000       0x2a
 *(.ARM.attributes)
 .ARM.attributes
                0x0000000000000000       0x1e d:/st/stm32cubeide_1.10.1/stm32cubeide/plugins/com.st.stm32cube.ide.mcu.externaltools.gnu-tools-for-stm32.10.3-2021.10.win32_1.0.0.202111181127/tools/bin/../lib/gcc/arm-none-eabi/10.3.1/thumb/v7e-m/nofp/crti.o
 .ARM.attributes
                0x000000000000001e       0x2e d:/st/stm32cubeide_1.10.1/stm32cubeide/plugins/com.st.stm32cube.ide.mcu.externaltools.gnu-tools-for-stm32.10.3-2021.10.win32_1.0.0.202111181127/tools/bin/../lib/gcc/arm-none-eabi/10.3.1/thumb/v7e-m/nofp/crtbegin.o
 .ARM.attributes
                0x000000000000004c       0x2e ./Src/009spi_interrupt.o
 .ARM.attributes
                0x000000000000007a       0x2e ./Src/syscalls.o
 .ARM.attributes
                0x00000000000000a8       0x2e ./Src/sysmem.o
 .ARM.attributes
                0x00000000000000d6       0x21 ./Startup/startup_stm32f407vgtx.o
 .ARM.attributes
                0x00000000000000f7       0x2e ./drivers/Src/stm32f407xx_gpio_driver.o
 .ARM.attributes
                0x0000000000000125       0x2e ./drivers/Src/stm32f407xx_spi_driver.o
 .ARM.attributes
                0x0000000000000153       0x2e d:/st/stm32cubeide_1.10.1/stm32cubeide/plugins/com.st.stm32cube.ide.mcu.externaltools.gnu-tools-for-stm32.10.3-2021.10.win32_1.0.0.202111181127/tools/bin/../lib/gcc/arm-none-eabi/10.3.1/../../../../arm-none-eabi/lib/thumb/v7e-m/nofp\libc_nano.a(lib_a-errno.o)
 .ARM.attributes
                0x0000000000000181       0x2e d:/st/stm32cubeide_1.10.1/stm32cubeide/plugins/com.st.stm32cube.ide.mcu.externaltools.gnu-tools-for-stm32.10.3-2021.10.win32_1.0.0.202111181127/tools/bin/../lib/gcc/arm-none-eabi/10.3.1/../../../../arm-none-eabi/lib/thumb/v7e-m/nofp\libc_nano.a(lib_a-impure.o)
 .ARM.attributes
                0x00000000000001af       0x2e d:/st/stm32cubeide_1.10.1/stm32cubeide/plugins/com.st.stm32cube.ide.mcu.externaltools.gnu-tools-for-stm32.10.3-2021.10.win32_1.0.0.202111181127/tools/bin/../lib/gcc/arm-none-eabi/10.3.1/../../../../arm-none-eabi/lib/thumb/v7e-m/nofp\libc_nano.a(lib_a-init.o)
 .ARM.attributes
                0x00000000000001dd       0x2e d:/st/stm32cubeide_1.10.1/stm32cubeide/plugins/com.st.stm32cube.ide.mcu.externaltools.gnu-tools-for-stm32.10.3-2021.10.win32_1.0.0.202111181127/tools/bin/../lib/gcc/arm-none-eabi/10.3.1/../../../../arm-none-eabi/lib/thumb/v7e-m/nofp\libc_nano.a(lib_a-memset.o)
 .ARM.attributes
                0x000000000000020b       0x2e d:/st/stm32cubeide_1.10.1/stm32cubeide/plugins/com.st.stm32cube.ide.mcu.externaltools.gnu-tools-for-stm32.10.3-2021.10.win32_1.0.0.202111181127/tools/bin/../lib/gcc/arm-none-eabi/10.3.1/../../../../arm-none-eabi/lib/thumb/v7e-m/nofp\libc_nano.a(lib_a-printf.o)
 .ARM.attributes
                0x0000000000000239       0x2e d:/st/stm32cubeide_1.10.1/stm32cubeide/plugins/com.st.stm32cube.ide.mcu.externaltools.gnu-tools-for-stm32.10.3-2021.10.win32_1.0.0.202111181127/tools/bin/../lib/gcc/arm-none-eabi/10.3.1/../../../../arm-none-eabi/lib/thumb/v7e-m/nofp\libc_nano.a(lib_a-puts.o)
 .ARM.attributes
                0x0000000000000267       0x2e d:/st/stm32cubeide_1.10.1/stm32cubeide/plugins/com.st.stm32cube.ide.mcu.externaltools.gnu-tools-for-stm32.10.3-2021.10.win32_1.0.0.202111181127/tools/bin/../lib/gcc/arm-none-eabi/10.3.1/../../../../arm-none-eabi/lib/thumb/v7e-m/nofp\libc_nano.a(lib_a-wbuf.o)
 .ARM.attributes
                0x0000000000000295       0x2e d:/st/stm32cubeide_1.10.1/stm32cubeide/plugins/com.st.stm32cube.ide.mcu.externaltools.gnu-tools-for-stm32.10.3-2021.10.win32_1.0.0.202111181127/tools/bin/../lib/gcc/arm-none-eabi/10.3.1/../../../../arm-none-eabi/lib/thumb/v7e-m/nofp\libc_nano.a(lib_a-wsetup.o)
 .ARM.attributes
                0x00000000000002c3       0x2e d:/st/stm32cubeide_1.10.1/stm32cubeide/plugins/com.st.stm32cube.ide.mcu.externaltools.gnu-tools-for-stm32.10.3-2021.10.win32_1.0.0.202111181127/tools/bin/../lib/gcc/arm-none-eabi/10.3.1/../../../../arm-none-eabi/lib/thumb/v7e-m/nofp\libc_nano.a(lib_a-fflush.o)
 .ARM.attributes
                0x00000000000002f1       0x2e d:/st/stm32cubeide_1.10.1/stm32cubeide/plugins/com.st.stm32cube.ide.mcu.externaltools.gnu-tools-for-stm32.10.3-2021.10.win32_1.0.0.202111181127/tools/bin/../lib/gcc/arm-none-eabi/10.3.1/../../../../arm-none-eabi/lib/thumb/v7e-m/nofp\libc_nano.a(lib_a-findfp.o)
 .ARM.attributes
                0x000000000000031f       0x2e d:/st/stm32cubeide_1.10.1/stm32cubeide/plugins/com.st.stm32cube.ide.mcu.externaltools.gnu-tools-for-stm32.10.3-2021.10.win32_1.0.0.202111181127/tools/bin/../lib/gcc/arm-none-eabi/10.3.1/../../../../arm-none-eabi/lib/thumb/v7e-m/nofp\libc_nano.a(lib_a-fwalk.o)
 .ARM.attributes
                0x000000000000034d       0x2e d:/st/stm32cubeide_1.10.1/stm32cubeide/plugins/com.st.stm32cube.ide.mcu.externaltools.gnu-tools-for-stm32.10.3-2021.10.win32_1.0.0.202111181127/tools/bin/../lib/gcc/arm-none-eabi/10.3.1/../../../../arm-none-eabi/lib/thumb/v7e-m/nofp\libc_nano.a(lib_a-lock.o)
 .ARM.attributes
                0x000000000000037b       0x2e d:/st/stm32cubeide_1.10.1/stm32cubeide/plugins/com.st.stm32cube.ide.mcu.externaltools.gnu-tools-for-stm32.10.3-2021.10.win32_1.0.0.202111181127/tools/bin/../lib/gcc/arm-none-eabi/10.3.1/../../../../arm-none-eabi/lib/thumb/v7e-m/nofp\libc_nano.a(lib_a-makebuf.o)
 .ARM.attributes
                0x00000000000003a9       0x2e d:/st/stm32cubeide_1.10.1/stm32cubeide/plugins/com.st.stm32cube.ide.mcu.externaltools.gnu-tools-for-stm32.10.3-2021.10.win32_1.0.0.202111181127/tools/bin/../lib/gcc/arm-none-eabi/10.3.1/../../../../arm-none-eabi/lib/thumb/v7e-m/nofp\libc_nano.a(lib_a-nano-freer.o)
 .ARM.attributes
                0x00000000000003d7       0x2e d:/st/stm32cubeide_1.10.1/stm32cubeide/plugins/com.st.stm32cube.ide.mcu.externaltools.gnu-tools-for-stm32.10.3-2021.10.win32_1.0.0.202111181127/tools/bin/../lib/gcc/arm-none-eabi/10.3.1/../../../../arm-none-eabi/lib/thumb/v7e-m/nofp\libc_nano.a(lib_a-nano-mallocr.o)
 .ARM.attributes
                0x0000000000000405       0x2e d:/st/stm32cubeide_1.10.1/stm32cubeide/plugins/com.st.stm32cube.ide.mcu.externaltools.gnu-tools-for-stm32.10.3-2021.10.win32_1.0.0.202111181127/tools/bin/../lib/gcc/arm-none-eabi/10.3.1/../../../../arm-none-eabi/lib/thumb/v7e-m/nofp\libc_nano.a(lib_a-nano-vfprintf.o)
 .ARM.attributes
                0x0000000000000433       0x2e d:/st/stm32cubeide_1.10.1/stm32cubeide/plugins/com.st.stm32cube.ide.mcu.externaltools.gnu-tools-for-stm32.10.3-2021.10.win32_1.0.0.202111181127/tools/bin/../lib/gcc/arm-none-eabi/10.3.1/../../../../arm-none-eabi/lib/thumb/v7e-m/nofp\libc_nano.a(lib_a-nano-vfprintf_i.o)
 .ARM.attributes
                0x0000000000000461       0x2e d:/st/stm32cubeide_1.10.1/stm32cubeide/plugins/com.st.stm32cube.ide.mcu.externaltools.gnu-tools-for-stm32.10.3-2021.10.win32_1.0.0.202111181127/tools/bin/../lib/gcc/arm-none-eabi/10.3.1/../../../../arm-none-eabi/lib/thumb/v7e-m/nofp\libc_nano.a(lib_a-sbrkr.o)
 .ARM.attributes
                0x000000000000048f       0x2e d:/st/stm32cubeide_1.10.1/stm32cubeide/plugins/com.st.stm32cube.ide.mcu.externaltools.gnu-tools-for-stm32.10.3-2021.10.win32_1.0.0.202111181127/tools/bin/../lib/gcc/arm-none-eabi/10.3.1/../../../../arm-none-eabi/lib/thumb/v7e-m/nofp\libc_nano.a(lib_a-stdio.o)
 .ARM.attributes
                0x00000000000004bd       0x2e d:/st/stm32cubeide_1.10.1/stm32cubeide/plugins/com.st.stm32cube.ide.mcu.externaltools.gnu-tools-for-stm32.10.3-2021.10.win32_1.0.0.202111181127/tools/bin/../lib/gcc/arm-none-eabi/10.3.1/../../../../arm-none-eabi/lib/thumb/v7e-m/nofp\libc_nano.a(lib_a-writer.o)
 .ARM.attributes
                0x00000000000004eb       0x2e d:/st/stm32cubeide_1.10.1/stm32cubeide/plugins/com.st.stm32cube.ide.mcu.externaltools.gnu-tools-for-stm32.10.3-2021.10.win32_1.0.0.202111181127/tools/bin/../lib/gcc/arm-none-eabi/10.3.1/../../../../arm-none-eabi/lib/thumb/v7e-m/nofp\libc_nano.a(lib_a-closer.o)
 .ARM.attributes
                0x0000000000000519       0x2e d:/st/stm32cubeide_1.10.1/stm32cubeide/plugins/com.st.stm32cube.ide.mcu.externaltools.gnu-tools-for-stm32.10.3-2021.10.win32_1.0.0.202111181127/tools/bin/../lib/gcc/arm-none-eabi/10.3.1/../../../../arm-none-eabi/lib/thumb/v7e-m/nofp\libc_nano.a(lib_a-fstatr.o)
 .ARM.attributes
                0x0000000000000547       0x2e d:/st/stm32cubeide_1.10.1/stm32cubeide/plugins/com.st.stm32cube.ide.mcu.externaltools.gnu-tools-for-stm32.10.3-2021.10.win32_1.0.0.202111181127/tools/bin/../lib/gcc/arm-none-eabi/10.3.1/../../../../arm-none-eabi/lib/thumb/v7e-m/nofp\libc_nano.a(lib_a-isattyr.o)
 .ARM.attributes
                0x0000000000000575       0x2e d:/st/stm32cubeide_1.10.1/stm32cubeide/plugins/com.st.stm32cube.ide.mcu.externaltools.gnu-tools-for-stm32.10.3-2021.10.win32_1.0.0.202111181127/tools/bin/../lib/gcc/arm-none-eabi/10.3.1/../../../../arm-none-eabi/lib/thumb/v7e-m/nofp\libc_nano.a(lib_a-lseekr.o)
 .ARM.attributes
                0x00000000000005a3       0x1c d:/st/stm32cubeide_1.10.1/stm32cubeide/plugins/com.st.stm32cube.ide.mcu.externaltools.gnu-tools-for-stm32.10.3-2021.10.win32_1.0.0.202111181127/tools/bin/../lib/gcc/arm-none-eabi/10.3.1/../../../../arm-none-eabi/lib/thumb/v7e-m/nofp\libc_nano.a(lib_a-memchr.o)
 .ARM.attributes
                0x00000000000005bf       0x2e d:/st/stm32cubeide_1.10.1/stm32cubeide/plugins/com.st.stm32cube.ide.mcu.externaltools.gnu-tools-for-stm32.10.3-2021.10.win32_1.0.0.202111181127/tools/bin/../lib/gcc/arm-none-eabi/10.3.1/../../../../arm-none-eabi/lib/thumb/v7e-m/nofp\libc_nano.a(lib_a-mlock.o)
 .ARM.attributes
                0x00000000000005ed       0x2e d:/st/stm32cubeide_1.10.1/stm32cubeide/plugins/com.st.stm32cube.ide.mcu.externaltools.gnu-tools-for-stm32.10.3-2021.10.win32_1.0.0.202111181127/tools/bin/../lib/gcc/arm-none-eabi/10.3.1/../../../../arm-none-eabi/lib/thumb/v7e-m/nofp\libc_nano.a(lib_a-readr.o)
 .ARM.attributes
                0x000000000000061b       0x2e d:/st/stm32cubeide_1.10.1/stm32cubeide/plugins/com.st.stm32cube.ide.mcu.externaltools.gnu-tools-for-stm32.10.3-2021.10.win32_1.0.0.202111181127/tools/bin/../lib/gcc/arm-none-eabi/10.3.1/../../../../arm-none-eabi/lib/thumb/v7e-m/nofp\libc_nano.a(lib_a-reent.o)
 .ARM.attributes
                0x0000000000000649       0x1e d:/st/stm32cubeide_1.10.1/stm32cubeide/plugins/com.st.stm32cube.ide.mcu.externaltools.gnu-tools-for-stm32.10.3-2021.10.win32_1.0.0.202111181127/tools/bin/../lib/gcc/arm-none-eabi/10.3.1/thumb/v7e-m/nofp/crtn.o
OUTPUT(stm32f4xx_driver.elf elf32-littlearm)
LOAD linker stubs
LOAD d:/st/stm32cubeide_1.10.1/stm32cubeide/plugins/com.st.stm32cube.ide.mcu.externaltools.gnu-tools-for-stm32.10.3-2021.10.win32_1.0.0.202111181127/tools/bin/../lib/gcc/arm-none-eabi/10.3.1/../../../../arm-none-eabi/lib/thumb/v7e-m/nofp\libc.a
LOAD d:/st/stm32cubeide_1.10.1/stm32cubeide/plugins/com.st.stm32cube.ide.mcu.externaltools.gnu-tools-for-stm32.10.3-2021.10.win32_1.0.0.202111181127/tools/bin/../lib/gcc/arm-none-eabi/10.3.1/../../../../arm-none-eabi/lib/thumb/v7e-m/nofp\libm.a
LOAD d:/st/stm32cubeide_1.10.1/stm32cubeide/plugins/com.st.stm32cube.ide.mcu.externaltools.gnu-tools-for-stm32.10.3-2021.10.win32_1.0.0.202111181127/tools/bin/../lib/gcc/arm-none-eabi/10.3.1/thumb/v7e-m/nofp\libgcc.a

.debug_info     0x0000000000000000     0x20a9
 .debug_info    0x0000000000000000      0x722 ./Src/009spi_interrupt.o
 .debug_info    0x0000000000000722      0x70f ./Src/syscalls.o
 .debug_info    0x0000000000000e31      0x171 ./Src/sysmem.o
 .debug_info    0x0000000000000fa2       0x22 ./Startup/startup_stm32f407vgtx.o
 .debug_info    0x0000000000000fc4      0x7d7 ./drivers/Src/stm32f407xx_gpio_driver.o
 .debug_info    0x000000000000179b      0x90e ./drivers/Src/stm32f407xx_spi_driver.o

.debug_abbrev   0x0000000000000000      0x748
 .debug_abbrev  0x0000000000000000      0x1a4 ./Src/009spi_interrupt.o
 .debug_abbrev  0x00000000000001a4      0x1af ./Src/syscalls.o
 .debug_abbrev  0x0000000000000353       0xbb ./Src/sysmem.o
 .debug_abbrev  0x000000000000040e       0x12 ./Startup/startup_stm32f407vgtx.o
 .debug_abbrev  0x0000000000000420      0x135 ./drivers/Src/stm32f407xx_gpio_driver.o
 .debug_abbrev  0x0000000000000555      0x1f3 ./drivers/Src/stm32f407xx_spi_driver.o

.debug_aranges  0x0000000000000000      0x2a8
 .debug_aranges
                0x0000000000000000       0x80 ./Src/009spi_interrupt.o
 .debug_aranges
                0x0000000000000080       0xb0 ./Src/syscalls.o
 .debug_aranges
                0x0000000000000130       0x20 ./Src/sysmem.o
 .debug_aranges
                0x0000000000000150       0x28 ./Startup/startup_stm32f407vgtx.o
 .debug_aranges
                0x0000000000000178       0x70 ./drivers/Src/stm32f407xx_gpio_driver.o
 .debug_aranges
                0x00000000000001e8       0xc0 ./drivers/Src/stm32f407xx_spi_driver.o

.debug_ranges   0x0000000000000000      0x250
 .debug_ranges  0x0000000000000000       0x70 ./Src/009spi_interrupt.o
 .debug_ranges  0x0000000000000070       0xa0 ./Src/syscalls.o
 .debug_ranges  0x0000000000000110       0x10 ./Src/sysmem.o
 .debug_ranges  0x0000000000000120       0x20 ./Startup/startup_stm32f407vgtx.o
 .debug_ranges  0x0000000000000140       0x60 ./drivers/Src/stm32f407xx_gpio_driver.o
 .debug_ranges  0x00000000000001a0       0xb0 ./drivers/Src/stm32f407xx_spi_driver.o

.debug_macro    0x0000000000000000     0x39b8
 .debug_macro   0x0000000000000000      0x22a ./Src/009spi_interrupt.o
 .debug_macro   0x000000000000022a      0xa78 ./Src/009spi_interrupt.o
 .debug_macro   0x0000000000000ca2       0x22 ./Src/009spi_interrupt.o
 .debug_macro   0x0000000000000cc4       0x4c ./Src/009spi_interrupt.o
 .debug_macro   0x0000000000000d10       0x18 ./Src/009spi_interrupt.o
 .debug_macro   0x0000000000000d28       0x94 ./Src/009spi_interrupt.o
 .debug_macro   0x0000000000000dbc       0x3c ./Src/009spi_interrupt.o
 .debug_macro   0x0000000000000df8       0x34 ./Src/009spi_interrupt.o
 .debug_macro   0x0000000000000e2c       0x16 ./Src/009spi_interrupt.o
 .debug_macro   0x0000000000000e42       0x57 ./Src/009spi_interrupt.o
 .debug_macro   0x0000000000000e99       0x97 ./Src/009spi_interrupt.o
 .debug_macro   0x0000000000000f30      0x341 ./Src/009spi_interrupt.o
 .debug_macro   0x0000000000001271       0xfd ./Src/009spi_interrupt.o
 .debug_macro   0x000000000000136e       0x10 ./Src/009spi_interrupt.o
 .debug_macro   0x000000000000137e       0x16 ./Src/009spi_interrupt.o
 .debug_macro   0x0000000000001394       0x43 ./Src/009spi_interrupt.o
 .debug_macro   0x00000000000013d7       0x34 ./Src/009spi_interrupt.o
 .debug_macro   0x000000000000140b       0x10 ./Src/009spi_interrupt.o
 .debug_macro   0x000000000000141b       0x58 ./Src/009spi_interrupt.o
 .debug_macro   0x0000000000001473       0x71 ./Src/009spi_interrupt.o
 .debug_macro   0x00000000000014e4       0x1c ./Src/009spi_interrupt.o
 .debug_macro   0x0000000000001500      0x12a ./Src/009spi_interrupt.o
 .debug_macro   0x000000000000162a       0x10 ./Src/009spi_interrupt.o
 .debug_macro   0x000000000000163a       0x6a ./Src/009spi_interrupt.o
 .debug_macro   0x00000000000016a4       0x1c ./Src/009spi_interrupt.o
 .debug_macro   0x00000000000016c0       0x52 ./Src/009spi_interrupt.o
 .debug_macro   0x0000000000001712       0x22 ./Src/009spi_interrupt.o
 .debug_macro   0x0000000000001734       0x10 ./Src/009spi_interrupt.o
 .debug_macro   0x0000000000001744       0x52 ./Src/009spi_interrupt.o
 .debug_macro   0x0000000000001796       0xd5 ./Src/009spi_interrupt.o
 .debug_macro   0x000000000000186b       0x1c ./Src/009spi_interrupt.o
 .debug_macro   0x0000000000001887       0x3d ./Src/009spi_interrupt.o
 .debug_macro   0x00000000000018c4       0x16 ./Src/009spi_interrupt.o
 .debug_macro   0x00000000000018da      0x145 ./Src/009spi_interrupt.o
 .debug_macro   0x0000000000001a1f       0x16 ./Src/009spi_interrupt.o
 .debug_macro   0x0000000000001a35       0x35 ./Src/009spi_interrupt.o
 .debug_macro   0x0000000000001a6a       0x20 ./Src/009spi_interrupt.o
 .debug_macro   0x0000000000001a8a      0x103 ./Src/009spi_interrupt.o
 .debug_macro   0x0000000000001b8d      0x1df ./Src/009spi_interrupt.o
 .debug_macro   0x0000000000001d6c      0x6d6 ./Src/009spi_interrupt.o
 .debug_macro   0x0000000000002442       0xe4 ./Src/009spi_interrupt.o
 .debug_macro   0x0000000000002526       0xc4 ./Src/009spi_interrupt.o
 .debug_macro   0x00000000000025ea      0x25e ./Src/syscalls.o
 .debug_macro   0x0000000000002848      0x174 ./Src/syscalls.o
 .debug_macro   0x00000000000029bc       0x10 ./Src/syscalls.o
 .debug_macro   0x00000000000029cc       0x10 ./Src/syscalls.o
 .debug_macro   0x00000000000029dc       0x10 ./Src/syscalls.o
 .debug_macro   0x00000000000029ec       0x35 ./Src/syscalls.o
 .debug_macro   0x0000000000002a21      0x12c ./Src/syscalls.o
 .debug_macro   0x0000000000002b4d       0x16 ./Src/syscalls.o
 .debug_macro   0x0000000000002b63       0x16 ./Src/syscalls.o
 .debug_macro   0x0000000000002b79       0x29 ./Src/syscalls.o
 .debug_macro   0x0000000000002ba2       0x10 ./Src/syscalls.o
 .debug_macro   0x0000000000002bb2      0x241 ./Src/syscalls.o
 .debug_macro   0x0000000000002df3       0x1c ./Src/syscalls.o
 .debug_macro   0x0000000000002e0f       0x10 ./Src/syscalls.o
 .debug_macro   0x0000000000002e1f      0x189 ./Src/syscalls.o
 .debug_macro   0x0000000000002fa8       0x16 ./Src/syscalls.o
 .debug_macro   0x0000000000002fbe       0xce ./Src/syscalls.o
 .debug_macro   0x000000000000308c       0xff ./Src/sysmem.o
 .debug_macro   0x000000000000318b      0x23b ./Src/sysmem.o
 .debug_macro   0x00000000000033c6      0x205 ./drivers/Src/stm32f407xx_gpio_driver.o
 .debug_macro   0x00000000000035cb       0x8e ./drivers/Src/stm32f407xx_gpio_driver.o
 .debug_macro   0x0000000000003659       0x51 ./drivers/Src/stm32f407xx_gpio_driver.o
 .debug_macro   0x00000000000036aa       0x52 ./drivers/Src/stm32f407xx_gpio_driver.o
 .debug_macro   0x00000000000036fc       0xbe ./drivers/Src/stm32f407xx_gpio_driver.o
 .debug_macro   0x00000000000037ba      0x1fe ./drivers/Src/stm32f407xx_spi_driver.o

.debug_line     0x0000000000000000     0x2c71
 .debug_line    0x0000000000000000      0x897 ./Src/009spi_interrupt.o
 .debug_line    0x0000000000000897      0x824 ./Src/syscalls.o
 .debug_line    0x00000000000010bb      0x4e5 ./Src/sysmem.o
 .debug_line    0x00000000000015a0       0x84 ./Startup/startup_stm32f407vgtx.o
 .debug_line    0x0000000000001624      0xb72 ./drivers/Src/stm32f407xx_gpio_driver.o
 .debug_line    0x0000000000002196      0xadb ./drivers/Src/stm32f407xx_spi_driver.o

.debug_str      0x0000000000000000     0xbd2e
 .debug_str     0x0000000000000000     0xa0c8 ./Src/009spi_interrupt.o
                                       0xa2d5 (size before relaxing)
 .debug_str     0x000000000000a0c8     0x17e1 ./Src/syscalls.o
                                       0x8ac8 (size before relaxing)
 .debug_str     0x000000000000b8a9       0x66 ./Src/sysmem.o
                                       0x5d56 (size before relaxing)
 .debug_str     0x000000000000b90f       0x31 ./Startup/startup_stm32f407vgtx.o
                                         0x54 (size before relaxing)
 .debug_str     0x000000000000b940      0x27c ./drivers/Src/stm32f407xx_gpio_driver.o
                                       0xa218 (size before relaxing)
 .debug_str     0x000000000000bbbc      0x172 ./drivers/Src/stm32f407xx_spi_driver.o
                                       0xa2a3 (size before relaxing)

.comment        0x0000000000000000       0x50
 .comment       0x0000000000000000       0x50 ./Src/009spi_interrupt.o
                                         0x51 (size before relaxing)
 .comment       0x0000000000000050       0x51 ./Src/syscalls.o
 .comment       0x0000000000000050       0x51 ./Src/sysmem.o
 .comment       0x0000000000000050       0x51 ./drivers/Src/stm32f407xx_gpio_driver.o
 .comment       0x0000000000000050       0x51 ./drivers/Src/stm32f407xx_spi_driver.o

.debug_frame    0x0000000000000000     0x1220
 .debug_frame   0x0000000000000000      0x1b4 ./Src/009spi_interrupt.o
 .debug_frame   0x00000000000001b4      0x2d4 ./Src/syscalls.o
 .debug_frame   0x0000000000000488       0x34 ./Src/sysmem.o
 .debug_frame   0x00000000000004bc      0x1c8 ./drivers/Src/stm32f407xx_gpio_driver.o
 .debug_frame   0x0000000000000684      0x338 ./drivers/Src/stm32f407xx_spi_driver.o
 .debug_frame   0x00000000000009bc       0x20 d:/st/stm32cubeide_1.10.1/stm32cubeide/plugins/com.st.stm32cube.ide.mcu.externaltools.gnu-tools-for-stm32.10.3-2021.10.win32_1.0.0.202111181127/tools/bin/../lib/gcc/arm-none-eabi/10.3.1/../../../../arm-none-eabi/lib/thumb/v7e-m/nofp\libc_nano.a(lib_a-errno.o)
 .debug_frame   0x00000000000009dc       0x2c d:/st/stm32cubeide_1.10.1/stm32cubeide/plugins/com.st.stm32cube.ide.mcu.externaltools.gnu-tools-for-stm32.10.3-2021.10.win32_1.0.0.202111181127/tools/bin/../lib/gcc/arm-none-eabi/10.3.1/../../../../arm-none-eabi/lib/thumb/v7e-m/nofp\libc_nano.a(lib_a-init.o)
 .debug_frame   0x0000000000000a08       0x20 d:/st/stm32cubeide_1.10.1/stm32cubeide/plugins/com.st.stm32cube.ide.mcu.externaltools.gnu-tools-for-stm32.10.3-2021.10.win32_1.0.0.202111181127/tools/bin/../lib/gcc/arm-none-eabi/10.3.1/../../../../arm-none-eabi/lib/thumb/v7e-m/nofp\libc_nano.a(lib_a-memset.o)
 .debug_frame   0x0000000000000a28       0x74 d:/st/stm32cubeide_1.10.1/stm32cubeide/plugins/com.st.stm32cube.ide.mcu.externaltools.gnu-tools-for-stm32.10.3-2021.10.win32_1.0.0.202111181127/tools/bin/../lib/gcc/arm-none-eabi/10.3.1/../../../../arm-none-eabi/lib/thumb/v7e-m/nofp\libc_nano.a(lib_a-printf.o)
 .debug_frame   0x0000000000000a9c       0x3c d:/st/stm32cubeide_1.10.1/stm32cubeide/plugins/com.st.stm32cube.ide.mcu.externaltools.gnu-tools-for-stm32.10.3-2021.10.win32_1.0.0.202111181127/tools/bin/../lib/gcc/arm-none-eabi/10.3.1/../../../../arm-none-eabi/lib/thumb/v7e-m/nofp\libc_nano.a(lib_a-puts.o)
 .debug_frame   0x0000000000000ad8       0x40 d:/st/stm32cubeide_1.10.1/stm32cubeide/plugins/com.st.stm32cube.ide.mcu.externaltools.gnu-tools-for-stm32.10.3-2021.10.win32_1.0.0.202111181127/tools/bin/../lib/gcc/arm-none-eabi/10.3.1/../../../../arm-none-eabi/lib/thumb/v7e-m/nofp\libc_nano.a(lib_a-wbuf.o)
 .debug_frame   0x0000000000000b18       0x2c d:/st/stm32cubeide_1.10.1/stm32cubeide/plugins/com.st.stm32cube.ide.mcu.externaltools.gnu-tools-for-stm32.10.3-2021.10.win32_1.0.0.202111181127/tools/bin/../lib/gcc/arm-none-eabi/10.3.1/../../../../arm-none-eabi/lib/thumb/v7e-m/nofp\libc_nano.a(lib_a-wsetup.o)
 .debug_frame   0x0000000000000b44       0x5c d:/st/stm32cubeide_1.10.1/stm32cubeide/plugins/com.st.stm32cube.ide.mcu.externaltools.gnu-tools-for-stm32.10.3-2021.10.win32_1.0.0.202111181127/tools/bin/../lib/gcc/arm-none-eabi/10.3.1/../../../../arm-none-eabi/lib/thumb/v7e-m/nofp\libc_nano.a(lib_a-fflush.o)
 .debug_frame   0x0000000000000ba0      0x14c d:/st/stm32cubeide_1.10.1/stm32cubeide/plugins/com.st.stm32cube.ide.mcu.externaltools.gnu-tools-for-stm32.10.3-2021.10.win32_1.0.0.202111181127/tools/bin/../lib/gcc/arm-none-eabi/10.3.1/../../../../arm-none-eabi/lib/thumb/v7e-m/nofp\libc_nano.a(lib_a-findfp.o)
 .debug_frame   0x0000000000000cec       0x54 d:/st/stm32cubeide_1.10.1/stm32cubeide/plugins/com.st.stm32cube.ide.mcu.externaltools.gnu-tools-for-stm32.10.3-2021.10.win32_1.0.0.202111181127/tools/bin/../lib/gcc/arm-none-eabi/10.3.1/../../../../arm-none-eabi/lib/thumb/v7e-m/nofp\libc_nano.a(lib_a-fwalk.o)
 .debug_frame   0x0000000000000d40       0xb0 d:/st/stm32cubeide_1.10.1/stm32cubeide/plugins/com.st.stm32cube.ide.mcu.externaltools.gnu-tools-for-stm32.10.3-2021.10.win32_1.0.0.202111181127/tools/bin/../lib/gcc/arm-none-eabi/10.3.1/../../../../arm-none-eabi/lib/thumb/v7e-m/nofp\libc_nano.a(lib_a-lock.o)
 .debug_frame   0x0000000000000df0       0x58 d:/st/stm32cubeide_1.10.1/stm32cubeide/plugins/com.st.stm32cube.ide.mcu.externaltools.gnu-tools-for-stm32.10.3-2021.10.win32_1.0.0.202111181127/tools/bin/../lib/gcc/arm-none-eabi/10.3.1/../../../../arm-none-eabi/lib/thumb/v7e-m/nofp\libc_nano.a(lib_a-makebuf.o)
 .debug_frame   0x0000000000000e48       0x38 d:/st/stm32cubeide_1.10.1/stm32cubeide/plugins/com.st.stm32cube.ide.mcu.externaltools.gnu-tools-for-stm32.10.3-2021.10.win32_1.0.0.202111181127/tools/bin/../lib/gcc/arm-none-eabi/10.3.1/../../../../arm-none-eabi/lib/thumb/v7e-m/nofp\libc_nano.a(lib_a-nano-freer.o)
 .debug_frame   0x0000000000000e80       0x4c d:/st/stm32cubeide_1.10.1/stm32cubeide/plugins/com.st.stm32cube.ide.mcu.externaltools.gnu-tools-for-stm32.10.3-2021.10.win32_1.0.0.202111181127/tools/bin/../lib/gcc/arm-none-eabi/10.3.1/../../../../arm-none-eabi/lib/thumb/v7e-m/nofp\libc_nano.a(lib_a-nano-mallocr.o)
 .debug_frame   0x0000000000000ecc       0xac d:/st/stm32cubeide_1.10.1/stm32cubeide/plugins/com.st.stm32cube.ide.mcu.externaltools.gnu-tools-for-stm32.10.3-2021.10.win32_1.0.0.202111181127/tools/bin/../lib/gcc/arm-none-eabi/10.3.1/../../../../arm-none-eabi/lib/thumb/v7e-m/nofp\libc_nano.a(lib_a-nano-vfprintf.o)
 .debug_frame   0x0000000000000f78       0x60 d:/st/stm32cubeide_1.10.1/stm32cubeide/plugins/com.st.stm32cube.ide.mcu.externaltools.gnu-tools-for-stm32.10.3-2021.10.win32_1.0.0.202111181127/tools/bin/../lib/gcc/arm-none-eabi/10.3.1/../../../../arm-none-eabi/lib/thumb/v7e-m/nofp\libc_nano.a(lib_a-nano-vfprintf_i.o)
 .debug_frame   0x0000000000000fd8       0x2c d:/st/stm32cubeide_1.10.1/stm32cubeide/plugins/com.st.stm32cube.ide.mcu.externaltools.gnu-tools-for-stm32.10.3-2021.10.win32_1.0.0.202111181127/tools/bin/../lib/gcc/arm-none-eabi/10.3.1/../../../../arm-none-eabi/lib/thumb/v7e-m/nofp\libc_nano.a(lib_a-sbrkr.o)
 .debug_frame   0x0000000000001004       0x88 d:/st/stm32cubeide_1.10.1/stm32cubeide/plugins/com.st.stm32cube.ide.mcu.externaltools.gnu-tools-for-stm32.10.3-2021.10.win32_1.0.0.202111181127/tools/bin/../lib/gcc/arm-none-eabi/10.3.1/../../../../arm-none-eabi/lib/thumb/v7e-m/nofp\libc_nano.a(lib_a-stdio.o)
 .debug_frame   0x000000000000108c       0x2c d:/st/stm32cubeide_1.10.1/stm32cubeide/plugins/com.st.stm32cube.ide.mcu.externaltools.gnu-tools-for-stm32.10.3-2021.10.win32_1.0.0.202111181127/tools/bin/../lib/gcc/arm-none-eabi/10.3.1/../../../../arm-none-eabi/lib/thumb/v7e-m/nofp\libc_nano.a(lib_a-writer.o)
 .debug_frame   0x00000000000010b8       0x2c d:/st/stm32cubeide_1.10.1/stm32cubeide/plugins/com.st.stm32cube.ide.mcu.externaltools.gnu-tools-for-stm32.10.3-2021.10.win32_1.0.0.202111181127/tools/bin/../lib/gcc/arm-none-eabi/10.3.1/../../../../arm-none-eabi/lib/thumb/v7e-m/nofp\libc_nano.a(lib_a-closer.o)
 .debug_frame   0x00000000000010e4       0x2c d:/st/stm32cubeide_1.10.1/stm32cubeide/plugins/com.st.stm32cube.ide.mcu.externaltools.gnu-tools-for-stm32.10.3-2021.10.win32_1.0.0.202111181127/tools/bin/../lib/gcc/arm-none-eabi/10.3.1/../../../../arm-none-eabi/lib/thumb/v7e-m/nofp\libc_nano.a(lib_a-fstatr.o)
 .debug_frame   0x0000000000001110       0x2c d:/st/stm32cubeide_1.10.1/stm32cubeide/plugins/com.st.stm32cube.ide.mcu.externaltools.gnu-tools-for-stm32.10.3-2021.10.win32_1.0.0.202111181127/tools/bin/../lib/gcc/arm-none-eabi/10.3.1/../../../../arm-none-eabi/lib/thumb/v7e-m/nofp\libc_nano.a(lib_a-isattyr.o)
 .debug_frame   0x000000000000113c       0x2c d:/st/stm32cubeide_1.10.1/stm32cubeide/plugins/com.st.stm32cube.ide.mcu.externaltools.gnu-tools-for-stm32.10.3-2021.10.win32_1.0.0.202111181127/tools/bin/../lib/gcc/arm-none-eabi/10.3.1/../../../../arm-none-eabi/lib/thumb/v7e-m/nofp\libc_nano.a(lib_a-lseekr.o)
 .debug_frame   0x0000000000001168       0x30 d:/st/stm32cubeide_1.10.1/stm32cubeide/plugins/com.st.stm32cube.ide.mcu.externaltools.gnu-tools-for-stm32.10.3-2021.10.win32_1.0.0.202111181127/tools/bin/../lib/gcc/arm-none-eabi/10.3.1/../../../../arm-none-eabi/lib/thumb/v7e-m/nofp\libc_nano.a(lib_a-mlock.o)
 .debug_frame   0x0000000000001198       0x2c d:/st/stm32cubeide_1.10.1/stm32cubeide/plugins/com.st.stm32cube.ide.mcu.externaltools.gnu-tools-for-stm32.10.3-2021.10.win32_1.0.0.202111181127/tools/bin/../lib/gcc/arm-none-eabi/10.3.1/../../../../arm-none-eabi/lib/thumb/v7e-m/nofp\libc_nano.a(lib_a-readr.o)
 .debug_frame   0x00000000000011c4       0x5c d:/st/stm32cubeide_1.10.1/stm32cubeide/plugins/com.st.stm32cube.ide.mcu.externaltools.gnu-tools-for-stm32.10.3-2021.10.win32_1.0.0.202111181127/tools/bin/../lib/gcc/arm-none-eabi/10.3.1/../../../../arm-none-eabi/lib/thumb/v7e-m/nofp\libc_nano.a(lib_a-reent.o)
