Archive member included to satisfy reference by file (symbol)

d:/st/stm32cubeide_1.10.1/stm32cubeide/plugins/com.st.stm32cube.ide.mcu.externaltools.gnu-tools-for-stm32.10.3-2021.10.win32_1.0.0.202111181127/tools/bin/../lib/gcc/arm-none-eabi/10.3.1/../../../../arm-none-eabi/lib/thumb/v7e-m/nofp\libc_nano.a(lib_a-errno.o)
                              ./Src/syscalls.o (__errno)
d:/st/stm32cubeide_1.10.1/stm32cubeide/plugins/com.st.stm32cube.ide.mcu.externaltools.gnu-tools-for-stm32.10.3-2021.10.win32_1.0.0.202111181127/tools/bin/../lib/gcc/arm-none-eabi/10.3.1/../../../../arm-none-eabi/lib/thumb/v7e-m/nofp\libc_nano.a(lib_a-exit.o)
                              d:/st/stm32cubeide_1.10.1/stm32cubeide/plugins/com.st.stm32cube.ide.mcu.externaltools.gnu-tools-for-stm32.10.3-2021.10.win32_1.0.0.202111181127/tools/bin/../lib/gcc/arm-none-eabi/10.3.1/../../../../arm-none-eabi/lib/thumb/v7e-m/nofp/crt0.o (exit)
d:/st/stm32cubeide_1.10.1/stm32cubeide/plugins/com.st.stm32cube.ide.mcu.externaltools.gnu-tools-for-stm32.10.3-2021.10.win32_1.0.0.202111181127/tools/bin/../lib/gcc/arm-none-eabi/10.3.1/../../../../arm-none-eabi/lib/thumb/v7e-m/nofp\libc_nano.a(lib_a-impure.o)
                              d:/st/stm32cubeide_1.10.1/stm32cubeide/plugins/com.st.stm32cube.ide.mcu.externaltools.gnu-tools-for-stm32.10.3-2021.10.win32_1.0.0.202111181127/tools/bin/../lib/gcc/arm-none-eabi/10.3.1/../../../../arm-none-eabi/lib/thumb/v7e-m/nofp\libc_nano.a(lib_a-exit.o) (_global_impure_ptr)
d:/st/stm32cubeide_1.10.1/stm32cubeide/plugins/com.st.stm32cube.ide.mcu.externaltools.gnu-tools-for-stm32.10.3-2021.10.win32_1.0.0.202111181127/tools/bin/../lib/gcc/arm-none-eabi/10.3.1/../../../../arm-none-eabi/lib/thumb/v7e-m/nofp\libc_nano.a(lib_a-init.o)
                              d:/st/stm32cubeide_1.10.1/stm32cubeide/plugins/com.st.stm32cube.ide.mcu.externaltools.gnu-tools-for-stm32.10.3-2021.10.win32_1.0.0.202111181127/tools/bin/../lib/gcc/arm-none-eabi/10.3.1/../../../../arm-none-eabi/lib/thumb/v7e-m/nofp/crt0.o (__libc_init_array)
d:/st/stm32cubeide_1.10.1/stm32cubeide/plugins/com.st.stm32cube.ide.mcu.externaltools.gnu-tools-for-stm32.10.3-2021.10.win32_1.0.0.202111181127/tools/bin/../lib/gcc/arm-none-eabi/10.3.1/../../../../arm-none-eabi/lib/thumb/v7e-m/nofp\libc_nano.a(lib_a-memset.o)
                              d:/st/stm32cubeide_1.10.1/stm32cubeide/plugins/com.st.stm32cube.ide.mcu.externaltools.gnu-tools-for-stm32.10.3-2021.10.win32_1.0.0.202111181127/tools/bin/../lib/gcc/arm-none-eabi/10.3.1/../../../../arm-none-eabi/lib/thumb/v7e-m/nofp/crt0.o (memset)
d:/st/stm32cubeide_1.10.1/stm32cubeide/plugins/com.st.stm32cube.ide.mcu.externaltools.gnu-tools-for-stm32.10.3-2021.10.win32_1.0.0.202111181127/tools/bin/../lib/gcc/arm-none-eabi/10.3.1/../../../../arm-none-eabi/lib/thumb/v7e-m/nofp\libc_nano.a(lib_a-puts.o)
                              ./Src/015rtc.o (puts)
d:/st/stm32cubeide_1.10.1/stm32cubeide/plugins/com.st.stm32cube.ide.mcu.externaltools.gnu-tools-for-stm32.10.3-2021.10.win32_1.0.0.202111181127/tools/bin/../lib/gcc/arm-none-eabi/10.3.1/../../../../arm-none-eabi/lib/thumb/v7e-m/nofp\libc_nano.a(lib_a-wbuf.o)
                              d:/st/stm32cubeide_1.10.1/stm32cubeide/plugins/com.st.stm32cube.ide.mcu.externaltools.gnu-tools-for-stm32.10.3-2021.10.win32_1.0.0.202111181127/tools/bin/../lib/gcc/arm-none-eabi/10.3.1/../../../../arm-none-eabi/lib/thumb/v7e-m/nofp\libc_nano.a(lib_a-puts.o) (__swbuf_r)
d:/st/stm32cubeide_1.10.1/stm32cubeide/plugins/com.st.stm32cube.ide.mcu.externaltools.gnu-tools-for-stm32.10.3-2021.10.win32_1.0.0.202111181127/tools/bin/../lib/gcc/arm-none-eabi/10.3.1/../../../../arm-none-eabi/lib/thumb/v7e-m/nofp\libc_nano.a(lib_a-wsetup.o)
                              d:/st/stm32cubeide_1.10.1/stm32cubeide/plugins/com.st.stm32cube.ide.mcu.externaltools.gnu-tools-for-stm32.10.3-2021.10.win32_1.0.0.202111181127/tools/bin/../lib/gcc/arm-none-eabi/10.3.1/../../../../arm-none-eabi/lib/thumb/v7e-m/nofp\libc_nano.a(lib_a-puts.o) (__swsetup_r)
d:/st/stm32cubeide_1.10.1/stm32cubeide/plugins/com.st.stm32cube.ide.mcu.externaltools.gnu-tools-for-stm32.10.3-2021.10.win32_1.0.0.202111181127/tools/bin/../lib/gcc/arm-none-eabi/10.3.1/../../../../arm-none-eabi/lib/thumb/v7e-m/nofp\libc_nano.a(lib_a-fflush.o)
                              d:/st/stm32cubeide_1.10.1/stm32cubeide/plugins/com.st.stm32cube.ide.mcu.externaltools.gnu-tools-for-stm32.10.3-2021.10.win32_1.0.0.202111181127/tools/bin/../lib/gcc/arm-none-eabi/10.3.1/../../../../arm-none-eabi/lib/thumb/v7e-m/nofp\libc_nano.a(lib_a-wbuf.o) (_fflush_r)
d:/st/stm32cubeide_1.10.1/stm32cubeide/plugins/com.st.stm32cube.ide.mcu.externaltools.gnu-tools-for-stm32.10.3-2021.10.win32_1.0.0.202111181127/tools/bin/../lib/gcc/arm-none-eabi/10.3.1/../../../../arm-none-eabi/lib/thumb/v7e-m/nofp\libc_nano.a(lib_a-findfp.o)
[...]
Memory Configuration

Name             Origin             Length             Attributes
CCMRAM           0x0000000010000000 0x0000000000010000 xrw
RAM              0x0000000020000000 0x0000000000020000 xrw
FLASH            0x0000000008000000 0x0000000000100000 xr
*default*        0x0000000000000000 0xffffffffffffffff

Linker script and memory map

LOAD d:/st/stm32cubeide_1.10.1/stm32cubeide/plugins/com.st.stm32cube.ide.mcu.externaltools.gnu-tools-for-stm32.10.3-2021.10.win32_1.0.0.202111181127/tools/bin/../lib/gcc/arm-none-eabi/10.3.1/thumb/v7e-m/nofp/crti.o
LOAD d:/st/stm32cubeide_1.10.1/stm32cubeide/plugins/com.st.stm32cube.ide.mcu.externaltools.gnu-tools-for-stm32.10.3-2021.10.win32_1.0.0.202111181127/tools/bin/../lib/gcc/arm-none-eabi/10.3.1/thumb/v7e-m/nofp/crtbegin.o
LOAD d:/st/stm32cubeide_1.10.1/stm32cubeide/plugins/com.st.stm32cube.ide.mcu.externaltools.gnu-tools-for-stm32.10.3-2021.10.win32_1.0.0.202111181127/tools/bin/../lib/gcc/arm-none-eabi/10.3.1/../../../../arm-none-eabi/lib/thumb/v7e-m/nofp/crt0.o
LOAD ./Src/015rtc.o
LOAD ./Src/syscalls.o
LOAD ./Src/sysmem.o
LOAD ./Startup/startup_stm32f407vgtx.o
LOAD ./bsp/ds1307.o
LOAD ./bsp/lcd.o
LOAD ./drivers/Src/stm32f407xx_gpio_driver.o
LOAD ./drivers/Src/stm32f407xx_i2c_driver.o
LOAD ./drivers/Src/stm32f407xx_rcc_driver.o
LOAD ./drivers/Src/stm32f407xx_spi_driver.o
LOAD ./drivers/Src/stm32f407xx_usart_driver.o
START GROUP
LOAD d:/st/stm32cubeide_1.10.1/stm32cubeide/plugins/com.st.stm32cube.ide.mcu.externaltools.gnu-tools-for-stm32.10.3-2021.10.win32_1.0.0.202111181127/tools/bin/../lib/gcc/arm-none-eabi/10.3.1/../../../../arm-none-eabi/lib/thumb/v7e-m/nofp\libc_nano.a
LOAD d:/st/stm32cubeide_1.10.1/stm32cubeide/plugins/com.st.stm32cube.ide.mcu.externaltools.gnu-tools-for-stm32.10.3-2021.10.win32_1.0.0.202111181127/tools/bin/../lib/gcc/arm-none-eabi/10.3.1/../../../../arm-none-eabi/lib/thumb/v7e-m/nofp\libm.a
END GROUP
START GROUP
LOAD d:/st/stm32cubeide_1.10.1/stm32cubeide/plugins/com.st.stm32cube.ide.mcu.externaltools.gnu-tools-for-stm32.10.3-2021.10.win32_1.0.0.202111181127/tools/bin/../lib/gcc/arm-none-eabi/10.3.1/thumb/v7e-m/nofp\libgcc.a
LOAD d:/st/stm32cubeide_1.10.1/stm32cubeide/plugins/com.st.stm32cube.ide.mcu.externaltools.gnu-tools-for-stm32.10.3-2021.10.win32_1.0.0.202111181127/tools/bin/../lib/gcc/arm-none-eabi/10.3.1/../../../../arm-none-eabi/lib/thumb/v7e-m/nofp\libc_nano.a
END GROUP
START GROUP
LOAD d:/st/stm32cubeide_1.10.1/stm32cubeide/plugins/com.st.stm32cube.ide.mcu.externaltools.gnu-tools-for-stm32.10.3-2021.10.win32_1.0.0.202111181127/tools/bin/../lib/gcc/arm-none-eabi/10.3.1/thumb/v7e-m/nofp\libgcc.a
LOAD d:/st/stm32cubeide_1.10.1/stm32cubeide/plugins/com.st.stm32cube.ide.mcu.externaltools.gnu-tools-for-stm32.10.3-2021.10.win32_1.0.0.202111181127/tools/bin/../lib/gcc/arm-none-eabi/10.3.1/../../../../arm-none-eabi/lib/thumb/v7e-m/nofp\libc_nano.a
LOAD d:/st/stm32cubeide_1.10.1/stm32cubeide/plugins/com.st.stm32cube.ide.mcu.externaltools.gnu-tools-for-stm32.10.3-2021.10.win32_1.0.0.202111181127/tools/bin/../lib/gcc/arm-none-eabi/10.3.1/../../../../arm-none-eabi/lib/thumb/v7e-m/nofp\libnosys.a
END GROUP
START GROUP
LOAD d:/st/stm32cubeide_1.10.1/stm32cubeide/plugins/com.st.stm32cube.ide.mcu.externaltools.gnu-tools-for-stm32.10.3-2021.10.win32_1.0.0.202111181127/tools/bin/../lib/gcc/arm-none-eabi/10.3.1/thumb/v7e-m/nofp\libgcc.a
LOAD d:/st/stm32cubeide_1.10.1/stm32cubeide/plugins/com.st.stm32cube.ide.mcu.externaltools.gnu-tools-for-stm32.10.3-2021.10.win32_1.0.0.202111181127/tools/bin/../lib/gcc/arm-none-eabi/10.3.1/../../../../arm-none-eabi/lib/thumb/v7e-m/nofp\libc_nano.a
LOAD d:/st/stm32cubeide_1.10.1/stm32cubeide/plugins/com.st.stm32cube.ide.mcu.externaltools.gnu-tools-for-stm32.10.3-2021.10.win32_1.0.0.202111181127/tools/bin/../lib/gcc/arm-none-eabi/10.3.1/../../../../arm-none-eabi/lib/thumb/v7e-m/nofp\libnosys.a
END GROUP
LOAD d:/st/stm32cubeide_1.10.1/stm32cubeide/plugins/com.st.stm32cube.ide.mcu.externaltools.gnu-tools-for-stm32.10.3-2021.10.win32_1.0.0.202111181127/tools/bin/../lib/gcc/arm-none-eabi/10.3.1/thumb/v7e-m/nofp/crtend.o
LOAD d:/st/stm32cubeide_1.10.1/stm32cubeide/plugins/com.st.stm32cube.ide.mcu.externaltools.gnu-tools-for-stm32.10.3-2021.10.win32_1.0.0.202111181127/tools/bin/../lib/gcc/arm-none-eabi/10.3.1/thumb/v7e-m/nofp/crtn.o
                0x0000000020020000                _estack = (ORIGIN (RAM) + LENGTH (RAM))
                0x0000000000000200                _Min_Heap_Size = 0x200
                0x0000000000000400                _Min_Stack_Size = 0x400

.isr_vector     0x0000000008000000      0x1a8
                0x0000000008000000                . = ALIGN (0x4)
 *(.isr_vector)
 .isr_vector    0x0000000008000000      0x1a8 ./Startup/startup_stm32f407vgtx.o
                0x0000000008000000                g_pfnVectors
                0x00000000080001a8                . = ALIGN (0x4)

.text           0x00000000080001a8     0x229c
                0x00000000080001a8                . = ALIGN (0x4)
 *(.text)
 .text          0x00000000080001a8       0x40 d:/st/stm32cubeide_1.10.1/stm32cubeide/plugins/com.st.stm32cube.ide.mcu.externaltools.gnu-tools-for-stm32.10.3-2021.10.win32_1.0.0.202111181127/tools/bin/../lib/gcc/arm-none-eabi/10.3.1/thumb/v7e-m/nofp/crtbegin.o
 *(.text*)
 .text.init_systick_timer
                0x00000000080001e8       0x68 ./Src/015rtc.o
                0x00000000080001e8                init_systick_timer
 .text.get_day_of_week
                0x0000000008000250       0x3c ./Src/015rtc.o
                0x0000000008000250                get_day_of_week
 .text.number_to_string
                0x000000000800028c       0x74 ./Src/015rtc.o
                0x000000000800028c                number_to_string
 .text.time_to_string
                0x0000000008000300       0x54 ./Src/015rtc.o
                0x0000000008000300                time_to_string
 .text.date_to_string
                0x0000000008000354       0x54 ./Src/015rtc.o
                0x0000000008000354                date_to_string
 .text.mdelay   0x00000000080003a8       0x30 ./Src/015rtc.o
 .text.main     0x00000000080003d8       0xe8 ./Src/015rtc.o
                0x00000000080003d8                main
 .text.SysTick_Handler
                0x00000000080004c0       0xac ./Src/015rtc.o
                0x00000000080004c0                SysTick_Handler
 .text.ITM_SendChar
                0x000000000800056c       0x4c ./Src/syscalls.o
                0x000000000800056c                ITM_SendChar
 .text._read    0x00000000080005b8       0x3a ./Src/syscalls.o
                0x00000000080005b8                _read
 .text._write   0x00000000080005f2       0x38 ./Src/syscalls.o
                0x00000000080005f2                _write
 .text._close   0x000000000800062a       0x16 ./Src/syscalls.o
                0x000000000800062a                _close
 .text._fstat   0x0000000008000640       0x1e ./Src/syscalls.o
                0x0000000008000640                _fstat
 .text._isatty  0x000000000800065e       0x14 ./Src/syscalls.o
                0x000000000800065e                _isatty
 .text._lseek   0x0000000008000672       0x18 ./Src/syscalls.o
                0x0000000008000672                _lseek
 *fill*         0x000000000800068a        0x2 
 .text._sbrk    0x000000000800068c       0x6c ./Src/sysmem.o
                0x000000000800068c                _sbrk
 .text.Reset_Handler
                0x00000000080006f8       0x50 ./Startup/startup_stm32f407vgtx.o
                0x00000000080006f8                Reset_Handler
 .text.Default_Handler
                0x0000000008000748        0x2 ./Startup/startup_stm32f407vgtx.o
                0x0000000008000748                RTC_Alarm_IRQHandler
                0x0000000008000748                HASH_RNG_IRQHandler
                0x0000000008000748                EXTI2_IRQHandler
                0x0000000008000748                TIM8_CC_IRQHandler
                0x0000000008000748                DebugMon_Handler
                0x0000000008000748                TIM1_CC_IRQHandler
                0x0000000008000748                DMA2_Stream5_IRQHandler
                0x0000000008000748                HardFault_Handler
                0x0000000008000748                DMA1_Stream5_IRQHandler
                0x0000000008000748                PVD_IRQHandler
                0x0000000008000748                SDIO_IRQHandler
                0x0000000008000748                TAMP_STAMP_IRQHandler
                0x0000000008000748                PendSV_Handler
                0x0000000008000748                NMI_Handler
                0x0000000008000748                CAN2_RX1_IRQHandler
                0x0000000008000748                EXTI3_IRQHandler
                0x0000000008000748                TIM8_TRG_COM_TIM14_IRQHandler
                0x0000000008000748                TIM1_UP_TIM10_IRQHandler
                0x0000000008000748                TIM8_UP_TIM13_IRQHandler
                0x0000000008000748                I2C3_ER_IRQHandler
                0x0000000008000748                LCD_TFT_IRQHandler
                0x0000000008000748                EXTI0_IRQHandler
                0x0000000008000748                I2C2_EV_IRQHandler
                0x0000000008000748                DMA1_Stream2_IRQHandler
                0x0000000008000748                CAN1_RX0_IRQHandler
                0x0000000008000748                FPU_IRQHandler
                0x0000000008000748                OTG_HS_WKUP_IRQHandler
                0x0000000008000748                UsageFault_Handler
                0x0000000008000748                CAN2_SCE_IRQHandler
                0x0000000008000748                DMA2_Stream2_IRQHandler
                0x0000000008000748                SPI1_IRQHandler
                0x0000000008000748                TIM6_DAC_IRQHandler
                0x0000000008000748                TIM1_BRK_TIM9_IRQHandler
                0x0000000008000748                DCMI_IRQHandler
                0x0000000008000748                CAN2_RX0_IRQHandler
                0x0000000008000748                DMA2_Stream3_IRQHandler
                0x0000000008000748                USART6_IRQHandler
                0x0000000008000748                USART3_IRQHandler
                0x0000000008000748                CRYP_IRQHandler
                0x0000000008000748                CAN1_RX1_IRQHandler
                0x0000000008000748                UART5_IRQHandler
                0x0000000008000748                DMA2_Stream0_IRQHandler
                0x0000000008000748                TIM4_IRQHandler
                0x0000000008000748                I2C1_EV_IRQHandler
                0x0000000008000748                DMA1_Stream6_IRQHandler
                0x0000000008000748                DMA1_Stream1_IRQHandler
                0x0000000008000748                UART4_IRQHandler
                0x0000000008000748                LCD_TFT_1_IRQHandler
                0x0000000008000748                TIM3_IRQHandler
                0x0000000008000748                RCC_IRQHandler
                0x0000000008000748                TIM8_BRK_TIM12_IRQHandler
                0x0000000008000748                Default_Handler
                0x0000000008000748                EXTI15_10_IRQHandler
                0x0000000008000748                ADC_IRQHandler
                0x0000000008000748                DMA1_Stream7_IRQHandler
                0x0000000008000748                TIM7_IRQHandler
                0x0000000008000748                CAN2_TX_IRQHandler
                0x0000000008000748                TIM5_IRQHandler
                0x0000000008000748                DMA2_Stream7_IRQHandler
                0x0000000008000748                I2C3_EV_IRQHandler
                0x0000000008000748                EXTI9_5_IRQHandler
                0x0000000008000748                RTC_WKUP_IRQHandler
                0x0000000008000748                ETH_WKUP_IRQHandler
                0x0000000008000748                SPI2_IRQHandler
                0x0000000008000748                OTG_HS_EP1_IN_IRQHandler
                0x0000000008000748                MemManage_Handler
                0x0000000008000748                DMA1_Stream0_IRQHandler
                0x0000000008000748                CAN1_TX_IRQHandler
                0x0000000008000748                SVC_Handler
                0x0000000008000748                EXTI4_IRQHandler
                0x0000000008000748                FSMC_IRQHandler
                0x0000000008000748                ETH_IRQHandler
                0x0000000008000748                OTG_HS_EP1_OUT_IRQHandler
                0x0000000008000748                WWDG_IRQHandler
                0x0000000008000748                TIM2_IRQHandler
                0x0000000008000748                OTG_FS_WKUP_IRQHandler
                0x0000000008000748                TIM1_TRG_COM_TIM11_IRQHandler
                0x0000000008000748                OTG_HS_IRQHandler
                0x0000000008000748                EXTI1_IRQHandler
                0x0000000008000748                USART2_IRQHandler
                0x0000000008000748                I2C2_ER_IRQHandler
                0x0000000008000748                DMA2_Stream1_IRQHandler
                0x0000000008000748                CAN1_SCE_IRQHandler
                0x0000000008000748                DMA2_Stream4_IRQHandler
                0x0000000008000748                BusFault_Handler
                0x0000000008000748                USART1_IRQHandler
                0x0000000008000748                OTG_FS_IRQHandler
                0x0000000008000748                SPI3_IRQHandler
                0x0000000008000748                DMA1_Stream4_IRQHandler
                0x0000000008000748                I2C1_ER_IRQHandler
                0x0000000008000748                DMA2_Stream6_IRQHandler
                0x0000000008000748                DMA1_Stream3_IRQHandler
 *fill*         0x000000000800074a        0x2 
 .text.ds1307_init
                0x000000000800074c       0x3c ./bsp/ds1307.o
                0x000000000800074c                ds1307_init
 .text.ds1307_set_current_time
                0x0000000008000788       0x92 ./bsp/ds1307.o
                0x0000000008000788                ds1307_set_current_time
 .text.ds1307_get_current_time
                0x000000000800081a       0x92 ./bsp/ds1307.o
                0x000000000800081a                ds1307_get_current_time
 .text.ds1307_set_current_date
                0x00000000080008ac       0x60 ./bsp/ds1307.o
                0x00000000080008ac                ds1307_set_current_date
 .text.ds1307_get_current_date
                0x000000000800090c       0x48 ./bsp/ds1307.o
                0x000000000800090c                ds1307_get_current_date
 .text.ds1307_i2c_pin_config
                0x0000000008000954       0x78 ./bsp/ds1307.o
 .text.ds1307_i2c_config
                0x00000000080009cc       0x2c ./bsp/ds1307.o
 .text.ds1307_write
                0x00000000080009f8       0x3c ./bsp/ds1307.o
 .text.ds1307_read
                0x0000000008000a34       0x40 ./bsp/ds1307.o
 .text.binary_to_bcd
                0x0000000008000a74       0x58 ./bsp/ds1307.o
 .text.bcd_to_binary
                0x0000000008000acc       0x34 ./bsp/ds1307.o
 .text.lcd_send_command
                0x0000000008000b00       0x44 ./bsp/lcd.o
                0x0000000008000b00                lcd_send_command
 .text.lcd_print_char
                0x0000000008000b44       0x44 ./bsp/lcd.o
                0x0000000008000b44                lcd_print_char
 .text.lcd_print_string
                0x0000000008000b88       0x28 ./bsp/lcd.o
                0x0000000008000b88                lcd_print_string
 .text.lcd_init
                0x0000000008000bb0      0x114 ./bsp/lcd.o
                0x0000000008000bb0                lcd_init
 .text.write_4_bits
                0x0000000008000cc4       0x70 ./bsp/lcd.o
 .text.lcd_display_clear
                0x0000000008000d34       0x14 ./bsp/lcd.o
                0x0000000008000d34                lcd_display_clear
 .text.lcd_display_return_home
                0x0000000008000d48       0x14 ./bsp/lcd.o
                0x0000000008000d48                lcd_display_return_home
 .text.lcd_set_cursor
                0x0000000008000d5c       0x4e ./bsp/lcd.o
                0x0000000008000d5c                lcd_set_cursor
 *fill*         0x0000000008000daa        0x2 
 .text.lcd_enable
                0x0000000008000dac       0x2c ./bsp/lcd.o
 .text.mdelay   0x0000000008000dd8       0x30 ./bsp/lcd.o
 .text.udelay   0x0000000008000e08       0x28 ./bsp/lcd.o
 .text.GPIO_PeriClockControl
                0x0000000008000e30      0x1d0 ./drivers/Src/stm32f407xx_gpio_driver.o
                0x0000000008000e30                GPIO_PeriClockControl
 .text.GPIO_Init
                0x0000000008001000      0x338 ./drivers/Src/stm32f407xx_gpio_driver.o
                0x0000000008001000                GPIO_Init
 .text.GPIO_WriteToOutputPin
                0x0000000008001338       0x48 ./drivers/Src/stm32f407xx_gpio_driver.o
                0x0000000008001338                GPIO_WriteToOutputPin
 .text.I2C_GenerateStartCondition
                0x0000000008001380       0x1e ./drivers/Src/stm32f407xx_i2c_driver.o
 .text.I2C_ExecuteAddressPhaseWrite
                0x000000000800139e       0x2a ./drivers/Src/stm32f407xx_i2c_driver.o
 .text.I2C_ExecuteAddressPhaseRead
                0x00000000080013c8       0x2a ./drivers/Src/stm32f407xx_i2c_driver.o
 .text.I2C_ClearADDRFlag
                0x00000000080013f2       0x6e ./drivers/Src/stm32f407xx_i2c_driver.o
 .text.I2C_GenerateStopCondition
                0x0000000008001460       0x1e ./drivers/Src/stm32f407xx_i2c_driver.o
                0x0000000008001460                I2C_GenerateStopCondition
 .text.I2C_PeripheralControl
                0x000000000800147e       0x36 ./drivers/Src/stm32f407xx_i2c_driver.o
                0x000000000800147e                I2C_PeripheralControl
 .text.I2C_Init
                0x00000000080014b4      0x150 ./drivers/Src/stm32f407xx_i2c_driver.o
                0x00000000080014b4                I2C_Init
 .text.I2C_GetFlagStatus
                0x0000000008001604       0x26 ./drivers/Src/stm32f407xx_i2c_driver.o
                0x0000000008001604                I2C_GetFlagStatus
 .text.I2C_MasterSendData
                0x000000000800162a       0xfa ./drivers/Src/stm32f407xx_i2c_driver.o
                0x000000000800162a                I2C_MasterSendData
 .text.I2C_MasterReceiveData
                0x0000000008001724      0x10c ./drivers/Src/stm32f407xx_i2c_driver.o
                0x0000000008001724                I2C_MasterReceiveData
 .text.I2C_ManageAcking
                0x0000000008001830       0x36 ./drivers/Src/stm32f407xx_i2c_driver.o
                0x0000000008001830                I2C_ManageAcking
 *fill*         0x0000000008001866        0x2 
 .text.I2C_PeriClockControl
                0x0000000008001868       0xb0 ./drivers/Src/stm32f407xx_i2c_driver.o
                0x0000000008001868                I2C_PeriClockControl
 .text.RCC_GetPCLK1Value
                0x0000000008001918       0xb0 ./drivers/Src/stm32f407xx_rcc_driver.o
                0x0000000008001918                RCC_GetPCLK1Value
 .text.RCC_GetPLLOutputClock
                0x00000000080019c8        0xe ./drivers/Src/stm32f407xx_rcc_driver.o
                0x00000000080019c8                RCC_GetPLLOutputClock
 *fill*         0x00000000080019d6        0x2 
 .text.__errno  0x00000000080019d8        0xc d:/st/stm32cubeide_1.10.1/stm32cubeide/plugins/com.st.stm32cube.ide.mcu.externaltools.gnu-tools-for-stm32.10.3-2021.10.win32_1.0.0.202111181127/tools/bin/../lib/gcc/arm-none-eabi/10.3.1/../../../../arm-none-eabi/lib/thumb/v7e-m/nofp\libc_nano.a(lib_a-errno.o)
                0x00000000080019d8                __errno
 .text.__libc_init_array
                0x00000000080019e4       0x48 d:/st/stm32cubeide_1.10.1/stm32cubeide/plugins/com.st.stm32cube.ide.mcu.externaltools.gnu-tools-for-stm32.10.3-2021.10.win32_1.0.0.202111181127/tools/bin/../lib/gcc/arm-none-eabi/10.3.1/../../../../arm-none-eabi/lib/thumb/v7e-m/nofp\libc_nano.a(lib_a-init.o)
                0x00000000080019e4                __libc_init_array
 .text.memset   0x0000000008001a2c       0x10 d:/st/stm32cubeide_1.10.1/stm32cubeide/plugins/com.st.stm32cube.ide.mcu.externaltools.gnu-tools-for-stm32.10.3-2021.10.win32_1.0.0.202111181127/tools/bin/../lib/gcc/arm-none-eabi/10.3.1/../../../../arm-none-eabi/lib/thumb/v7e-m/nofp\libc_nano.a(lib_a-memset.o)
                0x0000000008001a2c                memset
 .text._puts_r  0x0000000008001a3c       0xdc d:/st/stm32cubeide_1.10.1/stm32cubeide/plugins/com.st.stm32cube.ide.mcu.externaltools.gnu-tools-for-stm32.10.3-2021.10.win32_1.0.0.202111181127/tools/bin/../lib/gcc/arm-none-eabi/10.3.1/../../../../arm-none-eabi/lib/thumb/v7e-m/nofp\libc_nano.a(lib_a-puts.o)
                0x0000000008001a3c                _puts_r
 .text.puts     0x0000000008001b18       0x10 d:/st/stm32cubeide_1.10.1/stm32cubeide/plugins/com.st.stm32cube.ide.mcu.externaltools.gnu-tools-for-stm32.10.3-2021.10.win32_1.0.0.202111181127/tools/bin/../lib/gcc/arm-none-eabi/10.3.1/../../../../arm-none-eabi/lib/thumb/v7e-m/nofp\libc_nano.a(lib_a-puts.o)
                0x0000000008001b18                puts
 .text.__swbuf_r
                0x0000000008001b28       0xa4 d:/st/stm32cubeide_1.10.1/stm32cubeide/plugins/com.st.stm32cube.ide.mcu.externaltools.gnu-tools-for-stm32.10.3-2021.10.win32_1.0.0.202111181127/tools/bin/../lib/gcc/arm-none-eabi/10.3.1/../../../../arm-none-eabi/lib/thumb/v7e-m/nofp\libc_nano.a(lib_a-wbuf.o)
                0x0000000008001b28                __swbuf_r
 .text.__swsetup_r
                0x0000000008001bcc       0xdc d:/st/stm32cubeide_1.10.1/stm32cubeide/plugins/com.st.stm32cube.ide.mcu.externaltools.gnu-tools-for-stm32.10.3-2021.10.win32_1.0.0.202111181127/tools/bin/../lib/gcc/arm-none-eabi/10.3.1/../../../../arm-none-eabi/lib/thumb/v7e-m/nofp\libc_nano.a(lib_a-wsetup.o)
                0x0000000008001bcc                __swsetup_r
 .text.__sflush_r
                0x0000000008001ca8      0x104 d:/st/stm32cubeide_1.10.1/stm32cubeide/plugins/com.st.stm32cube.ide.mcu.externaltools.gnu-tools-for-stm32.10.3-2021.10.win32_1.0.0.202111181127/tools/bin/../lib/gcc/arm-none-eabi/10.3.1/../../../../arm-none-eabi/lib/thumb/v7e-m/nofp\libc_nano.a(lib_a-fflush.o)
                0x0000000008001ca8                __sflush_r
 .text._fflush_r
                0x0000000008001dac       0x78 d:/st/stm32cubeide_1.10.1/stm32cubeide/plugins/com.st.stm32cube.ide.mcu.externaltools.gnu-tools-for-stm32.10.3-2021.10.win32_1.0.0.202111181127/tools/bin/../lib/gcc/arm-none-eabi/10.3.1/../../../../arm-none-eabi/lib/thumb/v7e-m/nofp\libc_nano.a(lib_a-fflush.o)
                0x0000000008001dac                _fflush_r
 .text.std      0x0000000008001e24       0x48 d:/st/stm32cubeide_1.10.1/stm32cubeide/plugins/com.st.stm32cube.ide.mcu.externaltools.gnu-tools-for-stm32.10.3-2021.10.win32_1.0.0.202111181127/tools/bin/../lib/gcc/arm-none-eabi/10.3.1/../../../../arm-none-eabi/lib/thumb/v7e-m/nofp\libc_nano.a(lib_a-findfp.o)
 .text._cleanup_r
                0x0000000008001e6c        0xc d:/st/stm32cubeide_1.10.1/stm32cubeide/plugins/com.st.stm32cube.ide.mcu.externaltools.gnu-tools-for-stm32.10.3-2021.10.win32_1.0.0.202111181127/tools/bin/../lib/gcc/arm-none-eabi/10.3.1/../../../../arm-none-eabi/lib/thumb/v7e-m/nofp\libc_nano.a(lib_a-findfp.o)
                0x0000000008001e6c                _cleanup_r
 .text.__sfmoreglue
                0x0000000008001e78       0x2c d:/st/stm32cubeide_1.10.1/stm32cubeide/plugins/com.st.stm32cube.ide.mcu.externaltools.gnu-tools-for-stm32.10.3-2021.10.win32_1.0.0.202111181127/tools/bin/../lib/gcc/arm-none-eabi/10.3.1/../../../../arm-none-eabi/lib/thumb/v7e-m/nofp\libc_nano.a(lib_a-findfp.o)
                0x0000000008001e78                __sfmoreglue
 .text.__sfp_lock_acquire
                0x0000000008001ea4        0xc d:/st/stm32cubeide_1.10.1/stm32cubeide/plugins/com.st.stm32cube.ide.mcu.externaltools.gnu-tools-for-stm32.10.3-2021.10.win32_1.0.0.202111181127/tools/bin/../lib/gcc/arm-none-eabi/10.3.1/../../../../arm-none-eabi/lib/thumb/v7e-m/nofp\libc_nano.a(lib_a-findfp.o)
                0x0000000008001ea4                __sfp_lock_acquire
 .text.__sfp_lock_release
                0x0000000008001eb0        0xc d:/st/stm32cubeide_1.10.1/stm32cubeide/plugins/com.st.stm32cube.ide.mcu.externaltools.gnu-tools-for-stm32.10.3-2021.10.win32_1.0.0.202111181127/tools/bin/../lib/gcc/arm-none-eabi/10.3.1/../../../../arm-none-eabi/lib/thumb/v7e-m/nofp\libc_nano.a(lib_a-findfp.o)
                0x0000000008001eb0                __sfp_lock_release
 .text.__sinit_lock_acquire
                0x0000000008001ebc        0xc d:/st/stm32cubeide_1.10.1/stm32cubeide/plugins/com.st.stm32cube.ide.mcu.externaltools.gnu-tools-for-stm32.10.3-2021.10.win32_1.0.0.202111181127/tools/bin/../lib/gcc/arm-none-eabi/10.3.1/../../../../arm-none-eabi/lib/thumb/v7e-m/nofp\libc_nano.a(lib_a-findfp.o)
                0x0000000008001ebc                __sinit_lock_acquire
 .text.__sinit_lock_release
                0x0000000008001ec8        0xc d:/st/stm32cubeide_1.10.1/stm32cubeide/plugins/com.st.stm32cube.ide.mcu.externaltools.gnu-tools-for-stm32.10.3-2021.10.win32_1.0.0.202111181127/tools/bin/../lib/gcc/arm-none-eabi/10.3.1/../../../../arm-none-eabi/lib/thumb/v7e-m/nofp\libc_nano.a(lib_a-findfp.o)
                0x0000000008001ec8                __sinit_lock_release
 .text.__sinit  0x0000000008001ed4       0x70 d:/st/stm32cubeide_1.10.1/stm32cubeide/plugins/com.st.stm32cube.ide.mcu.externaltools.gnu-tools-for-stm32.10.3-2021.10.win32_1.0.0.202111181127/tools/bin/../lib/gcc/arm-none-eabi/10.3.1/../../../../arm-none-eabi/lib/thumb/v7e-m/nofp\libc_nano.a(lib_a-findfp.o)
                0x0000000008001ed4                __sinit
 .text.__sfp    0x0000000008001f44       0x8c d:/st/stm32cubeide_1.10.1/stm32cubeide/plugins/com.st.stm32cube.ide.mcu.externaltools.gnu-tools-for-stm32.10.3-2021.10.win32_1.0.0.202111181127/tools/bin/../lib/gcc/arm-none-eabi/10.3.1/../../../../arm-none-eabi/lib/thumb/v7e-m/nofp\libc_nano.a(lib_a-findfp.o)
                0x0000000008001f44                __sfp
 .text._fwalk_reent
                0x0000000008001fd0       0x3e d:/st/stm32cubeide_1.10.1/stm32cubeide/plugins/com.st.stm32cube.ide.mcu.externaltools.gnu-tools-for-stm32.10.3-2021.10.win32_1.0.0.202111181127/tools/bin/../lib/gcc/arm-none-eabi/10.3.1/../../../../arm-none-eabi/lib/thumb/v7e-m/nofp\libc_nano.a(lib_a-fwalk.o)
                0x0000000008001fd0                _fwalk_reent
 .text.__retarget_lock_init_recursive
                0x000000000800200e        0x2 d:/st/stm32cubeide_1.10.1/stm32cubeide/plugins/com.st.stm32cube.ide.mcu.externaltools.gnu-tools-for-stm32.10.3-2021.10.win32_1.0.0.202111181127/tools/bin/../lib/gcc/arm-none-eabi/10.3.1/../../../../arm-none-eabi/lib/thumb/v7e-m/nofp\libc_nano.a(lib_a-lock.o)
                0x000000000800200e                __retarget_lock_init_recursive
 .text.__retarget_lock_acquire_recursive
                0x0000000008002010        0x2 d:/st/stm32cubeide_1.10.1/stm32cubeide/plugins/com.st.stm32cube.ide.mcu.externaltools.gnu-tools-for-stm32.10.3-2021.10.win32_1.0.0.202111181127/tools/bin/../lib/gcc/arm-none-eabi/10.3.1/../../../../arm-none-eabi/lib/thumb/v7e-m/nofp\libc_nano.a(lib_a-lock.o)
                0x0000000008002010                __retarget_lock_acquire_recursive
 .text.__retarget_lock_release_recursive
                0x0000000008002012        0x2 d:/st/stm32cubeide_1.10.1/stm32cubeide/plugins/com.st.stm32cube.ide.mcu.externaltools.gnu-tools-for-stm32.10.3-2021.10.win32_1.0.0.202111181127/tools/bin/../lib/gcc/arm-none-eabi/10.3.1/../../../../arm-none-eabi/lib/thumb/v7e-m/nofp\libc_nano.a(lib_a-lock.o)
                0x0000000008002012                __retarget_lock_release_recursive
 .text.__swhatbuf_r
                0x0000000008002014       0x4a d:/st/stm32cubeide_1.10.1/stm32cubeide/plugins/com.st.stm32cube.ide.mcu.externaltools.gnu-tools-for-stm32.10.3-2021.10.win32_1.0.0.202111181127/tools/bin/../lib/gcc/arm-none-eabi/10.3.1/../../../../arm-none-eabi/lib/thumb/v7e-m/nofp\libc_nano.a(lib_a-makebuf.o)
                0x0000000008002014                __swhatbuf_r
 *fill*         0x000000000800205e        0x2 
 .text.__smakebuf_r
                0x0000000008002060       0x80 d:/st/stm32cubeide_1.10.1/stm32cubeide/plugins/com.st.stm32cube.ide.mcu.externaltools.gnu-tools-for-stm32.10.3-2021.10.win32_1.0.0.202111181127/tools/bin/../lib/gcc/arm-none-eabi/10.3.1/../../../../arm-none-eabi/lib/thumb/v7e-m/nofp\libc_nano.a(lib_a-makebuf.o)
                0x0000000008002060                __smakebuf_r
 .text._free_r  0x00000000080020e0       0x94 d:/st/stm32cubeide_1.10.1/stm32cubeide/plugins/com.st.stm32cube.ide.mcu.externaltools.gnu-tools-for-stm32.10.3-2021.10.win32_1.0.0.202111181127/tools/bin/../lib/gcc/arm-none-eabi/10.3.1/../../../../arm-none-eabi/lib/thumb/v7e-m/nofp\libc_nano.a(lib_a-nano-freer.o)
                0x00000000080020e0                _free_r
 .text.sbrk_aligned
                0x0000000008002174       0x40 d:/st/stm32cubeide_1.10.1/stm32cubeide/plugins/com.st.stm32cube.ide.mcu.externaltools.gnu-tools-for-stm32.10.3-2021.10.win32_1.0.0.202111181127/tools/bin/../lib/gcc/arm-none-eabi/10.3.1/../../../../arm-none-eabi/lib/thumb/v7e-m/nofp\libc_nano.a(lib_a-nano-mallocr.o)
 .text._malloc_r
                0x00000000080021b4       0xe8 d:/st/stm32cubeide_1.10.1/stm32cubeide/plugins/com.st.stm32cube.ide.mcu.externaltools.gnu-tools-for-stm32.10.3-2021.10.win32_1.0.0.202111181127/tools/bin/../lib/gcc/arm-none-eabi/10.3.1/../../../../arm-none-eabi/lib/thumb/v7e-m/nofp\libc_nano.a(lib_a-nano-mallocr.o)
                0x00000000080021b4                _malloc_r
 .text._sbrk_r  0x000000000800229c       0x20 d:/st/stm32cubeide_1.10.1/stm32cubeide/plugins/com.st.stm32cube.ide.mcu.externaltools.gnu-tools-for-stm32.10.3-2021.10.win32_1.0.0.202111181127/tools/bin/../lib/gcc/arm-none-eabi/10.3.1/../../../../arm-none-eabi/lib/thumb/v7e-m/nofp\libc_nano.a(lib_a-sbrkr.o)
                0x000000000800229c                _sbrk_r
 .text.__sread  0x00000000080022bc       0x22 d:/st/stm32cubeide_1.10.1/stm32cubeide/plugins/com.st.stm32cube.ide.mcu.externaltools.gnu-tools-for-stm32.10.3-2021.10.win32_1.0.0.202111181127/tools/bin/../lib/gcc/arm-none-eabi/10.3.1/../../../../arm-none-eabi/lib/thumb/v7e-m/nofp\libc_nano.a(lib_a-stdio.o)
                0x00000000080022bc                __sread
 .text.__swrite
                0x00000000080022de       0x38 d:/st/stm32cubeide_1.10.1/stm32cubeide/plugins/com.st.stm32cube.ide.mcu.externaltools.gnu-tools-for-stm32.10.3-2021.10.win32_1.0.0.202111181127/tools/bin/../lib/gcc/arm-none-eabi/10.3.1/../../../../arm-none-eabi/lib/thumb/v7e-m/nofp\libc_nano.a(lib_a-stdio.o)
                0x00000000080022de                __swrite
 .text.__sseek  0x0000000008002316       0x24 d:/st/stm32cubeide_1.10.1/stm32cubeide/plugins/com.st.stm32cube.ide.mcu.externaltools.gnu-tools-for-stm32.10.3-2021.10.win32_1.0.0.202111181127/tools/bin/../lib/gcc/arm-none-eabi/10.3.1/../../../../arm-none-eabi/lib/thumb/v7e-m/nofp\libc_nano.a(lib_a-stdio.o)
                0x0000000008002316                __sseek
 .text.__sclose
                0x000000000800233a        0x8 d:/st/stm32cubeide_1.10.1/stm32cubeide/plugins/com.st.stm32cube.ide.mcu.externaltools.gnu-tools-for-stm32.10.3-2021.10.win32_1.0.0.202111181127/tools/bin/../lib/gcc/arm-none-eabi/10.3.1/../../../../arm-none-eabi/lib/thumb/v7e-m/nofp\libc_nano.a(lib_a-stdio.o)
                0x000000000800233a                __sclose
 *fill*         0x0000000008002342        0x2 
 .text._write_r
                0x0000000008002344       0x24 d:/st/stm32cubeide_1.10.1/stm32cubeide/plugins/com.st.stm32cube.ide.mcu.externaltools.gnu-tools-for-stm32.10.3-2021.10.win32_1.0.0.202111181127/tools/bin/../lib/gcc/arm-none-eabi/10.3.1/../../../../arm-none-eabi/lib/thumb/v7e-m/nofp\libc_nano.a(lib_a-writer.o)
                0x0000000008002344                _write_r
 .text._close_r
                0x0000000008002368       0x20 d:/st/stm32cubeide_1.10.1/stm32cubeide/plugins/com.st.stm32cube.ide.mcu.externaltools.gnu-tools-for-stm32.10.3-2021.10.win32_1.0.0.202111181127/tools/bin/../lib/gcc/arm-none-eabi/10.3.1/../../../../arm-none-eabi/lib/thumb/v7e-m/nofp\libc_nano.a(lib_a-closer.o)
                0x0000000008002368                _close_r
 .text._fstat_r
                0x0000000008002388       0x24 d:/st/stm32cubeide_1.10.1/stm32cubeide/plugins/com.st.stm32cube.ide.mcu.externaltools.gnu-tools-for-stm32.10.3-2021.10.win32_1.0.0.202111181127/tools/bin/../lib/gcc/arm-none-eabi/10.3.1/../../../../arm-none-eabi/lib/thumb/v7e-m/nofp\libc_nano.a(lib_a-fstatr.o)
                0x0000000008002388                _fstat_r
 .text._isatty_r
                0x00000000080023ac       0x20 d:/st/stm32cubeide_1.10.1/stm32cubeide/plugins/com.st.stm32cube.ide.mcu.externaltools.gnu-tools-for-stm32.10.3-2021.10.win32_1.0.0.202111181127/tools/bin/../lib/gcc/arm-none-eabi/10.3.1/../../../../arm-none-eabi/lib/thumb/v7e-m/nofp\libc_nano.a(lib_a-isattyr.o)
                0x00000000080023ac                _isatty_r
 .text._lseek_r
                0x00000000080023cc       0x24 d:/st/stm32cubeide_1.10.1/stm32cubeide/plugins/com.st.stm32cube.ide.mcu.externaltools.gnu-tools-for-stm32.10.3-2021.10.win32_1.0.0.202111181127/tools/bin/../lib/gcc/arm-none-eabi/10.3.1/../../../../arm-none-eabi/lib/thumb/v7e-m/nofp\libc_nano.a(lib_a-lseekr.o)
                0x00000000080023cc                _lseek_r
 .text.__malloc_lock
                0x00000000080023f0        0xc d:/st/stm32cubeide_1.10.1/stm32cubeide/plugins/com.st.stm32cube.ide.mcu.externaltools.gnu-tools-for-stm32.10.3-2021.10.win32_1.0.0.202111181127/tools/bin/../lib/gcc/arm-none-eabi/10.3.1/../../../../arm-none-eabi/lib/thumb/v7e-m/nofp\libc_nano.a(lib_a-mlock.o)
                0x00000000080023f0                __malloc_lock
 .text.__malloc_unlock
                0x00000000080023fc        0xc d:/st/stm32cubeide_1.10.1/stm32cubeide/plugins/com.st.stm32cube.ide.mcu.externaltools.gnu-tools-for-stm32.10.3-2021.10.win32_1.0.0.202111181127/tools/bin/../lib/gcc/arm-none-eabi/10.3.1/../../../../arm-none-eabi/lib/thumb/v7e-m/nofp\libc_nano.a(lib_a-mlock.o)
                0x00000000080023fc                __malloc_unlock
 .text._read_r  0x0000000008002408       0x24 d:/st/stm32cubeide_1.10.1/stm32cubeide/plugins/com.st.stm32cube.ide.mcu.externaltools.gnu-tools-for-stm32.10.3-2021.10.win32_1.0.0.202111181127/tools/bin/../lib/gcc/arm-none-eabi/10.3.1/../../../../arm-none-eabi/lib/thumb/v7e-m/nofp\libc_nano.a(lib_a-readr.o)
                0x0000000008002408                _read_r
 *(.glue_7)
 .glue_7        0x000000000800242c        0x0 linker stubs
 *(.glue_7t)
 .glue_7t       0x000000000800242c        0x0 linker stubs
 *(.eh_frame)
 .eh_frame      0x000000000800242c        0x0 d:/st/stm32cubeide_1.10.1/stm32cubeide/plugins/com.st.stm32cube.ide.mcu.externaltools.gnu-tools-for-stm32.10.3-2021.10.win32_1.0.0.202111181127/tools/bin/../lib/gcc/arm-none-eabi/10.3.1/thumb/v7e-m/nofp/crtbegin.o
 *(.init)
 .init          0x000000000800242c        0x4 d:/st/stm32cubeide_1.10.1/stm32cubeide/plugins/com.st.stm32cube.ide.mcu.externaltools.gnu-tools-for-stm32.10.3-2021.10.win32_1.0.0.202111181127/tools/bin/../lib/gcc/arm-none-eabi/10.3.1/thumb/v7e-m/nofp/crti.o
                0x000000000800242c                _init
 .init          0x0000000008002430        0x8 d:/st/stm32cubeide_1.10.1/stm32cubeide/plugins/com.st.stm32cube.ide.mcu.externaltools.gnu-tools-for-stm32.10.3-2021.10.win32_1.0.0.202111181127/tools/bin/../lib/gcc/arm-none-eabi/10.3.1/thumb/v7e-m/nofp/crtn.o
 *(.fini)
 .fini          0x0000000008002438        0x4 d:/st/stm32cubeide_1.10.1/stm32cubeide/plugins/com.st.stm32cube.ide.mcu.externaltools.gnu-tools-for-stm32.10.3-2021.10.win32_1.0.0.202111181127/tools/bin/../lib/gcc/arm-none-eabi/10.3.1/thumb/v7e-m/nofp/crti.o
                0x0000000008002438                _fini
 .fini          0x000000000800243c        0x8 d:/st/stm32cubeide_1.10.1/stm32cubeide/plugins/com.st.stm32cube.ide.mcu.externaltools.gnu-tools-for-stm32.10.3-2021.10.win32_1.0.0.202111181127/tools/bin/../lib/gcc/arm-none-eabi/10.3.1/thumb/v7e-m/nofp/crtn.o
                0x0000000008002444                . = ALIGN (0x4)
                0x0000000008002444                _etext = .

.vfp11_veneer   0x0000000008002444        0x0
 .vfp11_veneer  0x0000000008002444        0x0 linker stubs

.v4_bx          0x0000000008002444        0x0
 .v4_bx         0x0000000008002444        0x0 linker stubs

.iplt           0x0000000008002444        0x0
 .iplt          0x0000000008002444        0x0 d:/st/stm32cubeide_1.10.1/stm32cubeide/plugins/com.st.stm32cube.ide.mcu.externaltools.gnu-tools-for-stm32.10.3-2021.10.win32_1.0.0.202111181127/tools/bin/../lib/gcc/arm-none-eabi/10.3.1/thumb/v7e-m/nofp/crtbegin.o

.rodata         0x0000000008002444       0xec
                0x0000000008002444                . = ALIGN (0x4)
 *(.rodata)
 .rodata        0x0000000008002444       0x87 ./Src/015rtc.o
 *(.rodata*)
 *fill*         0x00000000080024cb        0x1 
 .rodata._global_impure_ptr
                0x00000000080024cc        0x4 d:/st/stm32cubeide_1.10.1/stm32cubeide/plugins/com.st.stm32cube.ide.mcu.externaltools.gnu-tools-for-stm32.10.3-2021.10.win32_1.0.0.202111181127/tools/bin/../lib/gcc/arm-none-eabi/10.3.1/../../../../arm-none-eabi/lib/thumb/v7e-m/nofp\libc_nano.a(lib_a-impure.o)
                0x00000000080024cc                _global_impure_ptr
 .rodata.__sf_fake_stderr
                0x00000000080024d0       0x20 d:/st/stm32cubeide_1.10.1/stm32cubeide/plugins/com.st.stm32cube.ide.mcu.externaltools.gnu-tools-for-stm32.10.3-2021.10.win32_1.0.0.202111181127/tools/bin/../lib/gcc/arm-none-eabi/10.3.1/../../../../arm-none-eabi/lib/thumb/v7e-m/nofp\libc_nano.a(lib_a-findfp.o)
                0x00000000080024d0                __sf_fake_stderr
 .rodata.__sf_fake_stdin
                0x00000000080024f0       0x20 d:/st/stm32cubeide_1.10.1/stm32cubeide/plugins/com.st.stm32cube.ide.mcu.externaltools.gnu-tools-for-stm32.10.3-2021.10.win32_1.0.0.202111181127/tools/bin/../lib/gcc/arm-none-eabi/10.3.1/../../../../arm-none-eabi/lib/thumb/v7e-m/nofp\libc_nano.a(lib_a-findfp.o)
                0x00000000080024f0                __sf_fake_stdin
 .rodata.__sf_fake_stdout
                0x0000000008002510       0x20 d:/st/stm32cubeide_1.10.1/stm32cubeide/plugins/com.st.stm32cube.ide.mcu.externaltools.gnu-tools-for-stm32.10.3-2021.10.win32_1.0.0.202111181127/tools/bin/../lib/gcc/arm-none-eabi/10.3.1/../../../../arm-none-eabi/lib/thumb/v7e-m/nofp\libc_nano.a(lib_a-findfp.o)
                0x0000000008002510                __sf_fake_stdout
                0x0000000008002530                . = ALIGN (0x4)

.rel.dyn        0x0000000008002530        0x0
 .rel.iplt      0x0000000008002530        0x0 d:/st/stm32cubeide_1.10.1/stm32cubeide/plugins/com.st.stm32cube.ide.mcu.externaltools.gnu-tools-for-stm32.10.3-2021.10.win32_1.0.0.202111181127/tools/bin/../lib/gcc/arm-none-eabi/10.3.1/thumb/v7e-m/nofp/crtbegin.o

.ARM.extab      0x0000000008002530        0x0
                0x0000000008002530                . = ALIGN (0x4)
 *(.ARM.extab* .gnu.linkonce.armextab.*)
                0x0000000008002530                . = ALIGN (0x4)

.ARM            0x0000000008002530        0x0
                0x0000000008002530                . = ALIGN (0x4)
                0x0000000008002530                __exidx_start = .
 *(.ARM.exidx*)
                0x0000000008002530                __exidx_end = .
                0x0000000008002530                . = ALIGN (0x4)

.preinit_array  0x0000000008002530        0x0
                0x0000000008002530                . = ALIGN (0x4)
                0x0000000008002530                PROVIDE (__preinit_array_start = .)
 *(.preinit_array*)
                0x0000000008002530                PROVIDE (__preinit_array_end = .)
                0x0000000008002530                . = ALIGN (0x4)

.init_array     0x0000000008002530        0x4
                0x0000000008002530                . = ALIGN (0x4)
                0x0000000008002530                PROVIDE (__init_array_start = .)
 *(SORT_BY_NAME(.init_array.*))
 *(.init_array*)
 .init_array    0x0000000008002530        0x4 d:/st/stm32cubeide_1.10.1/stm32cubeide/plugins/com.st.stm32cube.ide.mcu.externaltools.gnu-tools-for-stm32.10.3-2021.10.win32_1.0.0.202111181127/tools/bin/../lib/gcc/arm-none-eabi/10.3.1/thumb/v7e-m/nofp/crtbegin.o
                0x0000000008002534                PROVIDE (__init_array_end = .)
                0x0000000008002534                . = ALIGN (0x4)

.fini_array     0x0000000008002534        0x4
                0x0000000008002534                . = ALIGN (0x4)
                [!provide]                        PROVIDE (__fini_array_start = .)
 *(SORT_BY_NAME(.fini_array.*))
 *(.fini_array*)
 .fini_array    0x0000000008002534        0x4 d:/st/stm32cubeide_1.10.1/stm32cubeide/plugins/com.st.stm32cube.ide.mcu.externaltools.gnu-tools-for-stm32.10.3-2021.10.win32_1.0.0.202111181127/tools/bin/../lib/gcc/arm-none-eabi/10.3.1/thumb/v7e-m/nofp/crtbegin.o
                [!provide]                        PROVIDE (__fini_array_end = .)
                0x0000000008002538                . = ALIGN (0x4)
                0x0000000008002538                _sidata = LOADADDR (.data)

.data           0x0000000020000000       0x78 load address 0x0000000008002538
                0x0000000020000000                . = ALIGN (0x4)
                0x0000000020000000                _sdata = .
 *(.data)
 *(.data*)
 .data.AHB_PreScaler
                0x0000000020000000       0x10 ./drivers/Src/stm32f407xx_rcc_driver.o
                0x0000000020000000                AHB_PreScaler
 .data.APB1_PreScaler
                0x0000000020000010        0x4 ./drivers/Src/stm32f407xx_rcc_driver.o
                0x0000000020000010                APB1_PreScaler
 .data._impure_ptr
                0x0000000020000014        0x4 d:/st/stm32cubeide_1.10.1/stm32cubeide/plugins/com.st.stm32cube.ide.mcu.externaltools.gnu-tools-for-stm32.10.3-2021.10.win32_1.0.0.202111181127/tools/bin/../lib/gcc/arm-none-eabi/10.3.1/../../../../arm-none-eabi/lib/thumb/v7e-m/nofp\libc_nano.a(lib_a-impure.o)
                0x0000000020000014                _impure_ptr
 .data.impure_data
                0x0000000020000018       0x60 d:/st/stm32cubeide_1.10.1/stm32cubeide/plugins/com.st.stm32cube.ide.mcu.externaltools.gnu-tools-for-stm32.10.3-2021.10.win32_1.0.0.202111181127/tools/bin/../lib/gcc/arm-none-eabi/10.3.1/../../../../arm-none-eabi/lib/thumb/v7e-m/nofp\libc_nano.a(lib_a-impure.o)
 *(.RamFunc)
 *(.RamFunc*)
                0x0000000020000078                . = ALIGN (0x4)
                0x0000000020000078                _edata = .
                0x00000000080025b0                _siccmram = LOADADDR (.ccmram)

.igot.plt       0x0000000020000078        0x0 load address 0x00000000080025b0
 .igot.plt      0x0000000020000078        0x0 d:/st/stm32cubeide_1.10.1/stm32cubeide/plugins/com.st.stm32cube.ide.mcu.externaltools.gnu-tools-for-stm32.10.3-2021.10.win32_1.0.0.202111181127/tools/bin/../lib/gcc/arm-none-eabi/10.3.1/thumb/v7e-m/nofp/crtbegin.o

.ccmram         0x0000000010000000        0x0 load address 0x00000000080025b0
                0x0000000010000000                . = ALIGN (0x4)
                0x0000000010000000                _sccmram = .
 *(.ccmram)
 *(.ccmram*)
                0x0000000010000000                . = ALIGN (0x4)
                0x0000000010000000                _eccmram = .
                0x0000000010000000                . = ALIGN (0x4)

.bss            0x0000000020000078       0x70
                0x0000000020000078                _sbss = .
                0x0000000020000078                __bss_start__ = _sbss
 *(.bss)
 .bss           0x0000000020000078       0x1c d:/st/stm32cubeide_1.10.1/stm32cubeide/plugins/com.st.stm32cube.ide.mcu.externaltools.gnu-tools-for-stm32.10.3-2021.10.win32_1.0.0.202111181127/tools/bin/../lib/gcc/arm-none-eabi/10.3.1/thumb/v7e-m/nofp/crtbegin.o
 *(.bss*)
 .bss.buf.1     0x0000000020000094        0x9 ./Src/015rtc.o
 *fill*         0x000000002000009d        0x3 
 .bss.buf.0     0x00000000200000a0        0x9 ./Src/015rtc.o
 *fill*         0x00000000200000a9        0x3 
 .bss.__sbrk_heap_end
                0x00000000200000ac        0x4 ./Src/sysmem.o
 .bss.g_ds1307I2CHandle
                0x00000000200000b0       0x28 ./bsp/ds1307.o
                0x00000000200000b0                g_ds1307I2CHandle
 .bss.__lock___malloc_recursive_mutex
                0x00000000200000d8        0x1 d:/st/stm32cubeide_1.10.1/stm32cubeide/plugins/com.st.stm32cube.ide.mcu.externaltools.gnu-tools-for-stm32.10.3-2021.10.win32_1.0.0.202111181127/tools/bin/../lib/gcc/arm-none-eabi/10.3.1/../../../../arm-none-eabi/lib/thumb/v7e-m/nofp\libc_nano.a(lib_a-lock.o)
                0x00000000200000d8                __lock___malloc_recursive_mutex
 .bss.__lock___sfp_recursive_mutex
                0x00000000200000d9        0x1 d:/st/stm32cubeide_1.10.1/stm32cubeide/plugins/com.st.stm32cube.ide.mcu.externaltools.gnu-tools-for-stm32.10.3-2021.10.win32_1.0.0.202111181127/tools/bin/../lib/gcc/arm-none-eabi/10.3.1/../../../../arm-none-eabi/lib/thumb/v7e-m/nofp\libc_nano.a(lib_a-lock.o)
                0x00000000200000d9                __lock___sfp_recursive_mutex
 .bss.__lock___sinit_recursive_mutex
                0x00000000200000da        0x1 d:/st/stm32cubeide_1.10.1/stm32cubeide/plugins/com.st.stm32cube.ide.mcu.externaltools.gnu-tools-for-stm32.10.3-2021.10.win32_1.0.0.202111181127/tools/bin/../lib/gcc/arm-none-eabi/10.3.1/../../../../arm-none-eabi/lib/thumb/v7e-m/nofp\libc_nano.a(lib_a-lock.o)
                0x00000000200000da                __lock___sinit_recursive_mutex
 *fill*         0x00000000200000db        0x1 
 .bss.__malloc_free_list
                0x00000000200000dc        0x4 d:/st/stm32cubeide_1.10.1/stm32cubeide/plugins/com.st.stm32cube.ide.mcu.externaltools.gnu-tools-for-stm32.10.3-2021.10.win32_1.0.0.202111181127/tools/bin/../lib/gcc/arm-none-eabi/10.3.1/../../../../arm-none-eabi/lib/thumb/v7e-m/nofp\libc_nano.a(lib_a-nano-mallocr.o)
                0x00000000200000dc                __malloc_free_list
 .bss.__malloc_sbrk_start
                0x00000000200000e0        0x4 d:/st/stm32cubeide_1.10.1/stm32cubeide/plugins/com.st.stm32cube.ide.mcu.externaltools.gnu-tools-for-stm32.10.3-2021.10.win32_1.0.0.202111181127/tools/bin/../lib/gcc/arm-none-eabi/10.3.1/../../../../arm-none-eabi/lib/thumb/v7e-m/nofp\libc_nano.a(lib_a-nano-mallocr.o)
                0x00000000200000e0                __malloc_sbrk_start
 .bss.errno     0x00000000200000e4        0x4 d:/st/stm32cubeide_1.10.1/stm32cubeide/plugins/com.st.stm32cube.ide.mcu.externaltools.gnu-tools-for-stm32.10.3-2021.10.win32_1.0.0.202111181127/tools/bin/../lib/gcc/arm-none-eabi/10.3.1/../../../../arm-none-eabi/lib/thumb/v7e-m/nofp\libc_nano.a(lib_a-reent.o)
                0x00000000200000e4                errno
 *(COMMON)
                0x00000000200000e8                . = ALIGN (0x4)
                0x00000000200000e8                _ebss = .
                0x00000000200000e8                __bss_end__ = _ebss

._user_heap_stack
                0x00000000200000e8      0x600
                0x00000000200000e8                . = ALIGN (0x8)
                [!provide]                        PROVIDE (end = .)
                0x00000000200000e8                PROVIDE (_end = .)
                0x00000000200002e8                . = (. + _Min_Heap_Size)
 *fill*         0x00000000200000e8      0x200 
                0x00000000200006e8                . = (. + _Min_Stack_Size)
 *fill*         0x00000000200002e8      0x400 
                0x00000000200006e8                . = ALIGN (0x8)

/DISCARD/
 libc.a(*)
 libm.a(*)
 libgcc.a(*)

.ARM.attributes
                0x0000000000000000       0x2a
 *(.ARM.attributes)
 .ARM.attributes
                0x0000000000000000       0x1e d:/st/stm32cubeide_1.10.1/stm32cubeide/plugins/com.st.stm32cube.ide.mcu.externaltools.gnu-tools-for-stm32.10.3-2021.10.win32_1.0.0.202111181127/tools/bin/../lib/gcc/arm-none-eabi/10.3.1/thumb/v7e-m/nofp/crti.o
 .ARM.attributes
                0x000000000000001e       0x2e d:/st/stm32cubeide_1.10.1/stm32cubeide/plugins/com.st.stm32cube.ide.mcu.externaltools.gnu-tools-for-stm32.10.3-2021.10.win32_1.0.0.202111181127/tools/bin/../lib/gcc/arm-none-eabi/10.3.1/thumb/v7e-m/nofp/crtbegin.o
 .ARM.attributes
                0x000000000000004c       0x2e ./Src/015rtc.o
 .ARM.attributes
                0x000000000000007a       0x2e ./Src/syscalls.o
 .ARM.attributes
                0x00000000000000a8       0x2e ./Src/sysmem.o
 .ARM.attributes
                0x00000000000000d6       0x21 ./Startup/startup_stm32f407vgtx.o
 .ARM.attributes
                0x00000000000000f7       0x2e ./bsp/ds1307.o
 .ARM.attributes
                0x0000000000000125       0x2e ./bsp/lcd.o
 .ARM.attributes
                0x0000000000000153       0x2e ./drivers/Src/stm32f407xx_gpio_driver.o
 .ARM.attributes
                0x0000000000000181       0x2e ./drivers/Src/stm32f407xx_i2c_driver.o
 .ARM.attributes
                0x00000000000001af       0x2e ./drivers/Src/stm32f407xx_rcc_driver.o
 .ARM.attributes
                0x00000000000001dd       0x2e d:/st/stm32cubeide_1.10.1/stm32cubeide/plugins/com.st.stm32cube.ide.mcu.externaltools.gnu-tools-for-stm32.10.3-2021.10.win32_1.0.0.202111181127/tools/bin/../lib/gcc/arm-none-eabi/10.3.1/../../../../arm-none-eabi/lib/thumb/v7e-m/nofp\libc_nano.a(lib_a-errno.o)
 .ARM.attributes
                0x000000000000020b       0x2e d:/st/stm32cubeide_1.10.1/stm32cubeide/plugins/com.st.stm32cube.ide.mcu.externaltools.gnu-tools-for-stm32.10.3-2021.10.win32_1.0.0.202111181127/tools/bin/../lib/gcc/arm-none-eabi/10.3.1/../../../../arm-none-eabi/lib/thumb/v7e-m/nofp\libc_nano.a(lib_a-impure.o)
 .ARM.attributes
                0x0000000000000239       0x2e d:/st/stm32cubeide_1.10.1/stm32cubeide/plugins/com.st.stm32cube.ide.mcu.externaltools.gnu-tools-for-stm32.10.3-2021.10.win32_1.0.0.202111181127/tools/bin/../lib/gcc/arm-none-eabi/10.3.1/../../../../arm-none-eabi/lib/thumb/v7e-m/nofp\libc_nano.a(lib_a-init.o)
 .ARM.attributes
                0x0000000000000267       0x2e d:/st/stm32cubeide_1.10.1/stm32cubeide/plugins/com.st.stm32cube.ide.mcu.externaltools.gnu-tools-for-stm32.10.3-2021.10.win32_1.0.0.202111181127/tools/bin/../lib/gcc/arm-none-eabi/10.3.1/../../../../arm-none-eabi/lib/thumb/v7e-m/nofp\libc_nano.a(lib_a-memset.o)
 .ARM.attributes
                0x0000000000000295       0x2e d:/st/stm32cubeide_1.10.1/stm32cubeide/plugins/com.st.stm32cube.ide.mcu.externaltools.gnu-tools-for-stm32.10.3-2021.10.win32_1.0.0.202111181127/tools/bin/../lib/gcc/arm-none-eabi/10.3.1/../../../../arm-none-eabi/lib/thumb/v7e-m/nofp\libc_nano.a(lib_a-puts.o)
 .ARM.attributes
                0x00000000000002c3       0x2e d:/st/stm32cubeide_1.10.1/stm32cubeide/plugins/com.st.stm32cube.ide.mcu.externaltools.gnu-tools-for-stm32.10.3-2021.10.win32_1.0.0.202111181127/tools/bin/../lib/gcc/arm-none-eabi/10.3.1/../../../../arm-none-eabi/lib/thumb/v7e-m/nofp\libc_nano.a(lib_a-wbuf.o)
 .ARM.attributes
                0x00000000000002f1       0x2e d:/st/stm32cubeide_1.10.1/stm32cubeide/plugins/com.st.stm32cube.ide.mcu.externaltools.gnu-tools-for-stm32.10.3-2021.10.win32_1.0.0.202111181127/tools/bin/../lib/gcc/arm-none-eabi/10.3.1/../../../../arm-none-eabi/lib/thumb/v7e-m/nofp\libc_nano.a(lib_a-wsetup.o)
 .ARM.attributes
                0x000000000000031f       0x2e d:/st/stm32cubeide_1.10.1/stm32cubeide/plugins/com.st.stm32cube.ide.mcu.externaltools.gnu-tools-for-stm32.10.3-2021.10.win32_1.0.0.202111181127/tools/bin/../lib/gcc/arm-none-eabi/10.3.1/../../../../arm-none-eabi/lib/thumb/v7e-m/nofp\libc_nano.a(lib_a-fflush.o)
 .ARM.attributes
                0x000000000000034d       0x2e d:/st/stm32cubeide_1.10.1/stm32cubeide/plugins/com.st.stm32cube.ide.mcu.externaltools.gnu-tools-for-stm32.10.3-2021.10.win32_1.0.0.202111181127/tools/bin/../lib/gcc/arm-none-eabi/10.3.1/../../../../arm-none-eabi/lib/thumb/v7e-m/nofp\libc_nano.a(lib_a-findfp.o)
 .ARM.attributes
                0x000000000000037b       0x2e d:/st/stm32cubeide_1.10.1/stm32cubeide/plugins/com.st.stm32cube.ide.mcu.externaltools.gnu-tools-for-stm32.10.3-2021.10.win32_1.0.0.202111181127/tools/bin/../lib/gcc/arm-none-eabi/10.3.1/../../../../arm-none-eabi/lib/thumb/v7e-m/nofp\libc_nano.a(lib_a-fwalk.o)
 .ARM.attributes
                0x00000000000003a9       0x2e d:/st/stm32cubeide_1.10.1/stm32cubeide/plugins/com.st.stm32cube.ide.mcu.externaltools.gnu-tools-for-stm32.10.3-2021.10.win32_1.0.0.202111181127/tools/bin/../lib/gcc/arm-none-eabi/10.3.1/../../../../arm-none-eabi/lib/thumb/v7e-m/nofp\libc_nano.a(lib_a-lock.o)
 .ARM.attributes
                0x00000000000003d7       0x2e d:/st/stm32cubeide_1.10.1/stm32cubeide/plugins/com.st.stm32cube.ide.mcu.externaltools.gnu-tools-for-stm32.10.3-2021.10.win32_1.0.0.202111181127/tools/bin/../lib/gcc/arm-none-eabi/10.3.1/../../../../arm-none-eabi/lib/thumb/v7e-m/nofp\libc_nano.a(lib_a-makebuf.o)
 .ARM.attributes
                0x0000000000000405       0x2e d:/st/stm32cubeide_1.10.1/stm32cubeide/plugins/com.st.stm32cube.ide.mcu.externaltools.gnu-tools-for-stm32.10.3-2021.10.win32_1.0.0.202111181127/tools/bin/../lib/gcc/arm-none-eabi/10.3.1/../../../../arm-none-eabi/lib/thumb/v7e-m/nofp\libc_nano.a(lib_a-nano-freer.o)
 .ARM.attributes
                0x0000000000000433       0x2e d:/st/stm32cubeide_1.10.1/stm32cubeide/plugins/com.st.stm32cube.ide.mcu.externaltools.gnu-tools-for-stm32.10.3-2021.10.win32_1.0.0.202111181127/tools/bin/../lib/gcc/arm-none-eabi/10.3.1/../../../../arm-none-eabi/lib/thumb/v7e-m/nofp\libc_nano.a(lib_a-nano-mallocr.o)
 .ARM.attributes
                0x0000000000000461       0x2e d:/st/stm32cubeide_1.10.1/stm32cubeide/plugins/com.st.stm32cube.ide.mcu.externaltools.gnu-tools-for-stm32.10.3-2021.10.win32_1.0.0.202111181127/tools/bin/../lib/gcc/arm-none-eabi/10.3.1/../../../../arm-none-eabi/lib/thumb/v7e-m/nofp\libc_nano.a(lib_a-sbrkr.o)
 .ARM.attributes
                0x000000000000048f       0x2e d:/st/stm32cubeide_1.10.1/stm32cubeide/plugins/com.st.stm32cube.ide.mcu.externaltools.gnu-tools-for-stm32.10.3-2021.10.win32_1.0.0.202111181127/tools/bin/../lib/gcc/arm-none-eabi/10.3.1/../../../../arm-none-eabi/lib/thumb/v7e-m/nofp\libc_nano.a(lib_a-stdio.o)
 .ARM.attributes
                0x00000000000004bd       0x2e d:/st/stm32cubeide_1.10.1/stm32cubeide/plugins/com.st.stm32cube.ide.mcu.externaltools.gnu-tools-for-stm32.10.3-2021.10.win32_1.0.0.202111181127/tools/bin/../lib/gcc/arm-none-eabi/10.3.1/../../../../arm-none-eabi/lib/thumb/v7e-m/nofp\libc_nano.a(lib_a-writer.o)
 .ARM.attributes
                0x00000000000004eb       0x2e d:/st/stm32cubeide_1.10.1/stm32cubeide/plugins/com.st.stm32cube.ide.mcu.externaltools.gnu-tools-for-stm32.10.3-2021.10.win32_1.0.0.202111181127/tools/bin/../lib/gcc/arm-none-eabi/10.3.1/../../../../arm-none-eabi/lib/thumb/v7e-m/nofp\libc_nano.a(lib_a-closer.o)
 .ARM.attributes
                0x0000000000000519       0x2e d:/st/stm32cubeide_1.10.1/stm32cubeide/plugins/com.st.stm32cube.ide.mcu.externaltools.gnu-tools-for-stm32.10.3-2021.10.win32_1.0.0.202111181127/tools/bin/../lib/gcc/arm-none-eabi/10.3.1/../../../../arm-none-eabi/lib/thumb/v7e-m/nofp\libc_nano.a(lib_a-fstatr.o)
 .ARM.attributes
                0x0000000000000547       0x2e d:/st/stm32cubeide_1.10.1/stm32cubeide/plugins/com.st.stm32cube.ide.mcu.externaltools.gnu-tools-for-stm32.10.3-2021.10.win32_1.0.0.202111181127/tools/bin/../lib/gcc/arm-none-eabi/10.3.1/../../../../arm-none-eabi/lib/thumb/v7e-m/nofp\libc_nano.a(lib_a-isattyr.o)
 .ARM.attributes
                0x0000000000000575       0x2e d:/st/stm32cubeide_1.10.1/stm32cubeide/plugins/com.st.stm32cube.ide.mcu.externaltools.gnu-tools-for-stm32.10.3-2021.10.win32_1.0.0.202111181127/tools/bin/../lib/gcc/arm-none-eabi/10.3.1/../../../../arm-none-eabi/lib/thumb/v7e-m/nofp\libc_nano.a(lib_a-lseekr.o)
 .ARM.attributes
                0x00000000000005a3       0x2e d:/st/stm32cubeide_1.10.1/stm32cubeide/plugins/com.st.stm32cube.ide.mcu.externaltools.gnu-tools-for-stm32.10.3-2021.10.win32_1.0.0.202111181127/tools/bin/../lib/gcc/arm-none-eabi/10.3.1/../../../../arm-none-eabi/lib/thumb/v7e-m/nofp\libc_nano.a(lib_a-mlock.o)
 .ARM.attributes
                0x00000000000005d1       0x2e d:/st/stm32cubeide_1.10.1/stm32cubeide/plugins/com.st.stm32cube.ide.mcu.externaltools.gnu-tools-for-stm32.10.3-2021.10.win32_1.0.0.202111181127/tools/bin/../lib/gcc/arm-none-eabi/10.3.1/../../../../arm-none-eabi/lib/thumb/v7e-m/nofp\libc_nano.a(lib_a-readr.o)
 .ARM.attributes
                0x00000000000005ff       0x2e d:/st/stm32cubeide_1.10.1/stm32cubeide/plugins/com.st.stm32cube.ide.mcu.externaltools.gnu-tools-for-stm32.10.3-2021.10.win32_1.0.0.202111181127/tools/bin/../lib/gcc/arm-none-eabi/10.3.1/../../../../arm-none-eabi/lib/thumb/v7e-m/nofp\libc_nano.a(lib_a-reent.o)
 .ARM.attributes
                0x000000000000062d       0x1e d:/st/stm32cubeide_1.10.1/stm32cubeide/plugins/com.st.stm32cube.ide.mcu.externaltools.gnu-tools-for-stm32.10.3-2021.10.win32_1.0.0.202111181127/tools/bin/../lib/gcc/arm-none-eabi/10.3.1/thumb/v7e-m/nofp/crtn.o
OUTPUT(stm32f4xx_driver.elf elf32-littlearm)
LOAD linker stubs
LOAD d:/st/stm32cubeide_1.10.1/stm32cubeide/plugins/com.st.stm32cube.ide.mcu.externaltools.gnu-tools-for-stm32.10.3-2021.10.win32_1.0.0.202111181127/tools/bin/../lib/gcc/arm-none-eabi/10.3.1/../../../../arm-none-eabi/lib/thumb/v7e-m/nofp\libc.a
LOAD d:/st/stm32cubeide_1.10.1/stm32cubeide/plugins/com.st.stm32cube.ide.mcu.externaltools.gnu-tools-for-stm32.10.3-2021.10.win32_1.0.0.202111181127/tools/bin/../lib/gcc/arm-none-eabi/10.3.1/../../../../arm-none-eabi/lib/thumb/v7e-m/nofp\libm.a
LOAD d:/st/stm32cubeide_1.10.1/stm32cubeide/plugins/com.st.stm32cube.ide.mcu.externaltools.gnu-tools-for-stm32.10.3-2021.10.win32_1.0.0.202111181127/tools/bin/../lib/gcc/arm-none-eabi/10.3.1/thumb/v7e-m/nofp\libgcc.a

.debug_info     0x0000000000000000     0x2e9d
 .debug_info    0x0000000000000000      0x427 ./Src/015rtc.o
 .debug_info    0x0000000000000427      0x70f ./Src/syscalls.o
 .debug_info    0x0000000000000b36      0x171 ./Src/sysmem.o
 .debug_info    0x0000000000000ca7       0x22 ./Startup/startup_stm32f407vgtx.o
 .debug_info    0x0000000000000cc9      0x765 ./bsp/ds1307.o
 .debug_info    0x000000000000142e      0x3c6 ./bsp/lcd.o
 .debug_info    0x00000000000017f4      0x7d7 ./drivers/Src/stm32f407xx_gpio_driver.o
 .debug_info    0x0000000000001fcb      0xae8 ./drivers/Src/stm32f407xx_i2c_driver.o
 .debug_info    0x0000000000002ab3      0x3ea ./drivers/Src/stm32f407xx_rcc_driver.o

.debug_abbrev   0x0000000000000000      0xc61
 .debug_abbrev  0x0000000000000000      0x1bf ./Src/015rtc.o
 .debug_abbrev  0x00000000000001bf      0x1af ./Src/syscalls.o
 .debug_abbrev  0x000000000000036e       0xbb ./Src/sysmem.o
 .debug_abbrev  0x0000000000000429       0x12 ./Startup/startup_stm32f407vgtx.o
 .debug_abbrev  0x000000000000043b      0x1b1 ./bsp/ds1307.o
 .debug_abbrev  0x00000000000005ec      0x194 ./bsp/lcd.o
 .debug_abbrev  0x0000000000000780      0x135 ./drivers/Src/stm32f407xx_gpio_driver.o
 .debug_abbrev  0x00000000000008b5      0x29b ./drivers/Src/stm32f407xx_i2c_driver.o
 .debug_abbrev  0x0000000000000b50      0x111 ./drivers/Src/stm32f407xx_rcc_driver.o

.debug_aranges  0x0000000000000000      0x3b0
 .debug_aranges
                0x0000000000000000       0x58 ./Src/015rtc.o
 .debug_aranges
                0x0000000000000058       0xb0 ./Src/syscalls.o
 .debug_aranges
                0x0000000000000108       0x20 ./Src/sysmem.o
 .debug_aranges
                0x0000000000000128       0x28 ./Startup/startup_stm32f407vgtx.o
 .debug_aranges
                0x0000000000000150       0x70 ./bsp/ds1307.o
 .debug_aranges
                0x00000000000001c0       0x70 ./bsp/lcd.o
 .debug_aranges
                0x0000000000000230       0x70 ./drivers/Src/stm32f407xx_gpio_driver.o
 .debug_aranges
                0x00000000000002a0       0xe0 ./drivers/Src/stm32f407xx_i2c_driver.o
 .debug_aranges
                0x0000000000000380       0x30 ./drivers/Src/stm32f407xx_rcc_driver.o

.debug_ranges   0x0000000000000000      0x328
 .debug_ranges  0x0000000000000000       0x48 ./Src/015rtc.o
 .debug_ranges  0x0000000000000048       0xa0 ./Src/syscalls.o
 .debug_ranges  0x00000000000000e8       0x10 ./Src/sysmem.o
 .debug_ranges  0x00000000000000f8       0x20 ./Startup/startup_stm32f407vgtx.o
 .debug_ranges  0x0000000000000118       0x60 ./bsp/ds1307.o
 .debug_ranges  0x0000000000000178       0x60 ./bsp/lcd.o
 .debug_ranges  0x00000000000001d8       0x60 ./drivers/Src/stm32f407xx_gpio_driver.o
 .debug_ranges  0x0000000000000238       0xd0 ./drivers/Src/stm32f407xx_i2c_driver.o
 .debug_ranges  0x0000000000000308       0x20 ./drivers/Src/stm32f407xx_rcc_driver.o

.debug_macro    0x0000000000000000     0x44cb
 .debug_macro   0x0000000000000000      0x231 ./Src/015rtc.o
 .debug_macro   0x0000000000000231      0xa78 ./Src/015rtc.o
 .debug_macro   0x0000000000000ca9       0x22 ./Src/015rtc.o
 .debug_macro   0x0000000000000ccb       0x4c ./Src/015rtc.o
 .debug_macro   0x0000000000000d17       0x18 ./Src/015rtc.o
 .debug_macro   0x0000000000000d2f       0x94 ./Src/015rtc.o
 .debug_macro   0x0000000000000dc3       0x3c ./Src/015rtc.o
 .debug_macro   0x0000000000000dff       0x34 ./Src/015rtc.o
 .debug_macro   0x0000000000000e33       0x16 ./Src/015rtc.o
 .debug_macro   0x0000000000000e49       0x57 ./Src/015rtc.o
 .debug_macro   0x0000000000000ea0       0x97 ./Src/015rtc.o
 .debug_macro   0x0000000000000f37      0x341 ./Src/015rtc.o
 .debug_macro   0x0000000000001278       0xfd ./Src/015rtc.o
 .debug_macro   0x0000000000001375       0x10 ./Src/015rtc.o
 .debug_macro   0x0000000000001385       0x16 ./Src/015rtc.o
 .debug_macro   0x000000000000139b       0x43 ./Src/015rtc.o
 .debug_macro   0x00000000000013de       0x34 ./Src/015rtc.o
 .debug_macro   0x0000000000001412       0x10 ./Src/015rtc.o
 .debug_macro   0x0000000000001422       0x58 ./Src/015rtc.o
 .debug_macro   0x000000000000147a       0x71 ./Src/015rtc.o
 .debug_macro   0x00000000000014eb       0x1c ./Src/015rtc.o
 .debug_macro   0x0000000000001507      0x12a ./Src/015rtc.o
 .debug_macro   0x0000000000001631       0x10 ./Src/015rtc.o
 .debug_macro   0x0000000000001641       0x6a ./Src/015rtc.o
 .debug_macro   0x00000000000016ab       0x1c ./Src/015rtc.o
 .debug_macro   0x00000000000016c7       0x52 ./Src/015rtc.o
 .debug_macro   0x0000000000001719       0x22 ./Src/015rtc.o
 .debug_macro   0x000000000000173b       0x10 ./Src/015rtc.o
 .debug_macro   0x000000000000174b       0x52 ./Src/015rtc.o
 .debug_macro   0x000000000000179d       0xd5 ./Src/015rtc.o
 .debug_macro   0x0000000000001872       0x1c ./Src/015rtc.o
 .debug_macro   0x000000000000188e       0x3d ./Src/015rtc.o
 .debug_macro   0x00000000000018cb       0x16 ./Src/015rtc.o
 .debug_macro   0x00000000000018e1      0x145 ./Src/015rtc.o
 .debug_macro   0x0000000000001a26      0x103 ./Src/015rtc.o
 .debug_macro   0x0000000000001b29      0x1df ./Src/015rtc.o
 .debug_macro   0x0000000000001d08      0x723 ./Src/015rtc.o
 .debug_macro   0x000000000000242b       0xe4 ./Src/015rtc.o
 .debug_macro   0x000000000000250f       0xc4 ./Src/015rtc.o
 .debug_macro   0x00000000000025d3       0xdc ./Src/015rtc.o
 .debug_macro   0x00000000000026af      0x106 ./Src/015rtc.o
 .debug_macro   0x00000000000027b5       0x94 ./Src/015rtc.o
 .debug_macro   0x0000000000002849       0x58 ./Src/015rtc.o
 .debug_macro   0x00000000000028a1      0x25e ./Src/syscalls.o
 .debug_macro   0x0000000000002aff      0x174 ./Src/syscalls.o
 .debug_macro   0x0000000000002c73       0x10 ./Src/syscalls.o
 .debug_macro   0x0000000000002c83       0x35 ./Src/syscalls.o
 .debug_macro   0x0000000000002cb8       0x10 ./Src/syscalls.o
 .debug_macro   0x0000000000002cc8       0x10 ./Src/syscalls.o
 .debug_macro   0x0000000000002cd8       0x35 ./Src/syscalls.o
 .debug_macro   0x0000000000002d0d      0x12c ./Src/syscalls.o
 .debug_macro   0x0000000000002e39       0x16 ./Src/syscalls.o
 .debug_macro   0x0000000000002e4f       0x16 ./Src/syscalls.o
 .debug_macro   0x0000000000002e65       0x29 ./Src/syscalls.o
 .debug_macro   0x0000000000002e8e       0x10 ./Src/syscalls.o
 .debug_macro   0x0000000000002e9e      0x241 ./Src/syscalls.o
 .debug_macro   0x00000000000030df       0x1c ./Src/syscalls.o
 .debug_macro   0x00000000000030fb       0x10 ./Src/syscalls.o
 .debug_macro   0x000000000000310b      0x189 ./Src/syscalls.o
 .debug_macro   0x0000000000003294       0x16 ./Src/syscalls.o
 .debug_macro   0x00000000000032aa       0xce ./Src/syscalls.o
 .debug_macro   0x0000000000003378       0xff ./Src/sysmem.o
 .debug_macro   0x0000000000003477      0x23b ./Src/sysmem.o
 .debug_macro   0x00000000000036b2      0x258 ./bsp/ds1307.o
 .debug_macro   0x000000000000390a       0x8e ./bsp/ds1307.o
 .debug_macro   0x0000000000003998       0x51 ./bsp/ds1307.o
 .debug_macro   0x00000000000039e9       0x52 ./bsp/ds1307.o
 .debug_macro   0x0000000000003a3b       0x10 ./bsp/ds1307.o
 .debug_macro   0x0000000000003a4b       0x20 ./bsp/ds1307.o
 .debug_macro   0x0000000000003a6b       0xbe ./bsp/ds1307.o
 .debug_macro   0x0000000000003b29      0x228 ./bsp/lcd.o
 .debug_macro   0x0000000000003d51       0x52 ./bsp/lcd.o
 .debug_macro   0x0000000000003da3      0x21e ./drivers/Src/stm32f407xx_gpio_driver.o
 .debug_macro   0x0000000000003fc1      0x217 ./drivers/Src/stm32f407xx_i2c_driver.o
 .debug_macro   0x00000000000041d8       0xd6 ./drivers/Src/stm32f407xx_i2c_driver.o
 .debug_macro   0x00000000000042ae      0x21d ./drivers/Src/stm32f407xx_rcc_driver.o

.debug_line     0x0000000000000000     0x477a
 .debug_line    0x0000000000000000      0x815 ./Src/015rtc.o
 .debug_line    0x0000000000000815      0x824 ./Src/syscalls.o
 .debug_line    0x0000000000001039      0x4e5 ./Src/sysmem.o
 .debug_line    0x000000000000151e       0x84 ./Startup/startup_stm32f407vgtx.o
 .debug_line    0x00000000000015a2      0x831 ./bsp/ds1307.o
 .debug_line    0x0000000000001dd3      0x7db ./bsp/lcd.o
 .debug_line    0x00000000000025ae      0xbc8 ./drivers/Src/stm32f407xx_gpio_driver.o
 .debug_line    0x0000000000003176      0xee8 ./drivers/Src/stm32f407xx_i2c_driver.o
 .debug_line    0x000000000000405e      0x71c ./drivers/Src/stm32f407xx_rcc_driver.o

.debug_str      0x0000000000000000     0xcba9
 .debug_str     0x0000000000000000     0xa9c6 ./Src/015rtc.o
                                       0xabf6 (size before relaxing)
 .debug_str     0x000000000000a9c6     0x17e4 ./Src/syscalls.o
                                       0x8ac8 (size before relaxing)
 .debug_str     0x000000000000c1aa       0x66 ./Src/sysmem.o
                                       0x5d56 (size before relaxing)
 .debug_str     0x000000000000c210       0x31 ./Startup/startup_stm32f407vgtx.o
                                         0x54 (size before relaxing)
 .debug_str     0x000000000000c241      0x302 ./bsp/ds1307.o
                                       0xac89 (size before relaxing)
 .debug_str     0x000000000000c543       0x6d ./bsp/lcd.o
                                       0xa9ab (size before relaxing)
 .debug_str     0x000000000000c5b0      0x2a5 ./drivers/Src/stm32f407xx_gpio_driver.o
                                       0xaa6a (size before relaxing)
 .debug_str     0x000000000000c855      0x2a5 ./drivers/Src/stm32f407xx_i2c_driver.o
                                       0xabe2 (size before relaxing)
 .debug_str     0x000000000000cafa       0xaf ./drivers/Src/stm32f407xx_rcc_driver.o
                                       0xa8aa (size before relaxing)

.comment        0x0000000000000000       0x50
 .comment       0x0000000000000000       0x50 ./Src/015rtc.o
                                         0x51 (size before relaxing)
 .comment       0x0000000000000050       0x51 ./Src/syscalls.o
 .comment       0x0000000000000050       0x51 ./Src/sysmem.o
 .comment       0x0000000000000050       0x51 ./bsp/ds1307.o
 .comment       0x0000000000000050       0x51 ./bsp/lcd.o
 .comment       0x0000000000000050       0x51 ./drivers/Src/stm32f407xx_gpio_driver.o
 .comment       0x0000000000000050       0x51 ./drivers/Src/stm32f407xx_i2c_driver.o
 .comment       0x0000000000000050       0x51 ./drivers/Src/stm32f407xx_rcc_driver.o

.debug_frame    0x0000000000000000     0x1468
 .debug_frame   0x0000000000000000      0x140 ./Src/015rtc.o
 .debug_frame   0x0000000000000140      0x2d4 ./Src/syscalls.o
 .debug_frame   0x0000000000000414       0x34 ./Src/sysmem.o
 .debug_frame   0x0000000000000448      0x19c ./bsp/ds1307.o
 .debug_frame   0x00000000000005e4      0x18c ./bsp/lcd.o
 .debug_frame   0x0000000000000770      0x1c8 ./drivers/Src/stm32f407xx_gpio_driver.o
 .debug_frame   0x0000000000000938      0x3d0 ./drivers/Src/stm32f407xx_i2c_driver.o
 .debug_frame   0x0000000000000d08       0x7c ./drivers/Src/stm32f407xx_rcc_driver.o
 .debug_frame   0x0000000000000d84       0x20 d:/st/stm32cubeide_1.10.1/stm32cubeide/plugins/com.st.stm32cube.ide.mcu.externaltools.gnu-tools-for-stm32.10.3-2021.10.win32_1.0.0.202111181127/tools/bin/../lib/gcc/arm-none-eabi/10.3.1/../../../../arm-none-eabi/lib/thumb/v7e-m/nofp\libc_nano.a(lib_a-errno.o)
 .debug_frame   0x0000000000000da4       0x2c d:/st/stm32cubeide_1.10.1/stm32cubeide/plugins/com.st.stm32cube.ide.mcu.externaltools.gnu-tools-for-stm32.10.3-2021.10.win32_1.0.0.202111181127/tools/bin/../lib/gcc/arm-none-eabi/10.3.1/../../../../arm-none-eabi/lib/thumb/v7e-m/nofp\libc_nano.a(lib_a-init.o)
 .debug_frame   0x0000000000000dd0       0x20 d:/st/stm32cubeide_1.10.1/stm32cubeide/plugins/com.st.stm32cube.ide.mcu.externaltools.gnu-tools-for-stm32.10.3-2021.10.win32_1.0.0.202111181127/tools/bin/../lib/gcc/arm-none-eabi/10.3.1/../../../../arm-none-eabi/lib/thumb/v7e-m/nofp\libc_nano.a(lib_a-memset.o)
 .debug_frame   0x0000000000000df0       0x3c d:/st/stm32cubeide_1.10.1/stm32cubeide/plugins/com.st.stm32cube.ide.mcu.externaltools.gnu-tools-for-stm32.10.3-2021.10.win32_1.0.0.202111181127/tools/bin/../lib/gcc/arm-none-eabi/10.3.1/../../../../arm-none-eabi/lib/thumb/v7e-m/nofp\libc_nano.a(lib_a-puts.o)
 .debug_frame   0x0000000000000e2c       0x40 d:/st/stm32cubeide_1.10.1/stm32cubeide/plugins/com.st.stm32cube.ide.mcu.externaltools.gnu-tools-for-stm32.10.3-2021.10.win32_1.0.0.202111181127/tools/bin/../lib/gcc/arm-none-eabi/10.3.1/../../../../arm-none-eabi/lib/thumb/v7e-m/nofp\libc_nano.a(lib_a-wbuf.o)
 .debug_frame   0x0000000000000e6c       0x2c d:/st/stm32cubeide_1.10.1/stm32cubeide/plugins/com.st.stm32cube.ide.mcu.externaltools.gnu-tools-for-stm32.10.3-2021.10.win32_1.0.0.202111181127/tools/bin/../lib/gcc/arm-none-eabi/10.3.1/../../../../arm-none-eabi/lib/thumb/v7e-m/nofp\libc_nano.a(lib_a-wsetup.o)
 .debug_frame   0x0000000000000e98       0x5c d:/st/stm32cubeide_1.10.1/stm32cubeide/plugins/com.st.stm32cube.ide.mcu.externaltools.gnu-tools-for-stm32.10.3-2021.10.win32_1.0.0.202111181127/tools/bin/../lib/gcc/arm-none-eabi/10.3.1/../../../../arm-none-eabi/lib/thumb/v7e-m/nofp\libc_nano.a(lib_a-fflush.o)
 .debug_frame   0x0000000000000ef4      0x14c d:/st/stm32cubeide_1.10.1/stm32cubeide/plugins/com.st.stm32cube.ide.mcu.externaltools.gnu-tools-for-stm32.10.3-2021.10.win32_1.0.0.202111181127/tools/bin/../lib/gcc/arm-none-eabi/10.3.1/../../../../arm-none-eabi/lib/thumb/v7e-m/nofp\libc_nano.a(lib_a-findfp.o)
 .debug_frame   0x0000000000001040       0x54 d:/st/stm32cubeide_1.10.1/stm32cubeide/plugins/com.st.stm32cube.ide.mcu.externaltools.gnu-tools-for-stm32.10.3-2021.10.win32_1.0.0.202111181127/tools/bin/../lib/gcc/arm-none-eabi/10.3.1/../../../../arm-none-eabi/lib/thumb/v7e-m/nofp\libc_nano.a(lib_a-fwalk.o)
 .debug_frame   0x0000000000001094       0xb0 d:/st/stm32cubeide_1.10.1/stm32cubeide/plugins/com.st.stm32cube.ide.mcu.externaltools.gnu-tools-for-stm32.10.3-2021.10.win32_1.0.0.202111181127/tools/bin/../lib/gcc/arm-none-eabi/10.3.1/../../../../arm-none-eabi/lib/thumb/v7e-m/nofp\libc_nano.a(lib_a-lock.o)
 .debug_frame   0x0000000000001144       0x58 d:/st/stm32cubeide_1.10.1/stm32cubeide/plugins/com.st.stm32cube.ide.mcu.externaltools.gnu-tools-for-stm32.10.3-2021.10.win32_1.0.0.202111181127/tools/bin/../lib/gcc/arm-none-eabi/10.3.1/../../../../arm-none-eabi/lib/thumb/v7e-m/nofp\libc_nano.a(lib_a-makebuf.o)
 .debug_frame   0x000000000000119c       0x38 d:/st/stm32cubeide_1.10.1/stm32cubeide/plugins/com.st.stm32cube.ide.mcu.externaltools.gnu-tools-for-stm32.10.3-2021.10.win32_1.0.0.202111181127/tools/bin/../lib/gcc/arm-none-eabi/10.3.1/../../../../arm-none-eabi/lib/thumb/v7e-m/nofp\libc_nano.a(lib_a-nano-freer.o)
 .debug_frame   0x00000000000011d4       0x4c d:/st/stm32cubeide_1.10.1/stm32cubeide/plugins/com.st.stm32cube.ide.mcu.externaltools.gnu-tools-for-stm32.10.3-2021.10.win32_1.0.0.202111181127/tools/bin/../lib/gcc/arm-none-eabi/10.3.1/../../../../arm-none-eabi/lib/thumb/v7e-m/nofp\libc_nano.a(lib_a-nano-mallocr.o)
 .debug_frame   0x0000000000001220       0x2c d:/st/stm32cubeide_1.10.1/stm32cubeide/plugins/com.st.stm32cube.ide.mcu.externaltools.gnu-tools-for-stm32.10.3-2021.10.win32_1.0.0.202111181127/tools/bin/../lib/gcc/arm-none-eabi/10.3.1/../../../../arm-none-eabi/lib/thumb/v7e-m/nofp\libc_nano.a(lib_a-sbrkr.o)
 .debug_frame   0x000000000000124c       0x88 d:/st/stm32cubeide_1.10.1/stm32cubeide/plugins/com.st.stm32cube.ide.mcu.externaltools.gnu-tools-for-stm32.10.3-2021.10.win32_1.0.0.202111181127/tools/bin/../lib/gcc/arm-none-eabi/10.3.1/../../../../arm-none-eabi/lib/thumb/v7e-m/nofp\libc_nano.a(lib_a-stdio.o)
 .debug_frame   0x00000000000012d4       0x2c d:/st/stm32cubeide_1.10.1/stm32cubeide/plugins/com.st.stm32cube.ide.mcu.externaltools.gnu-tools-for-stm32.10.3-2021.10.win32_1.0.0.202111181127/tools/bin/../lib/gcc/arm-none-eabi/10.3.1/../../../../arm-none-eabi/lib/thumb/v7e-m/nofp\libc_nano.a(lib_a-writer.o)
 .debug_frame   0x0000000000001300       0x2c d:/st/stm32cubeide_1.10.1/stm32cubeide/plugins/com.st.stm32cube.ide.mcu.externaltools.gnu-tools-for-stm32.10.3-2021.10.win32_1.0.0.202111181127/tools/bin/../lib/gcc/arm-none-eabi/10.3.1/../../../../arm-none-eabi/lib/thumb/v7e-m/nofp\libc_nano.a(lib_a-closer.o)
 .debug_frame   0x000000000000132c       0x2c d:/st/stm32cubeide_1.10.1/stm32cubeide/plugins/com.st.stm32cube.ide.mcu.externaltools.gnu-tools-for-stm32.10.3-2021.10.win32_1.0.0.202111181127/tools/bin/../lib/gcc/arm-none-eabi/10.3.1/../../../../arm-none-eabi/lib/thumb/v7e-m/nofp\libc_nano.a(lib_a-fstatr.o)
 .debug_frame   0x0000000000001358       0x2c d:/st/stm32cubeide_1.10.1/stm32cubeide/plugins/com.st.stm32cube.ide.mcu.externaltools.gnu-tools-for-stm32.10.3-2021.10.win32_1.0.0.202111181127/tools/bin/../lib/gcc/arm-none-eabi/10.3.1/../../../../arm-none-eabi/lib/thumb/v7e-m/nofp\libc_nano.a(lib_a-isattyr.o)
 .debug_frame   0x0000000000001384       0x2c d:/st/stm32cubeide_1.10.1/stm32cubeide/plugins/com.st.stm32cube.ide.mcu.externaltools.gnu-tools-for-stm32.10.3-2021.10.win32_1.0.0.202111181127/tools/bin/../lib/gcc/arm-none-eabi/10.3.1/../../../../arm-none-eabi/lib/thumb/v7e-m/nofp\libc_nano.a(lib_a-lseekr.o)
 .debug_frame   0x00000000000013b0       0x30 d:/st/stm32cubeide_1.10.1/stm32cubeide/plugins/com.st.stm32cube.ide.mcu.externaltools.gnu-tools-for-stm32.10.3-2021.10.win32_1.0.0.202111181127/tools/bin/../lib/gcc/arm-none-eabi/10.3.1/../../../../arm-none-eabi/lib/thumb/v7e-m/nofp\libc_nano.a(lib_a-mlock.o)
 .debug_frame   0x00000000000013e0       0x2c d:/st/stm32cubeide_1.10.1/stm32cubeide/plugins/com.st.stm32cube.ide.mcu.externaltools.gnu-tools-for-stm32.10.3-2021.10.win32_1.0.0.202111181127/tools/bin/../lib/gcc/arm-none-eabi/10.3.1/../../../../arm-none-eabi/lib/thumb/v7e-m/nofp\libc_nano.a(lib_a-readr.o)
 .debug_frame   0x000000000000140c       0x5c d:/st/stm32cubeide_1.10.1/stm32cubeide/plugins/com.st.stm32cube.ide.mcu.externaltools.gnu-tools-for-stm32.10.3-2021.10.win32_1.0.0.202111181127/tools/bin/../lib/gcc/arm-none-eabi/10.3.1/../../../../arm-none-eabi/lib/thumb/v7e-m/nofp\libc_nano.a(lib_a-reent.o)
