../Src/009spi_interrupt.c:35:6:delay	16	static
../Src/009spi_interrupt.c:39:6:SPI1_GPIOInits	24	static
../Src/009spi_interrupt.c:67:6:SPI2_GPIOInits	24	static
../Src/009spi_interrupt.c:95:6:GPIO_ButtonInit	24	static
../Src/009spi_interrupt.c:110:6:SPI1_Inits	8	static
../Src/009spi_interrupt.c:125:6:SPI2_Inits	8	static
../Src/009spi_interrupt.c:140:6:SPI2_GPIO_InterruptPinInit	24	static
../Src/009spi_interrupt.c:158:6:GPIO_Btn_InterruptPinInit	24	static
../Src/009spi_interrupt.c:175:5:main	16	static
../Src/009spi_interrupt.c:263:6:SPI2_IRQHandler	8	static
../Src/009spi_interrupt.c:270:6:SPI1_IRQHandler	8	static
../Src/009spi_interrupt.c:277:6:EXTI0_IRQHandler	8	static
../Src/009spi_interrupt.c:291:6:EXTI9_5_IRQHandler	8	static
