../Src/012i2c_slave_tx_testingIT.c:28:6:delay	16	static
../Src/012i2c_slave_tx_testingIT.c:33:6:GPIO_ButtonInit	24	static
../Src/012i2c_slave_tx_testingIT.c:47:6:I2C1_GPIOinits	24	static
../Src/012i2c_slave_tx_testingIT.c:76:6:I2C2_GPIOinits	24	static
../Src/012i2c_slave_tx_testingIT.c:96:6:I2C1_Inits	8	static
../Src/012i2c_slave_tx_testingIT.c:107:6:I2C2_Inits	8	static
../Src/012i2c_slave_tx_testingIT.c:118:5:main	24	static
../Src/012i2c_slave_tx_testingIT.c:193:6:I2C1_EV_IRQHandler	8	static
../Src/012i2c_slave_tx_testingIT.c:199:6:I2C1_ER_IRQHandler	8	static
../Src/012i2c_slave_tx_testingIT.c:205:6:I2C2_EV_IRQHandler	8	static
../Src/012i2c_slave_tx_testingIT.c:211:6:I2C2_ER_IRQHandler	8	static
../Src/012i2c_slave_tx_testingIT.c:218:6:I2C_ApplicationEventCallback	24	static
