../drivers/Src/stm32f407xx_spi_driver.c:28:6:SPI_PeriClockControl	16	static
../drivers/Src/stm32f407xx_spi_driver.c:65:6:SPI_Init	24	static
../drivers/Src/stm32f407xx_spi_driver.c:129:6:SPI_DeInit	16	static
../drivers/Src/stm32f407xx_spi_driver.c:134:9:SPI_GetFlagStatus	16	static
../drivers/Src/stm32f407xx_spi_driver.c:157:6:SPI_SendData	24	static
../drivers/Src/stm32f407xx_spi_driver.c:201:6:SPI_ReceiveData	24	static
../drivers/Src/stm32f407xx_spi_driver.c:246:6:SPI_PeripheralControl	16	static
../drivers/Src/stm32f407xx_spi_driver.c:274:7:SPI_SSIConfig	16	static
../drivers/Src/stm32f407xx_spi_driver.c:302:7:SPI_SSOEConfig	16	static
../drivers/Src/stm32f407xx_spi_driver.c:331:6:SPI_IRQInterruptConfig	16	static
../drivers/Src/stm32f407xx_spi_driver.c:388:6:SPI_IRQPriorityConfig	24	static
../drivers/Src/stm32f407xx_spi_driver.c:400:9:SPI_SendDataIT	32	static
../drivers/Src/stm32f407xx_spi_driver.c:423:9:SPI_ReceiveDataIT	32	static
../drivers/Src/stm32f407xx_spi_driver.c:445:6:SPI_IRQHandling	24	static
../drivers/Src/stm32f407xx_spi_driver.c:478:13:spi_txe_interrupt_handle	16	static
../drivers/Src/stm32f407xx_spi_driver.c:508:13:spi_rxne_interrupt_handle	16	static
../drivers/Src/stm32f407xx_spi_driver.c:538:13:spi_ovr_err_interrupt_handle	24	static
../drivers/Src/stm32f407xx_spi_driver.c:554:6:SPI_CloseTransmisson	16	static
../drivers/Src/stm32f407xx_spi_driver.c:562:6:SPI_CloseReception	16	static
../drivers/Src/stm32f407xx_spi_driver.c:570:6:SPI_ClearOVRFlag	24	static
../drivers/Src/stm32f407xx_spi_driver.c:580:13:SPI_ApplicationEventCallback	16	static
