15:24:02 **** Incremental Build of configuration Debug for project stm32f4xx_driver ****
make -j4 all 
arm-none-eabi-gcc "../drivers/Src/stm32f407xx_i2c_driver.c" -mcpu=cortex-m4 -std=gnu11 -g3 -DDEBUG -DSTM32 -DSTM32F407G_DISC1 -DSTM32F4 -DSTM32F407VGTx -c -I../Inc -I"D:/MCU/MCU1/stm32f4xx_driver/drivers/Inc" -O0 -ffunction-sections -fdata-sections -Wall -fstack-usage -MMD -MP -MF"drivers/Src/stm32f407xx_i2c_driver.d" -MT"drivers/Src/stm32f407xx_i2c_driver.o" --specs=nano.specs -mfloat-abi=soft -mthumb -o "drivers/Src/stm32f407xx_i2c_driver.o"
arm-none-eabi-gcc "../Src/011i2c_master_tx_testingIT.c" -mcpu=cortex-m4 -std=gnu11 -g3 -DDEBUG -DSTM32 -DSTM32F407G_DISC1 -DSTM32F4 -DSTM32F407VGTx -c -I../Inc -I"D:/MCU/MCU1/stm32f4xx_driver/drivers/Inc" -O0 -ffunction-sections -fdata-sections -Wall -fstack-usage -MMD -MP -MF"Src/011i2c_master_tx_testingIT.d" -MT"Src/011i2c_master_tx_testingIT.o" --specs=nano.specs -mfloat-abi=soft -mthumb -o "Src/011i2c_master_tx_testingIT.o"
arm-none-eabi-gcc -o "stm32f4xx_driver.elf" @"objects.list"   -mcpu=cortex-m4 -T"D:\MCU\MCU1\stm32f4xx_driver\STM32F407VGTX_FLASH.ld" --specs=nosys.specs -Wl,-Map="stm32f4xx_driver.map" -Wl,--gc-sections -static --specs=nano.specs -mfloat-abi=soft -mthumb -Wl,--start-group -lc -lm -Wl,--end-group
Finished building target: stm32f4xx_driver.elf
 
arm-none-eabi-size   stm32f4xx_driver.elf 
arm-none-eabi-objdump -h -S  stm32f4xx_driver.elf  > "stm32f4xx_driver.list"
   text	   data	    bss	    dec	    hex	filename
   8468	    148	   1668	  10284	   282c	stm32f4xx_driver.elf
Finished building: default.size.stdout
 
Finished building: stm32f4xx_driver.list
 
15:24:09 **** Incremental Build of configuration Debug for project stm32f4xx_driver ****
make -j4 all 
arm-none-eabi-size   stm32f4xx_driver.elf 
   text	   data	    bss	    dec	    hex	filename
   8468	    148	   1668	  10284	   282c	stm32f4xx_driver.elf
Finished building: default.size.stdout
 
15:31:30 **** Incremental Build of configuration Debug for project stm32f4xx_driver ****
make -j4 all 
arm-none-eabi-gcc "../drivers/Src/stm32f407xx_i2c_driver.c" -mcpu=cortex-m4 -std=gnu11 -g3 -DDEBUG -DSTM32 -DSTM32F407G_DISC1 -DSTM32F4 -DSTM32F407VGTx -c -I../Inc -I"D:/MCU/MCU1/stm32f4xx_driver/drivers/Inc" -O0 -ffunction-sections -fdata-sections -Wall -fstack-usage -MMD -MP -MF"drivers/Src/stm32f407xx_i2c_driver.d" -MT"drivers/Src/stm32f407xx_i2c_driver.o" --specs=nano.specs -mfloat-abi=soft -mthumb -o "drivers/Src/stm32f407xx_i2c_driver.o"
arm-none-eabi-gcc "../Src/011i2c_master_tx_testingIT.c" -mcpu=cortex-m4 -std=gnu11 -g3 -DDEBUG -DSTM32 -DSTM32F407G_DISC1 -DSTM32F4 -DSTM32F407VGTx -c -I../Inc -I"D:/MCU/MCU1/stm32f4xx_driver/drivers/Inc" -O0 -ffunction-sections -fdata-sections -Wall -fstack-usage -MMD -MP -MF"Src/011i2c_master_tx_testingIT.d" -MT"Src/011i2c_master_tx_testingIT.o" --specs=nano.specs -mfloat-abi=soft -mthumb -o "Src/011i2c_master_tx_testingIT.o"
arm-none-eabi-gcc -o "stm32f4xx_driver.elf" @"objects.list"   -mcpu=cortex-m4 -T"D:\MCU\MCU1\stm32f4xx_driver\STM32F407VGTX_FLASH.ld" --specs=nosys.specs -Wl,-Map="stm32f4xx_driver.map" -Wl,--gc-sections -static --specs=nano.specs -mfloat-abi=soft -mthumb -Wl,--start-group -lc -lm -Wl,--end-group
Finished building target: stm32f4xx_driver.elf
 
arm-none-eabi-size   stm32f4xx_driver.elf 
arm-none-eabi-objdump -h -S  stm32f4xx_driver.elf  > "stm32f4xx_driver.list"
   text	   data	    bss	    dec	    hex	filename
   8476	    148	   1668	  10292	   2834	stm32f4xx_driver.elf
Finished building: default.size.stdout
 
Finished building: stm32f4xx_driver.list
 
15:38:41 **** Incremental Build of configuration Debug for project stm32f4xx_driver ****
make -j4 all 
arm-none-eabi-gcc "../drivers/Src/stm32f407xx_i2c_driver.c" -mcpu=cortex-m4 -std=gnu11 -g3 -DDEBUG -DSTM32 -DSTM32F407G_DISC1 -DSTM32F4 -DSTM32F407VGTx -c -I../Inc -I"D:/MCU/MCU1/stm32f4xx_driver/drivers/Inc" -O0 -ffunction-sections -fdata-sections -Wall -fstack-usage -MMD -MP -MF"drivers/Src/stm32f407xx_i2c_driver.d" -MT"drivers/Src/stm32f407xx_i2c_driver.o" --specs=nano.specs -mfloat-abi=soft -mthumb -o "drivers/Src/stm32f407xx_i2c_driver.o"
../drivers/Src/stm32f407xx_i2c_driver.c: In function 'I2C_EV_IRQHandling':
../drivers/Src/stm32f407xx_i2c_driver.c:733:44: error: 'pI2CHandle2' undeclared (first use in this function); did you mean 'pI2CHandle'?
  733 |    I2C_MasterHandleTXEInterrupt(pI2CHandle,pI2CHandle2);
      |                                            ^~~~~~~~~~~
      |                                            pI2CHandle
../drivers/Src/stm32f407xx_i2c_driver.c:733:44: note: each undeclared identifier is reported only once for each function it appears in
make: *** [drivers/Src/subdir.mk:25: drivers/Src/stm32f407xx_i2c_driver.o] Error 1
"make -j4 all" terminated with exit code 2. Build might be incomplete.
15:40:10 **** Incremental Build of configuration Debug for project stm32f4xx_driver ****
make -j4 all 
arm-none-eabi-gcc "../drivers/Src/stm32f407xx_gpio_driver.c" -mcpu=cortex-m4 -std=gnu11 -g3 -DDEBUG -DSTM32 -DSTM32F407G_DISC1 -DSTM32F4 -DSTM32F407VGTx -c -I../Inc -I"D:/MCU/MCU1/stm32f4xx_driver/drivers/Inc" -O0 -ffunction-sections -fdata-sections -Wall -fstack-usage -MMD -MP -MF"drivers/Src/stm32f407xx_gpio_driver.d" -MT"drivers/Src/stm32f407xx_gpio_driver.o" --specs=nano.specs -mfloat-abi=soft -mthumb -o "drivers/Src/stm32f407xx_gpio_driver.o"
arm-none-eabi-gcc "../drivers/Src/stm32f407xx_i2c_driver.c" -mcpu=cortex-m4 -std=gnu11 -g3 -DDEBUG -DSTM32 -DSTM32F407G_DISC1 -DSTM32F4 -DSTM32F407VGTx -c -I../Inc -I"D:/MCU/MCU1/stm32f4xx_driver/drivers/Inc" -O0 -ffunction-sections -fdata-sections -Wall -fstack-usage -MMD -MP -MF"drivers/Src/stm32f407xx_i2c_driver.d" -MT"drivers/Src/stm32f407xx_i2c_driver.o" --specs=nano.specs -mfloat-abi=soft -mthumb -o "drivers/Src/stm32f407xx_i2c_driver.o"
arm-none-eabi-gcc "../drivers/Src/stm32f407xx_spi_driver.c" -mcpu=cortex-m4 -std=gnu11 -g3 -DDEBUG -DSTM32 -DSTM32F407G_DISC1 -DSTM32F4 -DSTM32F407VGTx -c -I../Inc -I"D:/MCU/MCU1/stm32f4xx_driver/drivers/Inc" -O0 -ffunction-sections -fdata-sections -Wall -fstack-usage -MMD -MP -MF"drivers/Src/stm32f407xx_spi_driver.d" -MT"drivers/Src/stm32f407xx_spi_driver.o" --specs=nano.specs -mfloat-abi=soft -mthumb -o "drivers/Src/stm32f407xx_spi_driver.o"
arm-none-eabi-gcc "../Src/011i2c_master_tx_testingIT.c" -mcpu=cortex-m4 -std=gnu11 -g3 -DDEBUG -DSTM32 -DSTM32F407G_DISC1 -DSTM32F4 -DSTM32F407VGTx -c -I../Inc -I"D:/MCU/MCU1/stm32f4xx_driver/drivers/Inc" -O0 -ffunction-sections -fdata-sections -Wall -fstack-usage -MMD -MP -MF"Src/011i2c_master_tx_testingIT.d" -MT"Src/011i2c_master_tx_testingIT.o" --specs=nano.specs -mfloat-abi=soft -mthumb -o "Src/011i2c_master_tx_testingIT.o"
arm-none-eabi-gcc -o "stm32f4xx_driver.elf" @"objects.list"   -mcpu=cortex-m4 -T"D:\MCU\MCU1\stm32f4xx_driver\STM32F407VGTX_FLASH.ld" --specs=nosys.specs -Wl,-Map="stm32f4xx_driver.map" -Wl,--gc-sections -static --specs=nano.specs -mfloat-abi=soft -mthumb -Wl,--start-group -lc -lm -Wl,--end-group
Finished building target: stm32f4xx_driver.elf
 
arm-none-eabi-size   stm32f4xx_driver.elf 
arm-none-eabi-objdump -h -S  stm32f4xx_driver.elf  > "stm32f4xx_driver.list"
   text	   data	    bss	    dec	    hex	filename
   8560	    148	   1668	  10376	   2888	stm32f4xx_driver.elf
Finished building: default.size.stdout
 
Finished building: stm32f4xx_driver.list
 
15:47:42 **** Incremental Build of configuration Debug for project stm32f4xx_driver ****
make -j4 all 
arm-none-eabi-gcc "../drivers/Src/stm32f407xx_i2c_driver.c" -mcpu=cortex-m4 -std=gnu11 -g3 -DDEBUG -DSTM32 -DSTM32F407G_DISC1 -DSTM32F4 -DSTM32F407VGTx -c -I../Inc -I"D:/MCU/MCU1/stm32f4xx_driver/drivers/Inc" -O0 -ffunction-sections -fdata-sections -Wall -fstack-usage -MMD -MP -MF"drivers/Src/stm32f407xx_i2c_driver.d" -MT"drivers/Src/stm32f407xx_i2c_driver.o" --specs=nano.specs -mfloat-abi=soft -mthumb -o "drivers/Src/stm32f407xx_i2c_driver.o"
arm-none-eabi-gcc -o "stm32f4xx_driver.elf" @"objects.list"   -mcpu=cortex-m4 -T"D:\MCU\MCU1\stm32f4xx_driver\STM32F407VGTX_FLASH.ld" --specs=nosys.specs -Wl,-Map="stm32f4xx_driver.map" -Wl,--gc-sections -static --specs=nano.specs -mfloat-abi=soft -mthumb -Wl,--start-group -lc -lm -Wl,--end-group
Finished building target: stm32f4xx_driver.elf
 
arm-none-eabi-size   stm32f4xx_driver.elf 
arm-none-eabi-objdump -h -S  stm32f4xx_driver.elf  > "stm32f4xx_driver.list"
   text	   data	    bss	    dec	    hex	filename
   8500	    148	   1668	  10316	   284c	stm32f4xx_driver.elf
Finished building: default.size.stdout
 
Finished building: stm32f4xx_driver.list
 
15:50:15 **** Incremental Build of configuration Debug for project stm32f4xx_driver ****
make -j4 all 
arm-none-eabi-gcc "../Src/011i2c_master_tx_testingIT.c" -mcpu=cortex-m4 -std=gnu11 -g3 -DDEBUG -DSTM32 -DSTM32F407G_DISC1 -DSTM32F4 -DSTM32F407VGTx -c -I../Inc -I"D:/MCU/MCU1/stm32f4xx_driver/drivers/Inc" -O0 -ffunction-sections -fdata-sections -Wall -fstack-usage -MMD -MP -MF"Src/011i2c_master_tx_testingIT.d" -MT"Src/011i2c_master_tx_testingIT.o" --specs=nano.specs -mfloat-abi=soft -mthumb -o "Src/011i2c_master_tx_testingIT.o"
arm-none-eabi-gcc -o "stm32f4xx_driver.elf" @"objects.list"   -mcpu=cortex-m4 -T"D:\MCU\MCU1\stm32f4xx_driver\STM32F407VGTX_FLASH.ld" --specs=nosys.specs -Wl,-Map="stm32f4xx_driver.map" -Wl,--gc-sections -static --specs=nano.specs -mfloat-abi=soft -mthumb -Wl,--start-group -lc -lm -Wl,--end-group
Finished building target: stm32f4xx_driver.elf
 
arm-none-eabi-size   stm32f4xx_driver.elf 
arm-none-eabi-objdump -h -S  stm32f4xx_driver.elf  > "stm32f4xx_driver.list"
   text	   data	    bss	    dec	    hex	filename
   8476	    136	   1664	  10276	   2824	stm32f4xx_driver.elf
Finished building: default.size.stdout
 
Finished building: stm32f4xx_driver.list
 
16:00:36 **** Incremental Build of configuration Debug for project stm32f4xx_driver ****
make -j4 all 
arm-none-eabi-size   stm32f4xx_driver.elf 
   text	   data	    bss	    dec	    hex	filename
   8476	    136	   1664	  10276	   2824	stm32f4xx_driver.elf
Finished building: default.size.stdout
 
16:01:17 **** Incremental Build of configuration Debug for project stm32f4xx_driver ****
make -j4 all 
arm-none-eabi-gcc "../Src/011i2c_master_tx_testingIT.c" -mcpu=cortex-m4 -std=gnu11 -g3 -DDEBUG -DSTM32 -DSTM32F407G_DISC1 -DSTM32F4 -DSTM32F407VGTx -c -I../Inc -I"D:/MCU/MCU1/stm32f4xx_driver/drivers/Inc" -O0 -ffunction-sections -fdata-sections -Wall -fstack-usage -MMD -MP -MF"Src/011i2c_master_tx_testingIT.d" -MT"Src/011i2c_master_tx_testingIT.o" --specs=nano.specs -mfloat-abi=soft -mthumb -o "Src/011i2c_master_tx_testingIT.o"
arm-none-eabi-gcc -o "stm32f4xx_driver.elf" @"objects.list"   -mcpu=cortex-m4 -T"D:\MCU\MCU1\stm32f4xx_driver\STM32F407VGTX_FLASH.ld" --specs=nosys.specs -Wl,-Map="stm32f4xx_driver.map" -Wl,--gc-sections -static --specs=nano.specs -mfloat-abi=soft -mthumb -Wl,--start-group -lc -lm -Wl,--end-group
Finished building target: stm32f4xx_driver.elf
 
arm-none-eabi-size   stm32f4xx_driver.elf 
arm-none-eabi-objdump -h -S  stm32f4xx_driver.elf  > "stm32f4xx_driver.list"
   text	   data	    bss	    dec	    hex	filename
   8500	    136	   1664	  10300	   283c	stm32f4xx_driver.elf
Finished building: default.size.stdout
 
Finished building: stm32f4xx_driver.list
 
16:02:04 **** Incremental Build of configuration Debug for project stm32f4xx_driver ****
make -j4 all 
arm-none-eabi-gcc "../drivers/Src/stm32f407xx_i2c_driver.c" -mcpu=cortex-m4 -std=gnu11 -g3 -DDEBUG -DSTM32 -DSTM32F407G_DISC1 -DSTM32F4 -DSTM32F407VGTx -c -I../Inc -I"D:/MCU/MCU1/stm32f4xx_driver/drivers/Inc" -O0 -ffunction-sections -fdata-sections -Wall -fstack-usage -MMD -MP -MF"drivers/Src/stm32f407xx_i2c_driver.d" -MT"drivers/Src/stm32f407xx_i2c_driver.o" --specs=nano.specs -mfloat-abi=soft -mthumb -o "drivers/Src/stm32f407xx_i2c_driver.o"
arm-none-eabi-gcc -o "stm32f4xx_driver.elf" @"objects.list"   -mcpu=cortex-m4 -T"D:\MCU\MCU1\stm32f4xx_driver\STM32F407VGTX_FLASH.ld" --specs=nosys.specs -Wl,-Map="stm32f4xx_driver.map" -Wl,--gc-sections -static --specs=nano.specs -mfloat-abi=soft -mthumb -Wl,--start-group -lc -lm -Wl,--end-group
Finished building target: stm32f4xx_driver.elf
 
arm-none-eabi-size   stm32f4xx_driver.elf 
arm-none-eabi-objdump -h -S  stm32f4xx_driver.elf  > "stm32f4xx_driver.list"
   text	   data	    bss	    dec	    hex	filename
   8560	    136	   1664	  10360	   2878	stm32f4xx_driver.elf
Finished building: default.size.stdout
 
Finished building: stm32f4xx_driver.list
 
16:03:52 **** Incremental Build of configuration Debug for project stm32f4xx_driver ****
make -j4 all 
arm-none-eabi-gcc "../drivers/Src/stm32f407xx_i2c_driver.c" -mcpu=cortex-m4 -std=gnu11 -g3 -DDEBUG -DSTM32 -DSTM32F407G_DISC1 -DSTM32F4 -DSTM32F407VGTx -c -I../Inc -I"D:/MCU/MCU1/stm32f4xx_driver/drivers/Inc" -O0 -ffunction-sections -fdata-sections -Wall -fstack-usage -MMD -MP -MF"drivers/Src/stm32f407xx_i2c_driver.d" -MT"drivers/Src/stm32f407xx_i2c_driver.o" --specs=nano.specs -mfloat-abi=soft -mthumb -o "drivers/Src/stm32f407xx_i2c_driver.o"
arm-none-eabi-gcc "../Src/011i2c_master_tx_testingIT.c" -mcpu=cortex-m4 -std=gnu11 -g3 -DDEBUG -DSTM32 -DSTM32F407G_DISC1 -DSTM32F4 -DSTM32F407VGTx -c -I../Inc -I"D:/MCU/MCU1/stm32f4xx_driver/drivers/Inc" -O0 -ffunction-sections -fdata-sections -Wall -fstack-usage -MMD -MP -MF"Src/011i2c_master_tx_testingIT.d" -MT"Src/011i2c_master_tx_testingIT.o" --specs=nano.specs -mfloat-abi=soft -mthumb -o "Src/011i2c_master_tx_testingIT.o"
arm-none-eabi-gcc -o "stm32f4xx_driver.elf" @"objects.list"   -mcpu=cortex-m4 -T"D:\MCU\MCU1\stm32f4xx_driver\STM32F407VGTX_FLASH.ld" --specs=nosys.specs -Wl,-Map="stm32f4xx_driver.map" -Wl,--gc-sections -static --specs=nano.specs -mfloat-abi=soft -mthumb -Wl,--start-group -lc -lm -Wl,--end-group
Finished building target: stm32f4xx_driver.elf
 
arm-none-eabi-size   stm32f4xx_driver.elf 
arm-none-eabi-objdump -h -S  stm32f4xx_driver.elf  > "stm32f4xx_driver.list"
   text	   data	    bss	    dec	    hex	filename
   8468	    136	   1664	  10268	   281c	stm32f4xx_driver.elf
Finished building: default.size.stdout
 
Finished building: stm32f4xx_driver.list
 
16:04:48 **** Incremental Build of configuration Debug for project stm32f4xx_driver ****
make -j4 all 
arm-none-eabi-gcc "../Src/011i2c_master_tx_testingIT.c" -mcpu=cortex-m4 -std=gnu11 -g3 -DDEBUG -DSTM32 -DSTM32F407G_DISC1 -DSTM32F4 -DSTM32F407VGTx -c -I../Inc -I"D:/MCU/MCU1/stm32f4xx_driver/drivers/Inc" -O0 -ffunction-sections -fdata-sections -Wall -fstack-usage -MMD -MP -MF"Src/011i2c_master_tx_testingIT.d" -MT"Src/011i2c_master_tx_testingIT.o" --specs=nano.specs -mfloat-abi=soft -mthumb -o "Src/011i2c_master_tx_testingIT.o"
arm-none-eabi-gcc -o "stm32f4xx_driver.elf" @"objects.list"   -mcpu=cortex-m4 -T"D:\MCU\MCU1\stm32f4xx_driver\STM32F407VGTX_FLASH.ld" --specs=nosys.specs -Wl,-Map="stm32f4xx_driver.map" -Wl,--gc-sections -static --specs=nano.specs -mfloat-abi=soft -mthumb -Wl,--start-group -lc -lm -Wl,--end-group
Finished building target: stm32f4xx_driver.elf
 
arm-none-eabi-size   stm32f4xx_driver.elf 
arm-none-eabi-objdump -h -S  stm32f4xx_driver.elf  > "stm32f4xx_driver.list"
   text	   data	    bss	    dec	    hex	filename
   8468	    136	   1664	  10268	   281c	stm32f4xx_driver.elf
Finished building: default.size.stdout
 
Finished building: stm32f4xx_driver.list
 
16:06:00 **** Incremental Build of configuration Debug for project stm32f4xx_driver ****
make -j4 all 
arm-none-eabi-gcc "../Src/011i2c_master_tx_testingIT.c" -mcpu=cortex-m4 -std=gnu11 -g3 -DDEBUG -DSTM32 -DSTM32F407G_DISC1 -DSTM32F4 -DSTM32F407VGTx -c -I../Inc -I"D:/MCU/MCU1/stm32f4xx_driver/drivers/Inc" -O0 -ffunction-sections -fdata-sections -Wall -fstack-usage -MMD -MP -MF"Src/011i2c_master_tx_testingIT.d" -MT"Src/011i2c_master_tx_testingIT.o" --specs=nano.specs -mfloat-abi=soft -mthumb -o "Src/011i2c_master_tx_testingIT.o"
arm-none-eabi-gcc -o "stm32f4xx_driver.elf" @"objects.list"   -mcpu=cortex-m4 -T"D:\MCU\MCU1\stm32f4xx_driver\STM32F407VGTX_FLASH.ld" --specs=nosys.specs -Wl,-Map="stm32f4xx_driver.map" -Wl,--gc-sections -static --specs=nano.specs -mfloat-abi=soft -mthumb -Wl,--start-group -lc -lm -Wl,--end-group
Finished building target: stm32f4xx_driver.elf
 
arm-none-eabi-size   stm32f4xx_driver.elf 
arm-none-eabi-objdump -h -S  stm32f4xx_driver.elf  > "stm32f4xx_driver.list"
   text	   data	    bss	    dec	    hex	filename
   8404	    136	   1664	  10204	   27dc	stm32f4xx_driver.elf
Finished building: default.size.stdout
 
Finished building: stm32f4xx_driver.list
 
16:10:42 **** Incremental Build of configuration Debug for project stm32f4xx_driver ****
make -j4 all 
arm-none-eabi-gcc "../Src/011i2c_master_tx_testingIT.c" -mcpu=cortex-m4 -std=gnu11 -g3 -DDEBUG -DSTM32 -DSTM32F407G_DISC1 -DSTM32F4 -DSTM32F407VGTx -c -I../Inc -I"D:/MCU/MCU1/stm32f4xx_driver/drivers/Inc" -O0 -ffunction-sections -fdata-sections -Wall -fstack-usage -MMD -MP -MF"Src/011i2c_master_tx_testingIT.d" -MT"Src/011i2c_master_tx_testingIT.o" --specs=nano.specs -mfloat-abi=soft -mthumb -o "Src/011i2c_master_tx_testingIT.o"
arm-none-eabi-gcc -o "stm32f4xx_driver.elf" @"objects.list"   -mcpu=cortex-m4 -T"D:\MCU\MCU1\stm32f4xx_driver\STM32F407VGTX_FLASH.ld" --specs=nosys.specs -Wl,-Map="stm32f4xx_driver.map" -Wl,--gc-sections -static --specs=nano.specs -mfloat-abi=soft -mthumb -Wl,--start-group -lc -lm -Wl,--end-group
Finished building target: stm32f4xx_driver.elf
 
arm-none-eabi-size   stm32f4xx_driver.elf 
arm-none-eabi-objdump -h -S  stm32f4xx_driver.elf  > "stm32f4xx_driver.list"
   text	   data	    bss	    dec	    hex	filename
   8404	    136	   1664	  10204	   27dc	stm32f4xx_driver.elf
Finished building: default.size.stdout
 
Finished building: stm32f4xx_driver.list
 
16:19:06 **** Incremental Build of configuration Debug for project stm32f4xx_driver ****
make -j4 all 
arm-none-eabi-size   stm32f4xx_driver.elf 
   text	   data	    bss	    dec	    hex	filename
   8404	    136	   1664	  10204	   27dc	stm32f4xx_driver.elf
Finished building: default.size.stdout
 
16:19:56 **** Incremental Build of configuration Debug for project stm32f4xx_driver ****
make -j4 all 
arm-none-eabi-gcc "../Src/011i2c_master_tx_testingIT.c" -mcpu=cortex-m4 -std=gnu11 -g3 -DDEBUG -DSTM32 -DSTM32F407G_DISC1 -DSTM32F4 -DSTM32F407VGTx -c -I../Inc -I"D:/MCU/MCU1/stm32f4xx_driver/drivers/Inc" -O0 -ffunction-sections -fdata-sections -Wall -fstack-usage -MMD -MP -MF"Src/011i2c_master_tx_testingIT.d" -MT"Src/011i2c_master_tx_testingIT.o" --specs=nano.specs -mfloat-abi=soft -mthumb -o "Src/011i2c_master_tx_testingIT.o"
arm-none-eabi-gcc -o "stm32f4xx_driver.elf" @"objects.list"   -mcpu=cortex-m4 -T"D:\MCU\MCU1\stm32f4xx_driver\STM32F407VGTX_FLASH.ld" --specs=nosys.specs -Wl,-Map="stm32f4xx_driver.map" -Wl,--gc-sections -static --specs=nano.specs -mfloat-abi=soft -mthumb -Wl,--start-group -lc -lm -Wl,--end-group
Finished building target: stm32f4xx_driver.elf
 
arm-none-eabi-size   stm32f4xx_driver.elf 
arm-none-eabi-objdump -h -S  stm32f4xx_driver.elf  > "stm32f4xx_driver.list"
   text	   data	    bss	    dec	    hex	filename
   8408	    136	   1664	  10208	   27e0	stm32f4xx_driver.elf
Finished building: default.size.stdout
 
Finished building: stm32f4xx_driver.list
 
16:20:59 **** Incremental Build of configuration Debug for project stm32f4xx_driver ****
make -j4 all 
arm-none-eabi-gcc "../Src/011i2c_master_tx_testingIT.c" -mcpu=cortex-m4 -std=gnu11 -g3 -DDEBUG -DSTM32 -DSTM32F407G_DISC1 -DSTM32F4 -DSTM32F407VGTx -c -I../Inc -I"D:/MCU/MCU1/stm32f4xx_driver/drivers/Inc" -O0 -ffunction-sections -fdata-sections -Wall -fstack-usage -MMD -MP -MF"Src/011i2c_master_tx_testingIT.d" -MT"Src/011i2c_master_tx_testingIT.o" --specs=nano.specs -mfloat-abi=soft -mthumb -o "Src/011i2c_master_tx_testingIT.o"
arm-none-eabi-gcc -o "stm32f4xx_driver.elf" @"objects.list"   -mcpu=cortex-m4 -T"D:\MCU\MCU1\stm32f4xx_driver\STM32F407VGTX_FLASH.ld" --specs=nosys.specs -Wl,-Map="stm32f4xx_driver.map" -Wl,--gc-sections -static --specs=nano.specs -mfloat-abi=soft -mthumb -Wl,--start-group -lc -lm -Wl,--end-group
Finished building target: stm32f4xx_driver.elf
 
arm-none-eabi-size   stm32f4xx_driver.elf 
arm-none-eabi-objdump -h -S  stm32f4xx_driver.elf  > "stm32f4xx_driver.list"
   text	   data	    bss	    dec	    hex	filename
   8408	    136	   1664	  10208	   27e0	stm32f4xx_driver.elf
Finished building: default.size.stdout
 
Finished building: stm32f4xx_driver.list
 
16:23:05 **** Incremental Build of configuration Debug for project stm32f4xx_driver ****
make -j4 all 
arm-none-eabi-gcc "../drivers/Src/stm32f407xx_i2c_driver.c" -mcpu=cortex-m4 -std=gnu11 -g3 -DDEBUG -DSTM32 -DSTM32F407G_DISC1 -DSTM32F4 -DSTM32F407VGTx -c -I../Inc -I"D:/MCU/MCU1/stm32f4xx_driver/drivers/Inc" -O0 -ffunction-sections -fdata-sections -Wall -fstack-usage -MMD -MP -MF"drivers/Src/stm32f407xx_i2c_driver.d" -MT"drivers/Src/stm32f407xx_i2c_driver.o" --specs=nano.specs -mfloat-abi=soft -mthumb -o "drivers/Src/stm32f407xx_i2c_driver.o"
../drivers/Src/stm32f407xx_i2c_driver.c: In function 'I2C_MasterHandleTXEInterrupt':
../drivers/Src/stm32f407xx_i2c_driver.c:577:3: warning: implicit declaration of function 'u_printf'; did you mean 'vdprintf'? [-Wimplicit-function-declaration]
  577 |   u_printf("txe\n");
      |   ^~~~~~~~
      |   vdprintf
arm-none-eabi-gcc -o "stm32f4xx_driver.elf" @"objects.list"   -mcpu=cortex-m4 -T"D:\MCU\MCU1\stm32f4xx_driver\STM32F407VGTX_FLASH.ld" --specs=nosys.specs -Wl,-Map="stm32f4xx_driver.map" -Wl,--gc-sections -static --specs=nano.specs -mfloat-abi=soft -mthumb -Wl,--start-group -lc -lm -Wl,--end-group
d:\st\stm32cubeide_1.10.1\stm32cubeide\plugins\com.st.stm32cube.ide.mcu.externaltools.gnu-tools-for-stm32.10.3-2021.10.win32_1.0.0.202111181127\tools\arm-none-eabi\bin\ld.exe: ./drivers/Src/stm32f407xx_i2c_driver.o: in function `I2C_MasterHandleTXEInterrupt':
D:/MCU/MCU1/stm32f4xx_driver/Debug/../drivers/Src/stm32f407xx_i2c_driver.c:577: undefined reference to `u_printf'
d:\st\stm32cubeide_1.10.1\stm32cubeide\plugins\com.st.stm32cube.ide.mcu.externaltools.gnu-tools-for-stm32.10.3-2021.10.win32_1.0.0.202111181127\tools\arm-none-eabi\bin\ld.exe: ./drivers/Src/stm32f407xx_i2c_driver.o: in function `I2C_MasterHandleRXNEInterrupt':
D:/MCU/MCU1/stm32f4xx_driver/Debug/../drivers/Src/stm32f407xx_i2c_driver.c:596: undefined reference to `u_printf'
collect2.exe: error: ld returned 1 exit status
make: *** [makefile:64: stm32f4xx_driver.elf] Error 1
"make -j4 all" terminated with exit code 2. Build might be incomplete.
16:23:30 **** Incremental Build of configuration Debug for project stm32f4xx_driver ****
make -j4 all 
arm-none-eabi-gcc "../drivers/Src/stm32f407xx_i2c_driver.c" -mcpu=cortex-m4 -std=gnu11 -g3 -DDEBUG -DSTM32 -DSTM32F407G_DISC1 -DSTM32F4 -DSTM32F407VGTx -c -I../Inc -I"D:/MCU/MCU1/stm32f4xx_driver/drivers/Inc" -O0 -ffunction-sections -fdata-sections -Wall -fstack-usage -MMD -MP -MF"drivers/Src/stm32f407xx_i2c_driver.d" -MT"drivers/Src/stm32f407xx_i2c_driver.o" --specs=nano.specs -mfloat-abi=soft -mthumb -o "drivers/Src/stm32f407xx_i2c_driver.o"
arm-none-eabi-gcc -o "stm32f4xx_driver.elf" @"objects.list"   -mcpu=cortex-m4 -T"D:\MCU\MCU1\stm32f4xx_driver\STM32F407VGTX_FLASH.ld" --specs=nosys.specs -Wl,-Map="stm32f4xx_driver.map" -Wl,--gc-sections -static --specs=nano.specs -mfloat-abi=soft -mthumb -Wl,--start-group -lc -lm -Wl,--end-group
Finished building target: stm32f4xx_driver.elf
 
arm-none-eabi-size   stm32f4xx_driver.elf 
arm-none-eabi-objdump -h -S  stm32f4xx_driver.elf  > "stm32f4xx_driver.list"
   text	   data	    bss	    dec	    hex	filename
   8440	    136	   1664	  10240	   2800	stm32f4xx_driver.elf
Finished building: default.size.stdout
 
Finished building: stm32f4xx_driver.list
 
16:27:15 **** Incremental Build of configuration Debug for project stm32f4xx_driver ****
make -j4 all 
arm-none-eabi-gcc "../drivers/Src/stm32f407xx_i2c_driver.c" -mcpu=cortex-m4 -std=gnu11 -g3 -DDEBUG -DSTM32 -DSTM32F407G_DISC1 -DSTM32F4 -DSTM32F407VGTx -c -I../Inc -I"D:/MCU/MCU1/stm32f4xx_driver/drivers/Inc" -O0 -ffunction-sections -fdata-sections -Wall -fstack-usage -MMD -MP -MF"drivers/Src/stm32f407xx_i2c_driver.d" -MT"drivers/Src/stm32f407xx_i2c_driver.o" --specs=nano.specs -mfloat-abi=soft -mthumb -o "drivers/Src/stm32f407xx_i2c_driver.o"
arm-none-eabi-gcc -o "stm32f4xx_driver.elf" @"objects.list"   -mcpu=cortex-m4 -T"D:\MCU\MCU1\stm32f4xx_driver\STM32F407VGTX_FLASH.ld" --specs=nosys.specs -Wl,-Map="stm32f4xx_driver.map" -Wl,--gc-sections -static --specs=nano.specs -mfloat-abi=soft -mthumb -Wl,--start-group -lc -lm -Wl,--end-group
Finished building target: stm32f4xx_driver.elf
 
arm-none-eabi-size   stm32f4xx_driver.elf 
arm-none-eabi-objdump -h -S  stm32f4xx_driver.elf  > "stm32f4xx_driver.list"
   text	   data	    bss	    dec	    hex	filename
   8464	    136	   1664	  10264	   2818	stm32f4xx_driver.elf
Finished building: default.size.stdout
 
Finished building: stm32f4xx_driver.list
 
16:28:38 **** Incremental Build of configuration Debug for project stm32f4xx_driver ****
make -j4 all 
arm-none-eabi-gcc "../drivers/Src/stm32f407xx_i2c_driver.c" -mcpu=cortex-m4 -std=gnu11 -g3 -DDEBUG -DSTM32 -DSTM32F407G_DISC1 -DSTM32F4 -DSTM32F407VGTx -c -I../Inc -I"D:/MCU/MCU1/stm32f4xx_driver/drivers/Inc" -O0 -ffunction-sections -fdata-sections -Wall -fstack-usage -MMD -MP -MF"drivers/Src/stm32f407xx_i2c_driver.d" -MT"drivers/Src/stm32f407xx_i2c_driver.o" --specs=nano.specs -mfloat-abi=soft -mthumb -o "drivers/Src/stm32f407xx_i2c_driver.o"
arm-none-eabi-gcc -o "stm32f4xx_driver.elf" @"objects.list"   -mcpu=cortex-m4 -T"D:\MCU\MCU1\stm32f4xx_driver\STM32F407VGTX_FLASH.ld" --specs=nosys.specs -Wl,-Map="stm32f4xx_driver.map" -Wl,--gc-sections -static --specs=nano.specs -mfloat-abi=soft -mthumb -Wl,--start-group -lc -lm -Wl,--end-group
Finished building target: stm32f4xx_driver.elf
 
arm-none-eabi-size   stm32f4xx_driver.elf 
arm-none-eabi-objdump -h -S  stm32f4xx_driver.elf  > "stm32f4xx_driver.list"
   text	   data	    bss	    dec	    hex	filename
   8448	    136	   1664	  10248	   2808	stm32f4xx_driver.elf
Finished building: default.size.stdout
 
Finished building: stm32f4xx_driver.list
 
16:29:38 **** Incremental Build of configuration Debug for project stm32f4xx_driver ****
make -j4 all 
arm-none-eabi-gcc "../drivers/Src/stm32f407xx_i2c_driver.c" -mcpu=cortex-m4 -std=gnu11 -g3 -DDEBUG -DSTM32 -DSTM32F407G_DISC1 -DSTM32F4 -DSTM32F407VGTx -c -I../Inc -I"D:/MCU/MCU1/stm32f4xx_driver/drivers/Inc" -O0 -ffunction-sections -fdata-sections -Wall -fstack-usage -MMD -MP -MF"drivers/Src/stm32f407xx_i2c_driver.d" -MT"drivers/Src/stm32f407xx_i2c_driver.o" --specs=nano.specs -mfloat-abi=soft -mthumb -o "drivers/Src/stm32f407xx_i2c_driver.o"
arm-none-eabi-gcc -o "stm32f4xx_driver.elf" @"objects.list"   -mcpu=cortex-m4 -T"D:\MCU\MCU1\stm32f4xx_driver\STM32F407VGTX_FLASH.ld" --specs=nosys.specs -Wl,-Map="stm32f4xx_driver.map" -Wl,--gc-sections -static --specs=nano.specs -mfloat-abi=soft -mthumb -Wl,--start-group -lc -lm -Wl,--end-group
Finished building target: stm32f4xx_driver.elf
 
arm-none-eabi-size   stm32f4xx_driver.elf 
arm-none-eabi-objdump -h -S  stm32f4xx_driver.elf  > "stm32f4xx_driver.list"
   text	   data	    bss	    dec	    hex	filename
   8456	    136	   1664	  10256	   2810	stm32f4xx_driver.elf
Finished building: default.size.stdout
 
Finished building: stm32f4xx_driver.list
 
16:31:21 **** Incremental Build of configuration Debug for project stm32f4xx_driver ****
make -j4 all 
arm-none-eabi-gcc "../drivers/Src/stm32f407xx_i2c_driver.c" -mcpu=cortex-m4 -std=gnu11 -g3 -DDEBUG -DSTM32 -DSTM32F407G_DISC1 -DSTM32F4 -DSTM32F407VGTx -c -I../Inc -I"D:/MCU/MCU1/stm32f4xx_driver/drivers/Inc" -O0 -ffunction-sections -fdata-sections -Wall -fstack-usage -MMD -MP -MF"drivers/Src/stm32f407xx_i2c_driver.d" -MT"drivers/Src/stm32f407xx_i2c_driver.o" --specs=nano.specs -mfloat-abi=soft -mthumb -o "drivers/Src/stm32f407xx_i2c_driver.o"
arm-none-eabi-gcc -o "stm32f4xx_driver.elf" @"objects.list"   -mcpu=cortex-m4 -T"D:\MCU\MCU1\stm32f4xx_driver\STM32F407VGTX_FLASH.ld" --specs=nosys.specs -Wl,-Map="stm32f4xx_driver.map" -Wl,--gc-sections -static --specs=nano.specs -mfloat-abi=soft -mthumb -Wl,--start-group -lc -lm -Wl,--end-group
Finished building target: stm32f4xx_driver.elf
 
arm-none-eabi-size   stm32f4xx_driver.elf 
arm-none-eabi-objdump -h -S  stm32f4xx_driver.elf  > "stm32f4xx_driver.list"
   text	   data	    bss	    dec	    hex	filename
   8472	    136	   1664	  10272	   2820	stm32f4xx_driver.elf
Finished building: default.size.stdout
 
Finished building: stm32f4xx_driver.list
 
16:33:54 **** Incremental Build of configuration Debug for project stm32f4xx_driver ****
make -j4 all 
arm-none-eabi-gcc "../drivers/Src/stm32f407xx_i2c_driver.c" -mcpu=cortex-m4 -std=gnu11 -g3 -DDEBUG -DSTM32 -DSTM32F407G_DISC1 -DSTM32F4 -DSTM32F407VGTx -c -I../Inc -I"D:/MCU/MCU1/stm32f4xx_driver/drivers/Inc" -O0 -ffunction-sections -fdata-sections -Wall -fstack-usage -MMD -MP -MF"drivers/Src/stm32f407xx_i2c_driver.d" -MT"drivers/Src/stm32f407xx_i2c_driver.o" --specs=nano.specs -mfloat-abi=soft -mthumb -o "drivers/Src/stm32f407xx_i2c_driver.o"
arm-none-eabi-gcc -o "stm32f4xx_driver.elf" @"objects.list"   -mcpu=cortex-m4 -T"D:\MCU\MCU1\stm32f4xx_driver\STM32F407VGTX_FLASH.ld" --specs=nosys.specs -Wl,-Map="stm32f4xx_driver.map" -Wl,--gc-sections -static --specs=nano.specs -mfloat-abi=soft -mthumb -Wl,--start-group -lc -lm -Wl,--end-group
Finished building target: stm32f4xx_driver.elf
 
arm-none-eabi-size   stm32f4xx_driver.elf 
arm-none-eabi-objdump -h -S  stm32f4xx_driver.elf  > "stm32f4xx_driver.list"
   text	   data	    bss	    dec	    hex	filename
  10248	    136	   1664	  12048	   2f10	stm32f4xx_driver.elf
Finished building: default.size.stdout
 
Finished building: stm32f4xx_driver.list
 
16:36:09 **** Incremental Build of configuration Debug for project stm32f4xx_driver ****
make -j4 all 
arm-none-eabi-gcc "../drivers/Src/stm32f407xx_i2c_driver.c" -mcpu=cortex-m4 -std=gnu11 -g3 -DDEBUG -DSTM32 -DSTM32F407G_DISC1 -DSTM32F4 -DSTM32F407VGTx -c -I../Inc -I"D:/MCU/MCU1/stm32f4xx_driver/drivers/Inc" -O0 -ffunction-sections -fdata-sections -Wall -fstack-usage -MMD -MP -MF"drivers/Src/stm32f407xx_i2c_driver.d" -MT"drivers/Src/stm32f407xx_i2c_driver.o" --specs=nano.specs -mfloat-abi=soft -mthumb -o "drivers/Src/stm32f407xx_i2c_driver.o"
arm-none-eabi-gcc -o "stm32f4xx_driver.elf" @"objects.list"   -mcpu=cortex-m4 -T"D:\MCU\MCU1\stm32f4xx_driver\STM32F407VGTX_FLASH.ld" --specs=nosys.specs -Wl,-Map="stm32f4xx_driver.map" -Wl,--gc-sections -static --specs=nano.specs -mfloat-abi=soft -mthumb -Wl,--start-group -lc -lm -Wl,--end-group
Finished building target: stm32f4xx_driver.elf
 
arm-none-eabi-size   stm32f4xx_driver.elf 
arm-none-eabi-objdump -h -S  stm32f4xx_driver.elf  > "stm32f4xx_driver.list"
   text	   data	    bss	    dec	    hex	filename
  10256	    136	   1664	  12056	   2f18	stm32f4xx_driver.elf
Finished building: default.size.stdout
 
Finished building: stm32f4xx_driver.list
 
16:40:17 **** Incremental Build of configuration Debug for project stm32f4xx_driver ****
make -j4 all 
arm-none-eabi-gcc "../drivers/Src/stm32f407xx_i2c_driver.c" -mcpu=cortex-m4 -std=gnu11 -g3 -DDEBUG -DSTM32 -DSTM32F407G_DISC1 -DSTM32F4 -DSTM32F407VGTx -c -I../Inc -I"D:/MCU/MCU1/stm32f4xx_driver/drivers/Inc" -O0 -ffunction-sections -fdata-sections -Wall -fstack-usage -MMD -MP -MF"drivers/Src/stm32f407xx_i2c_driver.d" -MT"drivers/Src/stm32f407xx_i2c_driver.o" --specs=nano.specs -mfloat-abi=soft -mthumb -o "drivers/Src/stm32f407xx_i2c_driver.o"
arm-none-eabi-gcc -o "stm32f4xx_driver.elf" @"objects.list"   -mcpu=cortex-m4 -T"D:\MCU\MCU1\stm32f4xx_driver\STM32F407VGTX_FLASH.ld" --specs=nosys.specs -Wl,-Map="stm32f4xx_driver.map" -Wl,--gc-sections -static --specs=nano.specs -mfloat-abi=soft -mthumb -Wl,--start-group -lc -lm -Wl,--end-group
Finished building target: stm32f4xx_driver.elf
 
arm-none-eabi-size   stm32f4xx_driver.elf 
arm-none-eabi-objdump -h -S  stm32f4xx_driver.elf  > "stm32f4xx_driver.list"
   text	   data	    bss	    dec	    hex	filename
  10280	    136	   1664	  12080	   2f30	stm32f4xx_driver.elf
Finished building: default.size.stdout
 
Finished building: stm32f4xx_driver.list
 
16:52:18 **** Incremental Build of configuration Debug for project stm32f4xx_driver ****
make -j4 all 
arm-none-eabi-gcc "../drivers/Src/stm32f407xx_i2c_driver.c" -mcpu=cortex-m4 -std=gnu11 -g3 -DDEBUG -DSTM32 -DSTM32F407G_DISC1 -DSTM32F4 -DSTM32F407VGTx -c -I../Inc -I"D:/MCU/MCU1/stm32f4xx_driver/drivers/Inc" -O0 -ffunction-sections -fdata-sections -Wall -fstack-usage -MMD -MP -MF"drivers/Src/stm32f407xx_i2c_driver.d" -MT"drivers/Src/stm32f407xx_i2c_driver.o" --specs=nano.specs -mfloat-abi=soft -mthumb -o "drivers/Src/stm32f407xx_i2c_driver.o"
arm-none-eabi-gcc -o "stm32f4xx_driver.elf" @"objects.list"   -mcpu=cortex-m4 -T"D:\MCU\MCU1\stm32f4xx_driver\STM32F407VGTX_FLASH.ld" --specs=nosys.specs -Wl,-Map="stm32f4xx_driver.map" -Wl,--gc-sections -static --specs=nano.specs -mfloat-abi=soft -mthumb -Wl,--start-group -lc -lm -Wl,--end-group
Finished building target: stm32f4xx_driver.elf
 
arm-none-eabi-size   stm32f4xx_driver.elf 
arm-none-eabi-objdump -h -S  stm32f4xx_driver.elf  > "stm32f4xx_driver.list"
   text	   data	    bss	    dec	    hex	filename
   8476	    136	   1664	  10276	   2824	stm32f4xx_driver.elf
Finished building: default.size.stdout
 
Finished building: stm32f4xx_driver.list
 
16:55:51 **** Incremental Build of configuration Debug for project stm32f4xx_driver ****
make -j4 all 
arm-none-eabi-gcc "../drivers/Src/stm32f407xx_gpio_driver.c" -mcpu=cortex-m4 -std=gnu11 -g3 -DDEBUG -DSTM32 -DSTM32F407G_DISC1 -DSTM32F4 -DSTM32F407VGTx -c -I../Inc -I"D:/MCU/MCU1/stm32f4xx_driver/drivers/Inc" -O0 -ffunction-sections -fdata-sections -Wall -fstack-usage -MMD -MP -MF"drivers/Src/stm32f407xx_gpio_driver.d" -MT"drivers/Src/stm32f407xx_gpio_driver.o" --specs=nano.specs -mfloat-abi=soft -mthumb -o "drivers/Src/stm32f407xx_gpio_driver.o"
arm-none-eabi-gcc "../drivers/Src/stm32f407xx_i2c_driver.c" -mcpu=cortex-m4 -std=gnu11 -g3 -DDEBUG -DSTM32 -DSTM32F407G_DISC1 -DSTM32F4 -DSTM32F407VGTx -c -I../Inc -I"D:/MCU/MCU1/stm32f4xx_driver/drivers/Inc" -O0 -ffunction-sections -fdata-sections -Wall -fstack-usage -MMD -MP -MF"drivers/Src/stm32f407xx_i2c_driver.d" -MT"drivers/Src/stm32f407xx_i2c_driver.o" --specs=nano.specs -mfloat-abi=soft -mthumb -o "drivers/Src/stm32f407xx_i2c_driver.o"
arm-none-eabi-gcc "../drivers/Src/stm32f407xx_spi_driver.c" -mcpu=cortex-m4 -std=gnu11 -g3 -DDEBUG -DSTM32 -DSTM32F407G_DISC1 -DSTM32F4 -DSTM32F407VGTx -c -I../Inc -I"D:/MCU/MCU1/stm32f4xx_driver/drivers/Inc" -O0 -ffunction-sections -fdata-sections -Wall -fstack-usage -MMD -MP -MF"drivers/Src/stm32f407xx_spi_driver.d" -MT"drivers/Src/stm32f407xx_spi_driver.o" --specs=nano.specs -mfloat-abi=soft -mthumb -o "drivers/Src/stm32f407xx_spi_driver.o"
arm-none-eabi-gcc "../Src/011i2c_master_tx_testingIT.c" -mcpu=cortex-m4 -std=gnu11 -g3 -DDEBUG -DSTM32 -DSTM32F407G_DISC1 -DSTM32F4 -DSTM32F407VGTx -c -I../Inc -I"D:/MCU/MCU1/stm32f4xx_driver/drivers/Inc" -O0 -ffunction-sections -fdata-sections -Wall -fstack-usage -MMD -MP -MF"Src/011i2c_master_tx_testingIT.d" -MT"Src/011i2c_master_tx_testingIT.o" --specs=nano.specs -mfloat-abi=soft -mthumb -o "Src/011i2c_master_tx_testingIT.o"
arm-none-eabi-gcc -o "stm32f4xx_driver.elf" @"objects.list"   -mcpu=cortex-m4 -T"D:\MCU\MCU1\stm32f4xx_driver\STM32F407VGTX_FLASH.ld" --specs=nosys.specs -Wl,-Map="stm32f4xx_driver.map" -Wl,--gc-sections -static --specs=nano.specs -mfloat-abi=soft -mthumb -Wl,--start-group -lc -lm -Wl,--end-group
Finished building target: stm32f4xx_driver.elf
 
arm-none-eabi-size   stm32f4xx_driver.elf 
arm-none-eabi-objdump -h -S  stm32f4xx_driver.elf  > "stm32f4xx_driver.list"
   text	   data	    bss	    dec	    hex	filename
   8528	    136	   1664	  10328	   2858	stm32f4xx_driver.elf
Finished building: default.size.stdout
 
Finished building: stm32f4xx_driver.list
 
16:59:35 **** Incremental Build of configuration Debug for project stm32f4xx_driver ****
make -j4 all 
arm-none-eabi-gcc "../drivers/Src/stm32f407xx_i2c_driver.c" -mcpu=cortex-m4 -std=gnu11 -g3 -DDEBUG -DSTM32 -DSTM32F407G_DISC1 -DSTM32F4 -DSTM32F407VGTx -c -I../Inc -I"D:/MCU/MCU1/stm32f4xx_driver/drivers/Inc" -O0 -ffunction-sections -fdata-sections -Wall -fstack-usage -MMD -MP -MF"drivers/Src/stm32f407xx_i2c_driver.d" -MT"drivers/Src/stm32f407xx_i2c_driver.o" --specs=nano.specs -mfloat-abi=soft -mthumb -o "drivers/Src/stm32f407xx_i2c_driver.o"
arm-none-eabi-gcc -o "stm32f4xx_driver.elf" @"objects.list"   -mcpu=cortex-m4 -T"D:\MCU\MCU1\stm32f4xx_driver\STM32F407VGTX_FLASH.ld" --specs=nosys.specs -Wl,-Map="stm32f4xx_driver.map" -Wl,--gc-sections -static --specs=nano.specs -mfloat-abi=soft -mthumb -Wl,--start-group -lc -lm -Wl,--end-group
Finished building target: stm32f4xx_driver.elf
 
arm-none-eabi-size   stm32f4xx_driver.elf 
arm-none-eabi-objdump -h -S  stm32f4xx_driver.elf  > "stm32f4xx_driver.list"
   text	   data	    bss	    dec	    hex	filename
  10300	    136	   1664	  12100	   2f44	stm32f4xx_driver.elf
Finished building: default.size.stdout
 
Finished building: stm32f4xx_driver.list
 
17:00:30 **** Incremental Build of configuration Debug for project stm32f4xx_driver ****
make -j4 all 
arm-none-eabi-gcc "../drivers/Src/stm32f407xx_i2c_driver.c" -mcpu=cortex-m4 -std=gnu11 -g3 -DDEBUG -DSTM32 -DSTM32F407G_DISC1 -DSTM32F4 -DSTM32F407VGTx -c -I../Inc -I"D:/MCU/MCU1/stm32f4xx_driver/drivers/Inc" -O0 -ffunction-sections -fdata-sections -Wall -fstack-usage -MMD -MP -MF"drivers/Src/stm32f407xx_i2c_driver.d" -MT"drivers/Src/stm32f407xx_i2c_driver.o" --specs=nano.specs -mfloat-abi=soft -mthumb -o "drivers/Src/stm32f407xx_i2c_driver.o"
arm-none-eabi-gcc -o "stm32f4xx_driver.elf" @"objects.list"   -mcpu=cortex-m4 -T"D:\MCU\MCU1\stm32f4xx_driver\STM32F407VGTX_FLASH.ld" --specs=nosys.specs -Wl,-Map="stm32f4xx_driver.map" -Wl,--gc-sections -static --specs=nano.specs -mfloat-abi=soft -mthumb -Wl,--start-group -lc -lm -Wl,--end-group
Finished building target: stm32f4xx_driver.elf
 
arm-none-eabi-size   stm32f4xx_driver.elf 
arm-none-eabi-objdump -h -S  stm32f4xx_driver.elf  > "stm32f4xx_driver.list"
   text	   data	    bss	    dec	    hex	filename
  10308	    136	   1664	  12108	   2f4c	stm32f4xx_driver.elf
Finished building: default.size.stdout
 
Finished building: stm32f4xx_driver.list
 
17:02:19 **** Incremental Build of configuration Debug for project stm32f4xx_driver ****
make -j4 all 
arm-none-eabi-gcc "../drivers/Src/stm32f407xx_i2c_driver.c" -mcpu=cortex-m4 -std=gnu11 -g3 -DDEBUG -DSTM32 -DSTM32F407G_DISC1 -DSTM32F4 -DSTM32F407VGTx -c -I../Inc -I"D:/MCU/MCU1/stm32f4xx_driver/drivers/Inc" -O0 -ffunction-sections -fdata-sections -Wall -fstack-usage -MMD -MP -MF"drivers/Src/stm32f407xx_i2c_driver.d" -MT"drivers/Src/stm32f407xx_i2c_driver.o" --specs=nano.specs -mfloat-abi=soft -mthumb -o "drivers/Src/stm32f407xx_i2c_driver.o"
arm-none-eabi-gcc -o "stm32f4xx_driver.elf" @"objects.list"   -mcpu=cortex-m4 -T"D:\MCU\MCU1\stm32f4xx_driver\STM32F407VGTX_FLASH.ld" --specs=nosys.specs -Wl,-Map="stm32f4xx_driver.map" -Wl,--gc-sections -static --specs=nano.specs -mfloat-abi=soft -mthumb -Wl,--start-group -lc -lm -Wl,--end-group
Finished building target: stm32f4xx_driver.elf
 
arm-none-eabi-size   stm32f4xx_driver.elf 
arm-none-eabi-objdump -h -S  stm32f4xx_driver.elf  > "stm32f4xx_driver.list"
   text	   data	    bss	    dec	    hex	filename
  10300	    136	   1664	  12100	   2f44	stm32f4xx_driver.elf
Finished building: default.size.stdout
 
Finished building: stm32f4xx_driver.list
 
17:08:53 **** Incremental Build of configuration Debug for project stm32f4xx_driver ****
make -j4 all 
arm-none-eabi-gcc "../drivers/Src/stm32f407xx_i2c_driver.c" -mcpu=cortex-m4 -std=gnu11 -g3 -DDEBUG -DSTM32 -DSTM32F407G_DISC1 -DSTM32F4 -DSTM32F407VGTx -c -I../Inc -I"D:/MCU/MCU1/stm32f4xx_driver/drivers/Inc" -O0 -ffunction-sections -fdata-sections -Wall -fstack-usage -MMD -MP -MF"drivers/Src/stm32f407xx_i2c_driver.d" -MT"drivers/Src/stm32f407xx_i2c_driver.o" --specs=nano.specs -mfloat-abi=soft -mthumb -o "drivers/Src/stm32f407xx_i2c_driver.o"
arm-none-eabi-gcc -o "stm32f4xx_driver.elf" @"objects.list"   -mcpu=cortex-m4 -T"D:\MCU\MCU1\stm32f4xx_driver\STM32F407VGTX_FLASH.ld" --specs=nosys.specs -Wl,-Map="stm32f4xx_driver.map" -Wl,--gc-sections -static --specs=nano.specs -mfloat-abi=soft -mthumb -Wl,--start-group -lc -lm -Wl,--end-group
Finished building target: stm32f4xx_driver.elf
 
arm-none-eabi-size   stm32f4xx_driver.elf 
arm-none-eabi-objdump -h -S  stm32f4xx_driver.elf  > "stm32f4xx_driver.list"
   text	   data	    bss	    dec	    hex	filename
   8472	    136	   1664	  10272	   2820	stm32f4xx_driver.elf
Finished building: default.size.stdout
 
Finished building: stm32f4xx_driver.list
 
17:10:34 **** Incremental Build of configuration Debug for project stm32f4xx_driver ****
make -j4 all 
arm-none-eabi-gcc "../drivers/Src/stm32f407xx_i2c_driver.c" -mcpu=cortex-m4 -std=gnu11 -g3 -DDEBUG -DSTM32 -DSTM32F407G_DISC1 -DSTM32F4 -DSTM32F407VGTx -c -I../Inc -I"D:/MCU/MCU1/stm32f4xx_driver/drivers/Inc" -O0 -ffunction-sections -fdata-sections -Wall -fstack-usage -MMD -MP -MF"drivers/Src/stm32f407xx_i2c_driver.d" -MT"drivers/Src/stm32f407xx_i2c_driver.o" --specs=nano.specs -mfloat-abi=soft -mthumb -o "drivers/Src/stm32f407xx_i2c_driver.o"
arm-none-eabi-gcc -o "stm32f4xx_driver.elf" @"objects.list"   -mcpu=cortex-m4 -T"D:\MCU\MCU1\stm32f4xx_driver\STM32F407VGTX_FLASH.ld" --specs=nosys.specs -Wl,-Map="stm32f4xx_driver.map" -Wl,--gc-sections -static --specs=nano.specs -mfloat-abi=soft -mthumb -Wl,--start-group -lc -lm -Wl,--end-group
Finished building target: stm32f4xx_driver.elf
 
arm-none-eabi-size   stm32f4xx_driver.elf 
arm-none-eabi-objdump -h -S  stm32f4xx_driver.elf  > "stm32f4xx_driver.list"
   text	   data	    bss	    dec	    hex	filename
  10292	    136	   1664	  12092	   2f3c	stm32f4xx_driver.elf
Finished building: default.size.stdout
 
Finished building: stm32f4xx_driver.list
 
17:11:29 **** Incremental Build of configuration Debug for project stm32f4xx_driver ****
make -j4 all 
arm-none-eabi-gcc "../Src/011i2c_master_tx_testingIT.c" -mcpu=cortex-m4 -std=gnu11 -g3 -DDEBUG -DSTM32 -DSTM32F407G_DISC1 -DSTM32F4 -DSTM32F407VGTx -c -I../Inc -I"D:/MCU/MCU1/stm32f4xx_driver/drivers/Inc" -O0 -ffunction-sections -fdata-sections -Wall -fstack-usage -MMD -MP -MF"Src/011i2c_master_tx_testingIT.d" -MT"Src/011i2c_master_tx_testingIT.o" --specs=nano.specs -mfloat-abi=soft -mthumb -o "Src/011i2c_master_tx_testingIT.o"
arm-none-eabi-gcc -o "stm32f4xx_driver.elf" @"objects.list"   -mcpu=cortex-m4 -T"D:\MCU\MCU1\stm32f4xx_driver\STM32F407VGTX_FLASH.ld" --specs=nosys.specs -Wl,-Map="stm32f4xx_driver.map" -Wl,--gc-sections -static --specs=nano.specs -mfloat-abi=soft -mthumb -Wl,--start-group -lc -lm -Wl,--end-group
Finished building target: stm32f4xx_driver.elf
 
arm-none-eabi-size   stm32f4xx_driver.elf 
arm-none-eabi-objdump -h -S  stm32f4xx_driver.elf  > "stm32f4xx_driver.list"
   text	   data	    bss	    dec	    hex	filename
  10320	    148	   1668	  12136	   2f68	stm32f4xx_driver.elf
Finished building: default.size.stdout
 
Finished building: stm32f4xx_driver.list
 
