21:25:09 **** Incremental Build of configuration Debug for project stm32f4xx_driver ****
make -j4 all 
arm-none-eabi-size   stm32f4xx_driver.elf 
   text	   data	    bss	    dec	    hex	filename
  10580	    148	   1700	  12428	   308c	stm32f4xx_driver.elf
Finished building: default.size.stdout
 
21:25:11 **** Incremental Build of configuration Debug for project stm32f4xx_driver ****
make -j4 all 
arm-none-eabi-size   stm32f4xx_driver.elf 
   text	   data	    bss	    dec	    hex	filename
  10580	    148	   1700	  12428	   308c	stm32f4xx_driver.elf
Finished building: default.size.stdout
 
21:26:17 **** Incremental Build of configuration Debug for project stm32f4xx_driver ****
make -j4 all 
arm-none-eabi-gcc "../drivers/Src/stm32f407xx_i2c_driver.c" -mcpu=cortex-m4 -std=gnu11 -g3 -DDEBUG -DSTM32 -DSTM32F407G_DISC1 -DSTM32F4 -DSTM32F407VGTx -c -I../Inc -I"D:/MCU/MCU1/stm32f4xx_driver/drivers/Inc" -O0 -ffunction-sections -fdata-sections -Wall -fstack-usage -MMD -MP -MF"drivers/Src/stm32f407xx_i2c_driver.d" -MT"drivers/Src/stm32f407xx_i2c_driver.o" --specs=nano.specs -mfloat-abi=soft -mthumb -o "drivers/Src/stm32f407xx_i2c_driver.o"
arm-none-eabi-gcc -o "stm32f4xx_driver.elf" @"objects.list"   -mcpu=cortex-m4 -T"D:\MCU\MCU1\stm32f4xx_driver\STM32F407VGTX_FLASH.ld" --specs=nosys.specs -Wl,-Map="stm32f4xx_driver.map" -Wl,--gc-sections -static --specs=nano.specs -mfloat-abi=soft -mthumb -Wl,--start-group -lc -lm -Wl,--end-group
Finished building target: stm32f4xx_driver.elf
 
arm-none-eabi-size   stm32f4xx_driver.elf 
arm-none-eabi-objdump -h -S  stm32f4xx_driver.elf  > "stm32f4xx_driver.list"
   text	   data	    bss	    dec	    hex	filename
  10580	    148	   1700	  12428	   308c	stm32f4xx_driver.elf
Finished building: default.size.stdout
 
Finished building: stm32f4xx_driver.list
 
21:27:31 **** Incremental Build of configuration Debug for project stm32f4xx_driver ****
make -j4 all 
arm-none-eabi-gcc "../drivers/Src/stm32f407xx_i2c_driver.c" -mcpu=cortex-m4 -std=gnu11 -g3 -DDEBUG -DSTM32 -DSTM32F407G_DISC1 -DSTM32F4 -DSTM32F407VGTx -c -I../Inc -I"D:/MCU/MCU1/stm32f4xx_driver/drivers/Inc" -O0 -ffunction-sections -fdata-sections -Wall -fstack-usage -MMD -MP -MF"drivers/Src/stm32f407xx_i2c_driver.d" -MT"drivers/Src/stm32f407xx_i2c_driver.o" --specs=nano.specs -mfloat-abi=soft -mthumb -o "drivers/Src/stm32f407xx_i2c_driver.o"
arm-none-eabi-gcc "../Src/012i2c_slave_tx_testingIT.c" -mcpu=cortex-m4 -std=gnu11 -g3 -DDEBUG -DSTM32 -DSTM32F407G_DISC1 -DSTM32F4 -DSTM32F407VGTx -c -I../Inc -I"D:/MCU/MCU1/stm32f4xx_driver/drivers/Inc" -O0 -ffunction-sections -fdata-sections -Wall -fstack-usage -MMD -MP -MF"Src/012i2c_slave_tx_testingIT.d" -MT"Src/012i2c_slave_tx_testingIT.o" --specs=nano.specs -mfloat-abi=soft -mthumb -o "Src/012i2c_slave_tx_testingIT.o"
../Src/012i2c_slave_tx_testingIT.c: In function 'main':
../Src/012i2c_slave_tx_testingIT.c:120:13: warning: unused variable 'len' [-Wunused-variable]
  120 |     uint8_t len;
      |             ^~~
../Src/012i2c_slave_tx_testingIT.c: In function 'I2C_ApplicationEventCallback':
../Src/012i2c_slave_tx_testingIT.c:248:17: warning: unused variable 'len' [-Wunused-variable]
  248 |             int len = strlen((char*)some_data);
      |                 ^~~
../Src/012i2c_slave_tx_testingIT.c:220:20: warning: unused variable 'cnt' [-Wunused-variable]
  220 |     static uint8_t cnt = 0;
      |                    ^~~
At top level:
../Src/012i2c_slave_tx_testingIT.c:220:20: warning: 'cnt' defined but not used [-Wunused-variable]
arm-none-eabi-gcc -o "stm32f4xx_driver.elf" @"objects.list"   -mcpu=cortex-m4 -T"D:\MCU\MCU1\stm32f4xx_driver\STM32F407VGTX_FLASH.ld" --specs=nosys.specs -Wl,-Map="stm32f4xx_driver.map" -Wl,--gc-sections -static --specs=nano.specs -mfloat-abi=soft -mthumb -Wl,--start-group -lc -lm -Wl,--end-group
Finished building target: stm32f4xx_driver.elf
 
arm-none-eabi-size   stm32f4xx_driver.elf 
arm-none-eabi-objdump -h -S  stm32f4xx_driver.elf  > "stm32f4xx_driver.list"
   text	   data	    bss	    dec	    hex	filename
  10580	    148	   1700	  12428	   308c	stm32f4xx_driver.elf
Finished building: default.size.stdout
 
Finished building: stm32f4xx_driver.list
 
21:28:20 **** Incremental Build of configuration Debug for project stm32f4xx_driver ****
make -j4 all 
arm-none-eabi-gcc "../Src/012i2c_slave_tx_testingIT.c" -mcpu=cortex-m4 -std=gnu11 -g3 -DDEBUG -DSTM32 -DSTM32F407G_DISC1 -DSTM32F4 -DSTM32F407VGTx -c -I../Inc -I"D:/MCU/MCU1/stm32f4xx_driver/drivers/Inc" -O0 -ffunction-sections -fdata-sections -Wall -fstack-usage -MMD -MP -MF"Src/012i2c_slave_tx_testingIT.d" -MT"Src/012i2c_slave_tx_testingIT.o" --specs=nano.specs -mfloat-abi=soft -mthumb -o "Src/012i2c_slave_tx_testingIT.o"
../Src/012i2c_slave_tx_testingIT.c: In function 'main':
../Src/012i2c_slave_tx_testingIT.c:120:13: warning: unused variable 'len' [-Wunused-variable]
  120 |     uint8_t len;
      |             ^~~
../Src/012i2c_slave_tx_testingIT.c: In function 'I2C_ApplicationEventCallback':
../Src/012i2c_slave_tx_testingIT.c:248:17: warning: unused variable 'len' [-Wunused-variable]
  248 |             int len = strlen((char*)some_data);
      |                 ^~~
../Src/012i2c_slave_tx_testingIT.c:220:20: warning: unused variable 'cnt' [-Wunused-variable]
  220 |     static uint8_t cnt = 0;
      |                    ^~~
At top level:
../Src/012i2c_slave_tx_testingIT.c:220:20: warning: 'cnt' defined but not used [-Wunused-variable]
arm-none-eabi-gcc -o "stm32f4xx_driver.elf" @"objects.list"   -mcpu=cortex-m4 -T"D:\MCU\MCU1\stm32f4xx_driver\STM32F407VGTX_FLASH.ld" --specs=nosys.specs -Wl,-Map="stm32f4xx_driver.map" -Wl,--gc-sections -static --specs=nano.specs -mfloat-abi=soft -mthumb -Wl,--start-group -lc -lm -Wl,--end-group
Finished building target: stm32f4xx_driver.elf
 
arm-none-eabi-size   stm32f4xx_driver.elf 
arm-none-eabi-objdump -h -S  stm32f4xx_driver.elf  > "stm32f4xx_driver.list"
   text	   data	    bss	    dec	    hex	filename
  10580	    140	   1700	  12420	   3084	stm32f4xx_driver.elf
Finished building: default.size.stdout
 
Finished building: stm32f4xx_driver.list
 
21:29:28 **** Incremental Build of configuration Debug for project stm32f4xx_driver ****
make -j4 all 
arm-none-eabi-gcc "../Src/012i2c_slave_tx_testingIT.c" -mcpu=cortex-m4 -std=gnu11 -g3 -DDEBUG -DSTM32 -DSTM32F407G_DISC1 -DSTM32F4 -DSTM32F407VGTx -c -I../Inc -I"D:/MCU/MCU1/stm32f4xx_driver/drivers/Inc" -O0 -ffunction-sections -fdata-sections -Wall -fstack-usage -MMD -MP -MF"Src/012i2c_slave_tx_testingIT.d" -MT"Src/012i2c_slave_tx_testingIT.o" --specs=nano.specs -mfloat-abi=soft -mthumb -o "Src/012i2c_slave_tx_testingIT.o"
../Src/012i2c_slave_tx_testingIT.c: In function 'main':
../Src/012i2c_slave_tx_testingIT.c:120:13: warning: unused variable 'len' [-Wunused-variable]
  120 |     uint8_t len;
      |             ^~~
../Src/012i2c_slave_tx_testingIT.c: In function 'I2C_ApplicationEventCallback':
../Src/012i2c_slave_tx_testingIT.c:239:17: warning: unused variable 'len' [-Wunused-variable]
  239 |             int len = strlen((char*)some_data);
      |                 ^~~
../Src/012i2c_slave_tx_testingIT.c:217:20: warning: unused variable 'cnt' [-Wunused-variable]
  217 |     static uint8_t cnt = 0;
      |                    ^~~
At top level:
../Src/012i2c_slave_tx_testingIT.c:217:20: warning: 'cnt' defined but not used [-Wunused-variable]
arm-none-eabi-gcc -o "stm32f4xx_driver.elf" @"objects.list"   -mcpu=cortex-m4 -T"D:\MCU\MCU1\stm32f4xx_driver\STM32F407VGTX_FLASH.ld" --specs=nosys.specs -Wl,-Map="stm32f4xx_driver.map" -Wl,--gc-sections -static --specs=nano.specs -mfloat-abi=soft -mthumb -Wl,--start-group -lc -lm -Wl,--end-group
Finished building target: stm32f4xx_driver.elf
 
arm-none-eabi-size   stm32f4xx_driver.elf 
arm-none-eabi-objdump -h -S  stm32f4xx_driver.elf  > "stm32f4xx_driver.list"
   text	   data	    bss	    dec	    hex	filename
  10580	    140	   1700	  12420	   3084	stm32f4xx_driver.elf
Finished building: default.size.stdout
 
Finished building: stm32f4xx_driver.list
 
21:30:29 **** Incremental Build of configuration Debug for project stm32f4xx_driver ****
make -j4 all 
arm-none-eabi-gcc "../Src/012i2c_slave_tx_testingIT.c" -mcpu=cortex-m4 -std=gnu11 -g3 -DDEBUG -DSTM32 -DSTM32F407G_DISC1 -DSTM32F4 -DSTM32F407VGTx -c -I../Inc -I"D:/MCU/MCU1/stm32f4xx_driver/drivers/Inc" -O0 -ffunction-sections -fdata-sections -Wall -fstack-usage -MMD -MP -MF"Src/012i2c_slave_tx_testingIT.d" -MT"Src/012i2c_slave_tx_testingIT.o" --specs=nano.specs -mfloat-abi=soft -mthumb -o "Src/012i2c_slave_tx_testingIT.o"
../Src/012i2c_slave_tx_testingIT.c: In function 'main':
../Src/012i2c_slave_tx_testingIT.c:119:13: warning: unused variable 'len' [-Wunused-variable]
  119 |     uint8_t len;
      |             ^~~
../Src/012i2c_slave_tx_testingIT.c: In function 'I2C_ApplicationEventCallback':
../Src/012i2c_slave_tx_testingIT.c:247:17: warning: unused variable 'len' [-Wunused-variable]
  247 |             int len = strlen((char*)some_data);
      |                 ^~~
../Src/012i2c_slave_tx_testingIT.c:219:20: warning: unused variable 'cnt' [-Wunused-variable]
  219 |     static uint8_t cnt = 0;
      |                    ^~~
At top level:
../Src/012i2c_slave_tx_testingIT.c:219:20: warning: 'cnt' defined but not used [-Wunused-variable]
arm-none-eabi-gcc -o "stm32f4xx_driver.elf" @"objects.list"   -mcpu=cortex-m4 -T"D:\MCU\MCU1\stm32f4xx_driver\STM32F407VGTX_FLASH.ld" --specs=nosys.specs -Wl,-Map="stm32f4xx_driver.map" -Wl,--gc-sections -static --specs=nano.specs -mfloat-abi=soft -mthumb -Wl,--start-group -lc -lm -Wl,--end-group
Finished building target: stm32f4xx_driver.elf
 
arm-none-eabi-size   stm32f4xx_driver.elf 
arm-none-eabi-objdump -h -S  stm32f4xx_driver.elf  > "stm32f4xx_driver.list"
   text	   data	    bss	    dec	    hex	filename
  10580	    136	   1704	  12420	   3084	stm32f4xx_driver.elf
Finished building: default.size.stdout
 
Finished building: stm32f4xx_driver.list
 
21:31:31 **** Incremental Build of configuration Debug for project stm32f4xx_driver ****
make -j4 all 
arm-none-eabi-gcc "../Src/012i2c_slave_tx_testingIT.c" -mcpu=cortex-m4 -std=gnu11 -g3 -DDEBUG -DSTM32 -DSTM32F407G_DISC1 -DSTM32F4 -DSTM32F407VGTx -c -I../Inc -I"D:/MCU/MCU1/stm32f4xx_driver/drivers/Inc" -O0 -ffunction-sections -fdata-sections -Wall -fstack-usage -MMD -MP -MF"Src/012i2c_slave_tx_testingIT.d" -MT"Src/012i2c_slave_tx_testingIT.o" --specs=nano.specs -mfloat-abi=soft -mthumb -o "Src/012i2c_slave_tx_testingIT.o"
../Src/012i2c_slave_tx_testingIT.c: In function 'main':
../Src/012i2c_slave_tx_testingIT.c:119:13: warning: unused variable 'len' [-Wunused-variable]
  119 |     uint8_t len;
      |             ^~~
../Src/012i2c_slave_tx_testingIT.c: In function 'I2C_ApplicationEventCallback':
../Src/012i2c_slave_tx_testingIT.c:247:17: warning: unused variable 'len' [-Wunused-variable]
  247 |             int len = strlen((char*)some_data);
      |                 ^~~
../Src/012i2c_slave_tx_testingIT.c:219:20: warning: unused variable 'cnt' [-Wunused-variable]
  219 |     static uint8_t cnt = 0;
      |                    ^~~
At top level:
../Src/012i2c_slave_tx_testingIT.c:219:20: warning: 'cnt' defined but not used [-Wunused-variable]
arm-none-eabi-gcc -o "stm32f4xx_driver.elf" @"objects.list"   -mcpu=cortex-m4 -T"D:\MCU\MCU1\stm32f4xx_driver\STM32F407VGTX_FLASH.ld" --specs=nosys.specs -Wl,-Map="stm32f4xx_driver.map" -Wl,--gc-sections -static --specs=nano.specs -mfloat-abi=soft -mthumb -Wl,--start-group -lc -lm -Wl,--end-group
Finished building target: stm32f4xx_driver.elf
 
arm-none-eabi-size   stm32f4xx_driver.elf 
arm-none-eabi-objdump -h -S  stm32f4xx_driver.elf  > "stm32f4xx_driver.list"
   text	   data	    bss	    dec	    hex	filename
  10548	    136	   1704	  12388	   3064	stm32f4xx_driver.elf
Finished building: default.size.stdout
 
Finished building: stm32f4xx_driver.list
 
13:10:30 **** Clean-only build of configuration Debug for project stm32f4xx_driver ****
make -j4 clean 
rm -rf ./drivers/Src/stm32f407xx_gpio_driver.d ./drivers/Src/stm32f407xx_gpio_driver.o ./drivers/Src/stm32f407xx_gpio_driver.su ./drivers/Src/stm32f407xx_i2c_driver.d ./drivers/Src/stm32f407xx_i2c_driver.o ./drivers/Src/stm32f407xx_i2c_driver.su ./drivers/Src/stm32f407xx_spi_driver.d ./drivers/Src/stm32f407xx_spi_driver.o ./drivers/Src/stm32f407xx_spi_driver.su
rm -rf ./Startup/startup_stm32f407vgtx.d ./Startup/startup_stm32f407vgtx.o
rm -rf ./Src/012i2c_slave_tx_testingIT.d ./Src/012i2c_slave_tx_testingIT.o ./Src/012i2c_slave_tx_testingIT.su ./Src/syscalls.d ./Src/syscalls.o ./Src/syscalls.su ./Src/sysmem.d ./Src/sysmem.o ./Src/sysmem.su
rm -rf default.size.stdout stm32f4xx_driver.elf stm32f4xx_driver.list stm32f4xx_driver.map
 
13:10:31 **** Incremental Build of configuration Debug for project stm32f4xx_driver ****
make -j4 all 
arm-none-eabi-gcc "../drivers/Src/stm32f407xx_gpio_driver.c" -mcpu=cortex-m4 -std=gnu11 -g3 -DDEBUG -DSTM32 -DSTM32F407G_DISC1 -DSTM32F4 -DSTM32F407VGTx -c -I../Inc -I"D:/MCU/MCU1/stm32f4xx_driver/drivers/Inc" -O0 -ffunction-sections -fdata-sections -Wall -fstack-usage -MMD -MP -MF"drivers/Src/stm32f407xx_gpio_driver.d" -MT"drivers/Src/stm32f407xx_gpio_driver.o" --specs=nano.specs -mfloat-abi=soft -mthumb -o "drivers/Src/stm32f407xx_gpio_driver.o"
arm-none-eabi-gcc "../drivers/Src/stm32f407xx_i2c_driver.c" -mcpu=cortex-m4 -std=gnu11 -g3 -DDEBUG -DSTM32 -DSTM32F407G_DISC1 -DSTM32F4 -DSTM32F407VGTx -c -I../Inc -I"D:/MCU/MCU1/stm32f4xx_driver/drivers/Inc" -O0 -ffunction-sections -fdata-sections -Wall -fstack-usage -MMD -MP -MF"drivers/Src/stm32f407xx_i2c_driver.d" -MT"drivers/Src/stm32f407xx_i2c_driver.o" --specs=nano.specs -mfloat-abi=soft -mthumb -o "drivers/Src/stm32f407xx_i2c_driver.o"
arm-none-eabi-gcc "../drivers/Src/stm32f407xx_spi_driver.c" -mcpu=cortex-m4 -std=gnu11 -g3 -DDEBUG -DSTM32 -DSTM32F407G_DISC1 -DSTM32F4 -DSTM32F407VGTx -c -I../Inc -I"D:/MCU/MCU1/stm32f4xx_driver/drivers/Inc" -O0 -ffunction-sections -fdata-sections -Wall -fstack-usage -MMD -MP -MF"drivers/Src/stm32f407xx_spi_driver.d" -MT"drivers/Src/stm32f407xx_spi_driver.o" --specs=nano.specs -mfloat-abi=soft -mthumb -o "drivers/Src/stm32f407xx_spi_driver.o"
arm-none-eabi-gcc -mcpu=cortex-m4 -g3 -DDEBUG -c -x assembler-with-cpp -MMD -MP -MF"Startup/startup_stm32f407vgtx.d" -MT"Startup/startup_stm32f407vgtx.o" --specs=nano.specs -mfloat-abi=soft -mthumb -o "Startup/startup_stm32f407vgtx.o" "../Startup/startup_stm32f407vgtx.s"
arm-none-eabi-gcc "../Src/012i2c_slave_tx_testingIT.c" -mcpu=cortex-m4 -std=gnu11 -g3 -DDEBUG -DSTM32 -DSTM32F407G_DISC1 -DSTM32F4 -DSTM32F407VGTx -c -I../Inc -I"D:/MCU/MCU1/stm32f4xx_driver/drivers/Inc" -O0 -ffunction-sections -fdata-sections -Wall -fstack-usage -MMD -MP -MF"Src/012i2c_slave_tx_testingIT.d" -MT"Src/012i2c_slave_tx_testingIT.o" --specs=nano.specs -mfloat-abi=soft -mthumb -o "Src/012i2c_slave_tx_testingIT.o"
arm-none-eabi-gcc "../Src/syscalls.c" -mcpu=cortex-m4 -std=gnu11 -g3 -DDEBUG -DSTM32 -DSTM32F407G_DISC1 -DSTM32F4 -DSTM32F407VGTx -c -I../Inc -I"D:/MCU/MCU1/stm32f4xx_driver/drivers/Inc" -O0 -ffunction-sections -fdata-sections -Wall -fstack-usage -MMD -MP -MF"Src/syscalls.d" -MT"Src/syscalls.o" --specs=nano.specs -mfloat-abi=soft -mthumb -o "Src/syscalls.o"
arm-none-eabi-gcc "../Src/sysmem.c" -mcpu=cortex-m4 -std=gnu11 -g3 -DDEBUG -DSTM32 -DSTM32F407G_DISC1 -DSTM32F4 -DSTM32F407VGTx -c -I../Inc -I"D:/MCU/MCU1/stm32f4xx_driver/drivers/Inc" -O0 -ffunction-sections -fdata-sections -Wall -fstack-usage -MMD -MP -MF"Src/sysmem.d" -MT"Src/sysmem.o" --specs=nano.specs -mfloat-abi=soft -mthumb -o "Src/sysmem.o"
../Src/012i2c_slave_tx_testingIT.c: In function 'main':
../Src/012i2c_slave_tx_testingIT.c:119:13: warning: unused variable 'len' [-Wunused-variable]
  119 |     uint8_t len;
      |             ^~~
../Src/012i2c_slave_tx_testingIT.c: In function 'I2C_ApplicationEventCallback':
../Src/012i2c_slave_tx_testingIT.c:219:20: warning: unused variable 'cnt' [-Wunused-variable]
  219 |     static uint8_t cnt = 0;
      |                    ^~~
At top level:
../Src/012i2c_slave_tx_testingIT.c:219:20: warning: 'cnt' defined but not used [-Wunused-variable]
arm-none-eabi-gcc -o "stm32f4xx_driver.elf" @"objects.list"   -mcpu=cortex-m4 -T"D:\MCU\MCU1\stm32f4xx_driver\STM32F407VGTX_FLASH.ld" --specs=nosys.specs -Wl,-Map="stm32f4xx_driver.map" -Wl,--gc-sections -static --specs=nano.specs -mfloat-abi=soft -mthumb -Wl,--start-group -lc -lm -Wl,--end-group
Finished building target: stm32f4xx_driver.elf
 
arm-none-eabi-size   stm32f4xx_driver.elf 
arm-none-eabi-objdump -h -S  stm32f4xx_driver.elf  > "stm32f4xx_driver.list"
   text	   data	    bss	    dec	    hex	filename
  10532	    136	   1704	  12372	   3054	stm32f4xx_driver.elf
Finished building: default.size.stdout
 
Finished building: stm32f4xx_driver.list
 
13:14:50 **** Incremental Build of configuration Debug for project stm32f4xx_driver ****
make -j4 all 
arm-none-eabi-gcc "../Src/012i2c_slave_tx_testingIT.c" -mcpu=cortex-m4 -std=gnu11 -g3 -DDEBUG -DSTM32 -DSTM32F407G_DISC1 -DSTM32F4 -DSTM32F407VGTx -c -I../Inc -I"D:/MCU/MCU1/stm32f4xx_driver/drivers/Inc" -O0 -ffunction-sections -fdata-sections -Wall -fstack-usage -MMD -MP -MF"Src/012i2c_slave_tx_testingIT.d" -MT"Src/012i2c_slave_tx_testingIT.o" --specs=nano.specs -mfloat-abi=soft -mthumb -o "Src/012i2c_slave_tx_testingIT.o"
../Src/012i2c_slave_tx_testingIT.c: In function 'main':
../Src/012i2c_slave_tx_testingIT.c:119:13: warning: unused variable 'len' [-Wunused-variable]
  119 |     uint8_t len;
      |             ^~~
../Src/012i2c_slave_tx_testingIT.c: In function 'I2C_ApplicationEventCallback':
../Src/012i2c_slave_tx_testingIT.c:231:51: error: 'Cnt' undeclared (first use in this function); did you mean 'cnt'?
  231 |    I2C_SlaveSendData(pI2CHandle->pI2Cx, some_data[Cnt++]);
      |                                                   ^~~
      |                                                   cnt
../Src/012i2c_slave_tx_testingIT.c:231:51: note: each undeclared identifier is reported only once for each function it appears in
../Src/012i2c_slave_tx_testingIT.c:219:20: warning: unused variable 'cnt' [-Wunused-variable]
  219 |     static uint8_t cnt = 0;
      |                    ^~~
At top level:
../Src/012i2c_slave_tx_testingIT.c:219:20: warning: 'cnt' defined but not used [-Wunused-variable]
make: *** [Src/subdir.mk:25: Src/012i2c_slave_tx_testingIT.o] Error 1
"make -j4 all" terminated with exit code 2. Build might be incomplete.
13:19:19 **** Incremental Build of configuration Debug for project stm32f4xx_driver ****
make -j4 all 
arm-none-eabi-gcc "../Src/012i2c_slave_tx_testingIT.c" -mcpu=cortex-m4 -std=gnu11 -g3 -DDEBUG -DSTM32 -DSTM32F407G_DISC1 -DSTM32F4 -DSTM32F407VGTx -c -I../Inc -I"D:/MCU/MCU1/stm32f4xx_driver/drivers/Inc" -O0 -ffunction-sections -fdata-sections -Wall -fstack-usage -MMD -MP -MF"Src/012i2c_slave_tx_testingIT.d" -MT"Src/012i2c_slave_tx_testingIT.o" --specs=nano.specs -mfloat-abi=soft -mthumb -o "Src/012i2c_slave_tx_testingIT.o"
../Src/012i2c_slave_tx_testingIT.c: In function 'main':
../Src/012i2c_slave_tx_testingIT.c:119:13: warning: unused variable 'len' [-Wunused-variable]
  119 |     uint8_t len;
      |             ^~~
arm-none-eabi-gcc -o "stm32f4xx_driver.elf" @"objects.list"   -mcpu=cortex-m4 -T"D:\MCU\MCU1\stm32f4xx_driver\STM32F407VGTX_FLASH.ld" --specs=nosys.specs -Wl,-Map="stm32f4xx_driver.map" -Wl,--gc-sections -static --specs=nano.specs -mfloat-abi=soft -mthumb -Wl,--start-group -lc -lm -Wl,--end-group
Finished building target: stm32f4xx_driver.elf
 
arm-none-eabi-size   stm32f4xx_driver.elf 
arm-none-eabi-objdump -h -S  stm32f4xx_driver.elf  > "stm32f4xx_driver.list"
   text	   data	    bss	    dec	    hex	filename
  10576	    148	   1700	  12424	   3088	stm32f4xx_driver.elf
Finished building: default.size.stdout
 
Finished building: stm32f4xx_driver.list
 
13:20:44 **** Incremental Build of configuration Debug for project stm32f4xx_driver ****
make -j4 all 
arm-none-eabi-gcc "../Src/012i2c_slave_tx_testingIT.c" -mcpu=cortex-m4 -std=gnu11 -g3 -DDEBUG -DSTM32 -DSTM32F407G_DISC1 -DSTM32F4 -DSTM32F407VGTx -c -I../Inc -I"D:/MCU/MCU1/stm32f4xx_driver/drivers/Inc" -O0 -ffunction-sections -fdata-sections -Wall -fstack-usage -MMD -MP -MF"Src/012i2c_slave_tx_testingIT.d" -MT"Src/012i2c_slave_tx_testingIT.o" --specs=nano.specs -mfloat-abi=soft -mthumb -o "Src/012i2c_slave_tx_testingIT.o"
../Src/012i2c_slave_tx_testingIT.c: In function 'main':
../Src/012i2c_slave_tx_testingIT.c:165:9: warning: this 'while' clause does not guard... [-Wmisleading-indentation]
  165 |         while(I2C_MasterSendDataIT(&I2C1Handle, &commandcode, 1, SLAVE_ADDR, 0) != I2C_READY);
      |         ^~~~~
../Src/012i2c_slave_tx_testingIT.c:166:3: note: ...this statement, but the latter is misleadingly indented as if it were guarded by the 'while'
  166 |   while(I2C_MasterReceiveDataIT(&I2C1Handle, &len, 1, SLAVE_ADDR, 0)!= I2C_READY);
      |   ^~~~~
arm-none-eabi-gcc -o "stm32f4xx_driver.elf" @"objects.list"   -mcpu=cortex-m4 -T"D:\MCU\MCU1\stm32f4xx_driver\STM32F407VGTX_FLASH.ld" --specs=nosys.specs -Wl,-Map="stm32f4xx_driver.map" -Wl,--gc-sections -static --specs=nano.specs -mfloat-abi=soft -mthumb -Wl,--start-group -lc -lm -Wl,--end-group
Finished building target: stm32f4xx_driver.elf
 
arm-none-eabi-size   stm32f4xx_driver.elf 
arm-none-eabi-objdump -h -S  stm32f4xx_driver.elf  > "stm32f4xx_driver.list"
   text	   data	    bss	    dec	    hex	filename
  10628	    148	   1700	  12476	   30bc	stm32f4xx_driver.elf
Finished building: default.size.stdout
 
Finished building: stm32f4xx_driver.list
 
13:27:04 **** Clean-only build of configuration Debug for project stm32f4xx_driver ****
make -j4 clean 
rm -rf ./drivers/Src/stm32f407xx_gpio_driver.d ./drivers/Src/stm32f407xx_gpio_driver.o ./drivers/Src/stm32f407xx_gpio_driver.su ./drivers/Src/stm32f407xx_i2c_driver.d ./drivers/Src/stm32f407xx_i2c_driver.o ./drivers/Src/stm32f407xx_i2c_driver.su ./drivers/Src/stm32f407xx_spi_driver.d ./drivers/Src/stm32f407xx_spi_driver.o ./drivers/Src/stm32f407xx_spi_driver.su
rm -rf ./Startup/startup_stm32f407vgtx.d ./Startup/startup_stm32f407vgtx.o
rm -rf ./Src/012i2c_slave_tx_testingIT.d ./Src/012i2c_slave_tx_testingIT.o ./Src/012i2c_slave_tx_testingIT.su ./Src/syscalls.d ./Src/syscalls.o ./Src/syscalls.su ./Src/sysmem.d ./Src/sysmem.o ./Src/sysmem.su
rm -rf default.size.stdout stm32f4xx_driver.elf stm32f4xx_driver.list stm32f4xx_driver.map
 
13:27:05 **** Incremental Build of configuration Debug for project stm32f4xx_driver ****
make -j4 all 
arm-none-eabi-gcc "../drivers/Src/stm32f407xx_gpio_driver.c" -mcpu=cortex-m4 -std=gnu11 -g3 -DDEBUG -DSTM32 -DSTM32F407G_DISC1 -DSTM32F4 -DSTM32F407VGTx -c -I../Inc -I"D:/MCU/MCU1/stm32f4xx_driver/drivers/Inc" -O0 -ffunction-sections -fdata-sections -Wall -fstack-usage -MMD -MP -MF"drivers/Src/stm32f407xx_gpio_driver.d" -MT"drivers/Src/stm32f407xx_gpio_driver.o" --specs=nano.specs -mfloat-abi=soft -mthumb -o "drivers/Src/stm32f407xx_gpio_driver.o"
arm-none-eabi-gcc "../drivers/Src/stm32f407xx_i2c_driver.c" -mcpu=cortex-m4 -std=gnu11 -g3 -DDEBUG -DSTM32 -DSTM32F407G_DISC1 -DSTM32F4 -DSTM32F407VGTx -c -I../Inc -I"D:/MCU/MCU1/stm32f4xx_driver/drivers/Inc" -O0 -ffunction-sections -fdata-sections -Wall -fstack-usage -MMD -MP -MF"drivers/Src/stm32f407xx_i2c_driver.d" -MT"drivers/Src/stm32f407xx_i2c_driver.o" --specs=nano.specs -mfloat-abi=soft -mthumb -o "drivers/Src/stm32f407xx_i2c_driver.o"
arm-none-eabi-gcc "../drivers/Src/stm32f407xx_spi_driver.c" -mcpu=cortex-m4 -std=gnu11 -g3 -DDEBUG -DSTM32 -DSTM32F407G_DISC1 -DSTM32F4 -DSTM32F407VGTx -c -I../Inc -I"D:/MCU/MCU1/stm32f4xx_driver/drivers/Inc" -O0 -ffunction-sections -fdata-sections -Wall -fstack-usage -MMD -MP -MF"drivers/Src/stm32f407xx_spi_driver.d" -MT"drivers/Src/stm32f407xx_spi_driver.o" --specs=nano.specs -mfloat-abi=soft -mthumb -o "drivers/Src/stm32f407xx_spi_driver.o"
arm-none-eabi-gcc -mcpu=cortex-m4 -g3 -DDEBUG -c -x assembler-with-cpp -MMD -MP -MF"Startup/startup_stm32f407vgtx.d" -MT"Startup/startup_stm32f407vgtx.o" --specs=nano.specs -mfloat-abi=soft -mthumb -o "Startup/startup_stm32f407vgtx.o" "../Startup/startup_stm32f407vgtx.s"
arm-none-eabi-gcc "../Src/012i2c_slave_tx_testingIT.c" -mcpu=cortex-m4 -std=gnu11 -g3 -DDEBUG -DSTM32 -DSTM32F407G_DISC1 -DSTM32F4 -DSTM32F407VGTx -c -I../Inc -I"D:/MCU/MCU1/stm32f4xx_driver/drivers/Inc" -O0 -ffunction-sections -fdata-sections -Wall -fstack-usage -MMD -MP -MF"Src/012i2c_slave_tx_testingIT.d" -MT"Src/012i2c_slave_tx_testingIT.o" --specs=nano.specs -mfloat-abi=soft -mthumb -o "Src/012i2c_slave_tx_testingIT.o"
arm-none-eabi-gcc "../Src/syscalls.c" -mcpu=cortex-m4 -std=gnu11 -g3 -DDEBUG -DSTM32 -DSTM32F407G_DISC1 -DSTM32F4 -DSTM32F407VGTx -c -I../Inc -I"D:/MCU/MCU1/stm32f4xx_driver/drivers/Inc" -O0 -ffunction-sections -fdata-sections -Wall -fstack-usage -MMD -MP -MF"Src/syscalls.d" -MT"Src/syscalls.o" --specs=nano.specs -mfloat-abi=soft -mthumb -o "Src/syscalls.o"
arm-none-eabi-gcc "../Src/sysmem.c" -mcpu=cortex-m4 -std=gnu11 -g3 -DDEBUG -DSTM32 -DSTM32F407G_DISC1 -DSTM32F4 -DSTM32F407VGTx -c -I../Inc -I"D:/MCU/MCU1/stm32f4xx_driver/drivers/Inc" -O0 -ffunction-sections -fdata-sections -Wall -fstack-usage -MMD -MP -MF"Src/sysmem.d" -MT"Src/sysmem.o" --specs=nano.specs -mfloat-abi=soft -mthumb -o "Src/sysmem.o"
../Src/012i2c_slave_tx_testingIT.c: In function 'main':
../Src/012i2c_slave_tx_testingIT.c:165:9: warning: this 'while' clause does not guard... [-Wmisleading-indentation]
  165 |         while(I2C_MasterSendDataIT(&I2C1Handle, &commandcode, 1, SLAVE_ADDR, 0) != I2C_READY);
      |         ^~~~~
../Src/012i2c_slave_tx_testingIT.c:166:3: note: ...this statement, but the latter is misleadingly indented as if it were guarded by the 'while'
  166 |   while(I2C_MasterReceiveDataIT(&I2C1Handle, &len, 1, SLAVE_ADDR, 0)!= I2C_READY);
      |   ^~~~~
../Src/012i2c_slave_tx_testingIT.c: In function 'I2C_ApplicationEventCallback':
../Src/012i2c_slave_tx_testingIT.c:219:20: warning: unused variable 'cnt' [-Wunused-variable]
  219 |     static uint8_t cnt = 0;
      |                    ^~~
At top level:
../Src/012i2c_slave_tx_testingIT.c:219:20: warning: 'cnt' defined but not used [-Wunused-variable]
arm-none-eabi-gcc -o "stm32f4xx_driver.elf" @"objects.list"   -mcpu=cortex-m4 -T"D:\MCU\MCU1\stm32f4xx_driver\STM32F407VGTX_FLASH.ld" --specs=nosys.specs -Wl,-Map="stm32f4xx_driver.map" -Wl,--gc-sections -static --specs=nano.specs -mfloat-abi=soft -mthumb -Wl,--start-group -lc -lm -Wl,--end-group
Finished building target: stm32f4xx_driver.elf
 
arm-none-eabi-size   stm32f4xx_driver.elf 
arm-none-eabi-objdump -h -S  stm32f4xx_driver.elf  > "stm32f4xx_driver.list"
   text	   data	    bss	    dec	    hex	filename
  10612	    148	   1700	  12460	   30ac	stm32f4xx_driver.elf
Finished building: default.size.stdout
 
Finished building: stm32f4xx_driver.list
 
13:28:07 **** Incremental Build of configuration Debug for project stm32f4xx_driver ****
make -j4 all 
arm-none-eabi-gcc "../Src/012i2c_slave_tx_testingIT.c" -mcpu=cortex-m4 -std=gnu11 -g3 -DDEBUG -DSTM32 -DSTM32F407G_DISC1 -DSTM32F4 -DSTM32F407VGTx -c -I../Inc -I"D:/MCU/MCU1/stm32f4xx_driver/drivers/Inc" -O0 -ffunction-sections -fdata-sections -Wall -fstack-usage -MMD -MP -MF"Src/012i2c_slave_tx_testingIT.d" -MT"Src/012i2c_slave_tx_testingIT.o" --specs=nano.specs -mfloat-abi=soft -mthumb -o "Src/012i2c_slave_tx_testingIT.o"
../Src/012i2c_slave_tx_testingIT.c: In function 'main':
../Src/012i2c_slave_tx_testingIT.c:165:9: warning: this 'while' clause does not guard... [-Wmisleading-indentation]
  165 |         while(I2C_MasterSendDataIT(&I2C1Handle, &commandcode, 1, SLAVE_ADDR, 0) != I2C_READY);
      |         ^~~~~
../Src/012i2c_slave_tx_testingIT.c:166:3: note: ...this statement, but the latter is misleadingly indented as if it were guarded by the 'while'
  166 |   while(I2C_MasterReceiveDataIT(&I2C1Handle, &len, 1, SLAVE_ADDR, 0)!= I2C_READY);
      |   ^~~~~
arm-none-eabi-gcc -o "stm32f4xx_driver.elf" @"objects.list"   -mcpu=cortex-m4 -T"D:\MCU\MCU1\stm32f4xx_driver\STM32F407VGTX_FLASH.ld" --specs=nosys.specs -Wl,-Map="stm32f4xx_driver.map" -Wl,--gc-sections -static --specs=nano.specs -mfloat-abi=soft -mthumb -Wl,--start-group -lc -lm -Wl,--end-group
Finished building target: stm32f4xx_driver.elf
 
arm-none-eabi-size   stm32f4xx_driver.elf 
arm-none-eabi-objdump -h -S  stm32f4xx_driver.elf  > "stm32f4xx_driver.list"
   text	   data	    bss	    dec	    hex	filename
  10628	    148	   1700	  12476	   30bc	stm32f4xx_driver.elf
Finished building: default.size.stdout
 
Finished building: stm32f4xx_driver.list
 
13:29:46 **** Incremental Build of configuration Debug for project stm32f4xx_driver ****
make -j4 all 
arm-none-eabi-gcc "../Src/012i2c_slave_tx_testingIT.c" -mcpu=cortex-m4 -std=gnu11 -g3 -DDEBUG -DSTM32 -DSTM32F407G_DISC1 -DSTM32F4 -DSTM32F407VGTx -c -I../Inc -I"D:/MCU/MCU1/stm32f4xx_driver/drivers/Inc" -O0 -ffunction-sections -fdata-sections -Wall -fstack-usage -MMD -MP -MF"Src/012i2c_slave_tx_testingIT.d" -MT"Src/012i2c_slave_tx_testingIT.o" --specs=nano.specs -mfloat-abi=soft -mthumb -o "Src/012i2c_slave_tx_testingIT.o"
../Src/012i2c_slave_tx_testingIT.c: In function 'main':
../Src/012i2c_slave_tx_testingIT.c:167:9: warning: this 'while' clause does not guard... [-Wmisleading-indentation]
  167 |         while(I2C_MasterSendDataIT(&I2C1Handle, &commandcode, 1, SLAVE_ADDR, 0) != I2C_READY);
      |         ^~~~~
../Src/012i2c_slave_tx_testingIT.c:168:3: note: ...this statement, but the latter is misleadingly indented as if it were guarded by the 'while'
  168 |   while(I2C_MasterReceiveDataIT(&I2C1Handle, &len, 1, SLAVE_ADDR, 0)!= I2C_READY);
      |   ^~~~~
arm-none-eabi-gcc -o "stm32f4xx_driver.elf" @"objects.list"   -mcpu=cortex-m4 -T"D:\MCU\MCU1\stm32f4xx_driver\STM32F407VGTX_FLASH.ld" --specs=nosys.specs -Wl,-Map="stm32f4xx_driver.map" -Wl,--gc-sections -static --specs=nano.specs -mfloat-abi=soft -mthumb -Wl,--start-group -lc -lm -Wl,--end-group
Finished building target: stm32f4xx_driver.elf
 
arm-none-eabi-size   stm32f4xx_driver.elf 
arm-none-eabi-objdump -h -S  stm32f4xx_driver.elf  > "stm32f4xx_driver.list"
   text	   data	    bss	    dec	    hex	filename
  10628	    144	   1704	  12476	   30bc	stm32f4xx_driver.elf
Finished building: default.size.stdout
 
Finished building: stm32f4xx_driver.list
 
13:33:40 **** Incremental Build of configuration Debug for project stm32f4xx_driver ****
make -j4 all 
arm-none-eabi-gcc "../Src/012i2c_slave_tx_testingIT.c" -mcpu=cortex-m4 -std=gnu11 -g3 -DDEBUG -DSTM32 -DSTM32F407G_DISC1 -DSTM32F4 -DSTM32F407VGTx -c -I../Inc -I"D:/MCU/MCU1/stm32f4xx_driver/drivers/Inc" -O0 -ffunction-sections -fdata-sections -Wall -fstack-usage -MMD -MP -MF"Src/012i2c_slave_tx_testingIT.d" -MT"Src/012i2c_slave_tx_testingIT.o" --specs=nano.specs -mfloat-abi=soft -mthumb -o "Src/012i2c_slave_tx_testingIT.o"
../Src/012i2c_slave_tx_testingIT.c: In function 'main':
../Src/012i2c_slave_tx_testingIT.c:167:9: warning: this 'while' clause does not guard... [-Wmisleading-indentation]
  167 |         while(I2C_MasterSendDataIT(&I2C1Handle, &commandcode, 1, SLAVE_ADDR, 0) != I2C_READY);
      |         ^~~~~
../Src/012i2c_slave_tx_testingIT.c:168:3: note: ...this statement, but the latter is misleadingly indented as if it were guarded by the 'while'
  168 |   while(I2C_MasterReceiveDataIT(&I2C1Handle, &len, 1, SLAVE_ADDR, 0)!= I2C_READY);
      |   ^~~~~
../Src/012i2c_slave_tx_testingIT.c: In function 'I2C_ApplicationEventCallback':
../Src/012i2c_slave_tx_testingIT.c:233:13: warning: implicit declaration of function 'u_printf'; did you mean 'vdprintf'? [-Wimplicit-function-declaration]
  233 |             u_printf("%d\n",cnt);
      |             ^~~~~~~~
      |             vdprintf
arm-none-eabi-gcc -o "stm32f4xx_driver.elf" @"objects.list"   -mcpu=cortex-m4 -T"D:\MCU\MCU1\stm32f4xx_driver\STM32F407VGTX_FLASH.ld" --specs=nosys.specs -Wl,-Map="stm32f4xx_driver.map" -Wl,--gc-sections -static --specs=nano.specs -mfloat-abi=soft -mthumb -Wl,--start-group -lc -lm -Wl,--end-group
d:\st\stm32cubeide_1.10.1\stm32cubeide\plugins\com.st.stm32cube.ide.mcu.externaltools.gnu-tools-for-stm32.10.3-2021.10.win32_1.0.0.202111181127\tools\arm-none-eabi\bin\ld.exe: ./Src/012i2c_slave_tx_testingIT.o: in function `I2C_ApplicationEventCallback':
D:/MCU/MCU1/stm32f4xx_driver/Debug/../Src/012i2c_slave_tx_testingIT.c:233: undefined reference to `u_printf'
collect2.exe: error: ld returned 1 exit status
make: *** [makefile:64: stm32f4xx_driver.elf] Error 1
"make -j4 all" terminated with exit code 2. Build might be incomplete.
13:33:51 **** Incremental Build of configuration Debug for project stm32f4xx_driver ****
make -j4 all 
arm-none-eabi-gcc "../Src/012i2c_slave_tx_testingIT.c" -mcpu=cortex-m4 -std=gnu11 -g3 -DDEBUG -DSTM32 -DSTM32F407G_DISC1 -DSTM32F4 -DSTM32F407VGTx -c -I../Inc -I"D:/MCU/MCU1/stm32f4xx_driver/drivers/Inc" -O0 -ffunction-sections -fdata-sections -Wall -fstack-usage -MMD -MP -MF"Src/012i2c_slave_tx_testingIT.d" -MT"Src/012i2c_slave_tx_testingIT.o" --specs=nano.specs -mfloat-abi=soft -mthumb -o "Src/012i2c_slave_tx_testingIT.o"
../Src/012i2c_slave_tx_testingIT.c: In function 'main':
../Src/012i2c_slave_tx_testingIT.c:167:9: warning: this 'while' clause does not guard... [-Wmisleading-indentation]
  167 |         while(I2C_MasterSendDataIT(&I2C1Handle, &commandcode, 1, SLAVE_ADDR, 0) != I2C_READY);
      |         ^~~~~
../Src/012i2c_slave_tx_testingIT.c:168:3: note: ...this statement, but the latter is misleadingly indented as if it were guarded by the 'while'
  168 |   while(I2C_MasterReceiveDataIT(&I2C1Handle, &len, 1, SLAVE_ADDR, 0)!= I2C_READY);
      |   ^~~~~
arm-none-eabi-gcc -o "stm32f4xx_driver.elf" @"objects.list"   -mcpu=cortex-m4 -T"D:\MCU\MCU1\stm32f4xx_driver\STM32F407VGTX_FLASH.ld" --specs=nosys.specs -Wl,-Map="stm32f4xx_driver.map" -Wl,--gc-sections -static --specs=nano.specs -mfloat-abi=soft -mthumb -Wl,--start-group -lc -lm -Wl,--end-group
Finished building target: stm32f4xx_driver.elf
 
arm-none-eabi-size   stm32f4xx_driver.elf 
arm-none-eabi-objdump -h -S  stm32f4xx_driver.elf  > "stm32f4xx_driver.list"
   text	   data	    bss	    dec	    hex	filename
  10648	    144	   1704	  12496	   30d0	stm32f4xx_driver.elf
Finished building: default.size.stdout
 
Finished building: stm32f4xx_driver.list
 
13:35:19 **** Incremental Build of configuration Debug for project stm32f4xx_driver ****
make -j4 all 
arm-none-eabi-size   stm32f4xx_driver.elf 
   text	   data	    bss	    dec	    hex	filename
  10648	    144	   1704	  12496	   30d0	stm32f4xx_driver.elf
Finished building: default.size.stdout
 
13:35:53 **** Incremental Build of configuration Debug for project stm32f4xx_driver ****
make -j4 all 
arm-none-eabi-gcc "../Src/012i2c_slave_tx_testingIT.c" -mcpu=cortex-m4 -std=gnu11 -g3 -DDEBUG -DSTM32 -DSTM32F407G_DISC1 -DSTM32F4 -DSTM32F407VGTx -c -I../Inc -I"D:/MCU/MCU1/stm32f4xx_driver/drivers/Inc" -O0 -ffunction-sections -fdata-sections -Wall -fstack-usage -MMD -MP -MF"Src/012i2c_slave_tx_testingIT.d" -MT"Src/012i2c_slave_tx_testingIT.o" --specs=nano.specs -mfloat-abi=soft -mthumb -o "Src/012i2c_slave_tx_testingIT.o"
../Src/012i2c_slave_tx_testingIT.c: In function 'main':
../Src/012i2c_slave_tx_testingIT.c:167:9: warning: this 'while' clause does not guard... [-Wmisleading-indentation]
  167 |         while(I2C_MasterSendDataIT(&I2C1Handle, &commandcode, 1, SLAVE_ADDR, 0) != I2C_READY);
      |         ^~~~~
../Src/012i2c_slave_tx_testingIT.c:168:3: note: ...this statement, but the latter is misleadingly indented as if it were guarded by the 'while'
  168 |   while(I2C_MasterReceiveDataIT(&I2C1Handle, &len, 1, SLAVE_ADDR, 0)!= I2C_READY);
      |   ^~~~~
arm-none-eabi-gcc -o "stm32f4xx_driver.elf" @"objects.list"   -mcpu=cortex-m4 -T"D:\MCU\MCU1\stm32f4xx_driver\STM32F407VGTX_FLASH.ld" --specs=nosys.specs -Wl,-Map="stm32f4xx_driver.map" -Wl,--gc-sections -static --specs=nano.specs -mfloat-abi=soft -mthumb -Wl,--start-group -lc -lm -Wl,--end-group
Finished building target: stm32f4xx_driver.elf
 
arm-none-eabi-size   stm32f4xx_driver.elf 
arm-none-eabi-objdump -h -S  stm32f4xx_driver.elf  > "stm32f4xx_driver.list"
   text	   data	    bss	    dec	    hex	filename
  10652	    144	   1704	  12500	   30d4	stm32f4xx_driver.elf
Finished building: default.size.stdout
 
Finished building: stm32f4xx_driver.list
 
13:40:00 **** Incremental Build of configuration Debug for project stm32f4xx_driver ****
make -j4 all 
arm-none-eabi-gcc "../drivers/Src/stm32f407xx_i2c_driver.c" -mcpu=cortex-m4 -std=gnu11 -g3 -DDEBUG -DSTM32 -DSTM32F407G_DISC1 -DSTM32F4 -DSTM32F407VGTx -c -I../Inc -I"D:/MCU/MCU1/stm32f4xx_driver/drivers/Inc" -O0 -ffunction-sections -fdata-sections -Wall -fstack-usage -MMD -MP -MF"drivers/Src/stm32f407xx_i2c_driver.d" -MT"drivers/Src/stm32f407xx_i2c_driver.o" --specs=nano.specs -mfloat-abi=soft -mthumb -o "drivers/Src/stm32f407xx_i2c_driver.o"
arm-none-eabi-gcc "../Src/012i2c_slave_tx_testingIT.c" -mcpu=cortex-m4 -std=gnu11 -g3 -DDEBUG -DSTM32 -DSTM32F407G_DISC1 -DSTM32F4 -DSTM32F407VGTx -c -I../Inc -I"D:/MCU/MCU1/stm32f4xx_driver/drivers/Inc" -O0 -ffunction-sections -fdata-sections -Wall -fstack-usage -MMD -MP -MF"Src/012i2c_slave_tx_testingIT.d" -MT"Src/012i2c_slave_tx_testingIT.o" --specs=nano.specs -mfloat-abi=soft -mthumb -o "Src/012i2c_slave_tx_testingIT.o"
../Src/012i2c_slave_tx_testingIT.c: In function 'main':
../Src/012i2c_slave_tx_testingIT.c:167:9: warning: this 'while' clause does not guard... [-Wmisleading-indentation]
  167 |         while(I2C_MasterSendDataIT(&I2C1Handle, &commandcode, 1, SLAVE_ADDR, 0) != I2C_READY);
      |         ^~~~~
../Src/012i2c_slave_tx_testingIT.c:168:3: note: ...this statement, but the latter is misleadingly indented as if it were guarded by the 'while'
  168 |   while(I2C_MasterReceiveDataIT(&I2C1Handle, &len, 1, SLAVE_ADDR, 0)!= I2C_READY);
      |   ^~~~~
arm-none-eabi-gcc -o "stm32f4xx_driver.elf" @"objects.list"   -mcpu=cortex-m4 -T"D:\MCU\MCU1\stm32f4xx_driver\STM32F407VGTX_FLASH.ld" --specs=nosys.specs -Wl,-Map="stm32f4xx_driver.map" -Wl,--gc-sections -static --specs=nano.specs -mfloat-abi=soft -mthumb -Wl,--start-group -lc -lm -Wl,--end-group
Finished building target: stm32f4xx_driver.elf
 
arm-none-eabi-size   stm32f4xx_driver.elf 
arm-none-eabi-objdump -h -S  stm32f4xx_driver.elf  > "stm32f4xx_driver.list"
   text	   data	    bss	    dec	    hex	filename
  10652	    144	   1704	  12500	   30d4	stm32f4xx_driver.elf
Finished building: default.size.stdout
 
Finished building: stm32f4xx_driver.list
 
13:49:14 **** Incremental Build of configuration Debug for project stm32f4xx_driver ****
make -j4 all 
arm-none-eabi-gcc "../drivers/Src/stm32f407xx_i2c_driver.c" -mcpu=cortex-m4 -std=gnu11 -g3 -DDEBUG -DSTM32 -DSTM32F407G_DISC1 -DSTM32F4 -DSTM32F407VGTx -c -I../Inc -I"D:/MCU/MCU1/stm32f4xx_driver/drivers/Inc" -O0 -ffunction-sections -fdata-sections -Wall -fstack-usage -MMD -MP -MF"drivers/Src/stm32f407xx_i2c_driver.d" -MT"drivers/Src/stm32f407xx_i2c_driver.o" --specs=nano.specs -mfloat-abi=soft -mthumb -o "drivers/Src/stm32f407xx_i2c_driver.o"
arm-none-eabi-gcc "../Src/012i2c_slave_tx_testingIT.c" -mcpu=cortex-m4 -std=gnu11 -g3 -DDEBUG -DSTM32 -DSTM32F407G_DISC1 -DSTM32F4 -DSTM32F407VGTx -c -I../Inc -I"D:/MCU/MCU1/stm32f4xx_driver/drivers/Inc" -O0 -ffunction-sections -fdata-sections -Wall -fstack-usage -MMD -MP -MF"Src/012i2c_slave_tx_testingIT.d" -MT"Src/012i2c_slave_tx_testingIT.o" --specs=nano.specs -mfloat-abi=soft -mthumb -o "Src/012i2c_slave_tx_testingIT.o"
../Src/012i2c_slave_tx_testingIT.c: In function 'main':
../Src/012i2c_slave_tx_testingIT.c:167:9: warning: this 'while' clause does not guard... [-Wmisleading-indentation]
  167 |         while(I2C_MasterSendDataIT(&I2C1Handle, &commandcode, 1, SLAVE_ADDR, 0) != I2C_READY);
      |         ^~~~~
../Src/012i2c_slave_tx_testingIT.c:168:3: note: ...this statement, but the latter is misleadingly indented as if it were guarded by the 'while'
  168 |   while(I2C_MasterReceiveDataIT(&I2C1Handle, &len, 1, SLAVE_ADDR, 0)!= I2C_READY);
      |   ^~~~~
arm-none-eabi-gcc -o "stm32f4xx_driver.elf" @"objects.list"   -mcpu=cortex-m4 -T"D:\MCU\MCU1\stm32f4xx_driver\STM32F407VGTX_FLASH.ld" --specs=nosys.specs -Wl,-Map="stm32f4xx_driver.map" -Wl,--gc-sections -static --specs=nano.specs -mfloat-abi=soft -mthumb -Wl,--start-group -lc -lm -Wl,--end-group
Finished building target: stm32f4xx_driver.elf
 
arm-none-eabi-size   stm32f4xx_driver.elf 
arm-none-eabi-objdump -h -S  stm32f4xx_driver.elf  > "stm32f4xx_driver.list"
   text	   data	    bss	    dec	    hex	filename
  10720	    144	   1704	  12568	   3118	stm32f4xx_driver.elf
Finished building: default.size.stdout
 
Finished building: stm32f4xx_driver.list
 
13:50:44 **** Incremental Build of configuration Debug for project stm32f4xx_driver ****
make -j4 all 
arm-none-eabi-gcc "../drivers/Src/stm32f407xx_i2c_driver.c" -mcpu=cortex-m4 -std=gnu11 -g3 -DDEBUG -DSTM32 -DSTM32F407G_DISC1 -DSTM32F4 -DSTM32F407VGTx -c -I../Inc -I"D:/MCU/MCU1/stm32f4xx_driver/drivers/Inc" -O0 -ffunction-sections -fdata-sections -Wall -fstack-usage -MMD -MP -MF"drivers/Src/stm32f407xx_i2c_driver.d" -MT"drivers/Src/stm32f407xx_i2c_driver.o" --specs=nano.specs -mfloat-abi=soft -mthumb -o "drivers/Src/stm32f407xx_i2c_driver.o"
arm-none-eabi-gcc -o "stm32f4xx_driver.elf" @"objects.list"   -mcpu=cortex-m4 -T"D:\MCU\MCU1\stm32f4xx_driver\STM32F407VGTX_FLASH.ld" --specs=nosys.specs -Wl,-Map="stm32f4xx_driver.map" -Wl,--gc-sections -static --specs=nano.specs -mfloat-abi=soft -mthumb -Wl,--start-group -lc -lm -Wl,--end-group
Finished building target: stm32f4xx_driver.elf
 
arm-none-eabi-size   stm32f4xx_driver.elf 
arm-none-eabi-objdump -h -S  stm32f4xx_driver.elf  > "stm32f4xx_driver.list"
   text	   data	    bss	    dec	    hex	filename
  10652	    144	   1704	  12500	   30d4	stm32f4xx_driver.elf
Finished building: default.size.stdout
 
Finished building: stm32f4xx_driver.list
 
13:55:39 **** Incremental Build of configuration Debug for project stm32f4xx_driver ****
make -j4 all 
arm-none-eabi-gcc "../Src/012i2c_slave_tx_testingIT.c" -mcpu=cortex-m4 -std=gnu11 -g3 -DDEBUG -DSTM32 -DSTM32F407G_DISC1 -DSTM32F4 -DSTM32F407VGTx -c -I../Inc -I"D:/MCU/MCU1/stm32f4xx_driver/drivers/Inc" -O0 -ffunction-sections -fdata-sections -Wall -fstack-usage -MMD -MP -MF"Src/012i2c_slave_tx_testingIT.d" -MT"Src/012i2c_slave_tx_testingIT.o" --specs=nano.specs -mfloat-abi=soft -mthumb -o "Src/012i2c_slave_tx_testingIT.o"
../Src/012i2c_slave_tx_testingIT.c: In function 'main':
../Src/012i2c_slave_tx_testingIT.c:167:9: warning: this 'while' clause does not guard... [-Wmisleading-indentation]
  167 |         while(I2C_MasterSendDataIT(&I2C1Handle, &commandcode, 1, SLAVE_ADDR, 0) != I2C_READY);
      |         ^~~~~
../Src/012i2c_slave_tx_testingIT.c:168:3: note: ...this statement, but the latter is misleadingly indented as if it were guarded by the 'while'
  168 |   while(I2C_MasterReceiveDataIT(&I2C1Handle, &len, 1, SLAVE_ADDR, 0)!= I2C_READY);
      |   ^~~~~
arm-none-eabi-gcc -o "stm32f4xx_driver.elf" @"objects.list"   -mcpu=cortex-m4 -T"D:\MCU\MCU1\stm32f4xx_driver\STM32F407VGTX_FLASH.ld" --specs=nosys.specs -Wl,-Map="stm32f4xx_driver.map" -Wl,--gc-sections -static --specs=nano.specs -mfloat-abi=soft -mthumb -Wl,--start-group -lc -lm -Wl,--end-group
Finished building target: stm32f4xx_driver.elf
 
arm-none-eabi-size   stm32f4xx_driver.elf 
arm-none-eabi-objdump -h -S  stm32f4xx_driver.elf  > "stm32f4xx_driver.list"
   text	   data	    bss	    dec	    hex	filename
  10672	    144	   1704	  12520	   30e8	stm32f4xx_driver.elf
Finished building: default.size.stdout
 
Finished building: stm32f4xx_driver.list
 
14:01:19 **** Incremental Build of configuration Debug for project stm32f4xx_driver ****
make -j4 all 
arm-none-eabi-gcc "../drivers/Src/stm32f407xx_i2c_driver.c" -mcpu=cortex-m4 -std=gnu11 -g3 -DDEBUG -DSTM32 -DSTM32F407G_DISC1 -DSTM32F4 -DSTM32F407VGTx -c -I../Inc -I"D:/MCU/MCU1/stm32f4xx_driver/drivers/Inc" -O0 -ffunction-sections -fdata-sections -Wall -fstack-usage -MMD -MP -MF"drivers/Src/stm32f407xx_i2c_driver.d" -MT"drivers/Src/stm32f407xx_i2c_driver.o" --specs=nano.specs -mfloat-abi=soft -mthumb -o "drivers/Src/stm32f407xx_i2c_driver.o"
arm-none-eabi-gcc -o "stm32f4xx_driver.elf" @"objects.list"   -mcpu=cortex-m4 -T"D:\MCU\MCU1\stm32f4xx_driver\STM32F407VGTX_FLASH.ld" --specs=nosys.specs -Wl,-Map="stm32f4xx_driver.map" -Wl,--gc-sections -static --specs=nano.specs -mfloat-abi=soft -mthumb -Wl,--start-group -lc -lm -Wl,--end-group
Finished building target: stm32f4xx_driver.elf
 
arm-none-eabi-size   stm32f4xx_driver.elf 
arm-none-eabi-objdump -h -S  stm32f4xx_driver.elf  > "stm32f4xx_driver.list"
   text	   data	    bss	    dec	    hex	filename
  10692	    144	   1704	  12540	   30fc	stm32f4xx_driver.elf
Finished building: default.size.stdout
 
Finished building: stm32f4xx_driver.list
 
14:04:34 **** Incremental Build of configuration Debug for project stm32f4xx_driver ****
make -j4 all 
arm-none-eabi-gcc "../drivers/Src/stm32f407xx_i2c_driver.c" -mcpu=cortex-m4 -std=gnu11 -g3 -DDEBUG -DSTM32 -DSTM32F407G_DISC1 -DSTM32F4 -DSTM32F407VGTx -c -I../Inc -I"D:/MCU/MCU1/stm32f4xx_driver/drivers/Inc" -O0 -ffunction-sections -fdata-sections -Wall -fstack-usage -MMD -MP -MF"drivers/Src/stm32f407xx_i2c_driver.d" -MT"drivers/Src/stm32f407xx_i2c_driver.o" --specs=nano.specs -mfloat-abi=soft -mthumb -o "drivers/Src/stm32f407xx_i2c_driver.o"
arm-none-eabi-gcc "../Src/012i2c_slave_tx_testingIT.c" -mcpu=cortex-m4 -std=gnu11 -g3 -DDEBUG -DSTM32 -DSTM32F407G_DISC1 -DSTM32F4 -DSTM32F407VGTx -c -I../Inc -I"D:/MCU/MCU1/stm32f4xx_driver/drivers/Inc" -O0 -ffunction-sections -fdata-sections -Wall -fstack-usage -MMD -MP -MF"Src/012i2c_slave_tx_testingIT.d" -MT"Src/012i2c_slave_tx_testingIT.o" --specs=nano.specs -mfloat-abi=soft -mthumb -o "Src/012i2c_slave_tx_testingIT.o"
../Src/012i2c_slave_tx_testingIT.c: In function 'main':
../Src/012i2c_slave_tx_testingIT.c:167:9: warning: this 'while' clause does not guard... [-Wmisleading-indentation]
  167 |         while(I2C_MasterSendDataIT(&I2C1Handle, &commandcode, 1, SLAVE_ADDR, 0) != I2C_READY);
      |         ^~~~~
../Src/012i2c_slave_tx_testingIT.c:168:3: note: ...this statement, but the latter is misleadingly indented as if it were guarded by the 'while'
  168 |   while(I2C_MasterReceiveDataIT(&I2C1Handle, &len, 1, SLAVE_ADDR, 0)!= I2C_READY);
      |   ^~~~~
arm-none-eabi-gcc -o "stm32f4xx_driver.elf" @"objects.list"   -mcpu=cortex-m4 -T"D:\MCU\MCU1\stm32f4xx_driver\STM32F407VGTX_FLASH.ld" --specs=nosys.specs -Wl,-Map="stm32f4xx_driver.map" -Wl,--gc-sections -static --specs=nano.specs -mfloat-abi=soft -mthumb -Wl,--start-group -lc -lm -Wl,--end-group
Finished building target: stm32f4xx_driver.elf
 
arm-none-eabi-size   stm32f4xx_driver.elf 
arm-none-eabi-objdump -h -S  stm32f4xx_driver.elf  > "stm32f4xx_driver.list"
   text	   data	    bss	    dec	    hex	filename
   8812	    144	   1704	  10660	   29a4	stm32f4xx_driver.elf
Finished building: default.size.stdout
 
Finished building: stm32f4xx_driver.list
 
14:05:02 **** Incremental Build of configuration Debug for project stm32f4xx_driver ****
make -j4 all 
arm-none-eabi-gcc "../drivers/Src/stm32f407xx_i2c_driver.c" -mcpu=cortex-m4 -std=gnu11 -g3 -DDEBUG -DSTM32 -DSTM32F407G_DISC1 -DSTM32F4 -DSTM32F407VGTx -c -I../Inc -I"D:/MCU/MCU1/stm32f4xx_driver/drivers/Inc" -O0 -ffunction-sections -fdata-sections -Wall -fstack-usage -MMD -MP -MF"drivers/Src/stm32f407xx_i2c_driver.d" -MT"drivers/Src/stm32f407xx_i2c_driver.o" --specs=nano.specs -mfloat-abi=soft -mthumb -o "drivers/Src/stm32f407xx_i2c_driver.o"
arm-none-eabi-gcc -o "stm32f4xx_driver.elf" @"objects.list"   -mcpu=cortex-m4 -T"D:\MCU\MCU1\stm32f4xx_driver\STM32F407VGTX_FLASH.ld" --specs=nosys.specs -Wl,-Map="stm32f4xx_driver.map" -Wl,--gc-sections -static --specs=nano.specs -mfloat-abi=soft -mthumb -Wl,--start-group -lc -lm -Wl,--end-group
Finished building target: stm32f4xx_driver.elf
 
arm-none-eabi-size   stm32f4xx_driver.elf 
arm-none-eabi-objdump -h -S  stm32f4xx_driver.elf  > "stm32f4xx_driver.list"
   text	   data	    bss	    dec	    hex	filename
   8792	    144	   1704	  10640	   2990	stm32f4xx_driver.elf
Finished building: default.size.stdout
 
Finished building: stm32f4xx_driver.list
 
14:07:03 **** Incremental Build of configuration Debug for project stm32f4xx_driver ****
make -j4 all 
arm-none-eabi-gcc "../Src/012i2c_slave_tx_testingIT.c" -mcpu=cortex-m4 -std=gnu11 -g3 -DDEBUG -DSTM32 -DSTM32F407G_DISC1 -DSTM32F4 -DSTM32F407VGTx -c -I../Inc -I"D:/MCU/MCU1/stm32f4xx_driver/drivers/Inc" -O0 -ffunction-sections -fdata-sections -Wall -fstack-usage -MMD -MP -MF"Src/012i2c_slave_tx_testingIT.d" -MT"Src/012i2c_slave_tx_testingIT.o" --specs=nano.specs -mfloat-abi=soft -mthumb -o "Src/012i2c_slave_tx_testingIT.o"
../Src/012i2c_slave_tx_testingIT.c: In function 'main':
../Src/012i2c_slave_tx_testingIT.c:167:9: warning: this 'while' clause does not guard... [-Wmisleading-indentation]
  167 |         while(I2C_MasterSendDataIT(&I2C1Handle, &commandcode, 1, SLAVE_ADDR, 0) != I2C_READY);
      |         ^~~~~
../Src/012i2c_slave_tx_testingIT.c:168:3: note: ...this statement, but the latter is misleadingly indented as if it were guarded by the 'while'
  168 |   while(I2C_MasterReceiveDataIT(&I2C1Handle, &len, 1, SLAVE_ADDR, 0)!= I2C_READY);
      |   ^~~~~
arm-none-eabi-gcc -o "stm32f4xx_driver.elf" @"objects.list"   -mcpu=cortex-m4 -T"D:\MCU\MCU1\stm32f4xx_driver\STM32F407VGTX_FLASH.ld" --specs=nosys.specs -Wl,-Map="stm32f4xx_driver.map" -Wl,--gc-sections -static --specs=nano.specs -mfloat-abi=soft -mthumb -Wl,--start-group -lc -lm -Wl,--end-group
Finished building target: stm32f4xx_driver.elf
 
arm-none-eabi-size   stm32f4xx_driver.elf 
arm-none-eabi-objdump -h -S  stm32f4xx_driver.elf  > "stm32f4xx_driver.list"
   text	   data	    bss	    dec	    hex	filename
  10608	    144	   1704	  12456	   30a8	stm32f4xx_driver.elf
Finished building: default.size.stdout
 
Finished building: stm32f4xx_driver.list
 
14:18:13 **** Incremental Build of configuration Debug for project stm32f4xx_driver ****
make -j4 all 
arm-none-eabi-gcc "../Src/012i2c_slave_tx_testingIT.c" -mcpu=cortex-m4 -std=gnu11 -g3 -DDEBUG -DSTM32 -DSTM32F407G_DISC1 -DSTM32F4 -DSTM32F407VGTx -c -I../Inc -I"D:/MCU/MCU1/stm32f4xx_driver/drivers/Inc" -O0 -ffunction-sections -fdata-sections -Wall -fstack-usage -MMD -MP -MF"Src/012i2c_slave_tx_testingIT.d" -MT"Src/012i2c_slave_tx_testingIT.o" --specs=nano.specs -mfloat-abi=soft -mthumb -o "Src/012i2c_slave_tx_testingIT.o"
../Src/012i2c_slave_tx_testingIT.c: In function 'main':
../Src/012i2c_slave_tx_testingIT.c:167:9: warning: this 'while' clause does not guard... [-Wmisleading-indentation]
  167 |         while(I2C_MasterSendDataIT(&I2C1Handle, &commandcode, 1, SLAVE_ADDR, I2C_ENABLE_SR) != I2C_READY);
      |         ^~~~~
../Src/012i2c_slave_tx_testingIT.c:168:3: note: ...this statement, but the latter is misleadingly indented as if it were guarded by the 'while'
  168 |   while(I2C_MasterReceiveDataIT(&I2C1Handle, &len, 1, SLAVE_ADDR, I2C_ENABLE_SR)!= I2C_READY);
      |   ^~~~~
arm-none-eabi-gcc -o "stm32f4xx_driver.elf" @"objects.list"   -mcpu=cortex-m4 -T"D:\MCU\MCU1\stm32f4xx_driver\STM32F407VGTX_FLASH.ld" --specs=nosys.specs -Wl,-Map="stm32f4xx_driver.map" -Wl,--gc-sections -static --specs=nano.specs -mfloat-abi=soft -mthumb -Wl,--start-group -lc -lm -Wl,--end-group
Finished building target: stm32f4xx_driver.elf
 
arm-none-eabi-size   stm32f4xx_driver.elf 
arm-none-eabi-objdump -h -S  stm32f4xx_driver.elf  > "stm32f4xx_driver.list"
   text	   data	    bss	    dec	    hex	filename
  10636	    144	   1704	  12484	   30c4	stm32f4xx_driver.elf
Finished building: default.size.stdout
 
Finished building: stm32f4xx_driver.list
 
14:28:27 **** Incremental Build of configuration Debug for project stm32f4xx_driver ****
make -j4 all 
arm-none-eabi-gcc "../Src/012i2c_slave_tx_testingIT.c" -mcpu=cortex-m4 -std=gnu11 -g3 -DDEBUG -DSTM32 -DSTM32F407G_DISC1 -DSTM32F4 -DSTM32F407VGTx -c -I../Inc -I"D:/MCU/MCU1/stm32f4xx_driver/drivers/Inc" -O0 -ffunction-sections -fdata-sections -Wall -fstack-usage -MMD -MP -MF"Src/012i2c_slave_tx_testingIT.d" -MT"Src/012i2c_slave_tx_testingIT.o" --specs=nano.specs -mfloat-abi=soft -mthumb -o "Src/012i2c_slave_tx_testingIT.o"
../Src/012i2c_slave_tx_testingIT.c: In function 'main':
../Src/012i2c_slave_tx_testingIT.c:169:9: warning: this 'while' clause does not guard... [-Wmisleading-indentation]
  169 |         while(I2C_MasterSendDataIT(&I2C1Handle, &commandcode, 1, SLAVE_ADDR, I2C_DISABLE_SR) != I2C_READY);
      |         ^~~~~
../Src/012i2c_slave_tx_testingIT.c:170:3: note: ...this statement, but the latter is misleadingly indented as if it were guarded by the 'while'
  170 |   while(I2C_MasterReceiveDataIT(&I2C1Handle, &len, 1, SLAVE_ADDR, I2C_DISABLE_SR)!= I2C_READY);
      |   ^~~~~
arm-none-eabi-gcc -o "stm32f4xx_driver.elf" @"objects.list"   -mcpu=cortex-m4 -T"D:\MCU\MCU1\stm32f4xx_driver\STM32F407VGTX_FLASH.ld" --specs=nosys.specs -Wl,-Map="stm32f4xx_driver.map" -Wl,--gc-sections -static --specs=nano.specs -mfloat-abi=soft -mthumb -Wl,--start-group -lc -lm -Wl,--end-group
Finished building target: stm32f4xx_driver.elf
 
arm-none-eabi-size   stm32f4xx_driver.elf 
arm-none-eabi-objdump -h -S  stm32f4xx_driver.elf  > "stm32f4xx_driver.list"
   text	   data	    bss	    dec	    hex	filename
  10344	    144	   1704	  12192	   2fa0	stm32f4xx_driver.elf
Finished building: default.size.stdout
 
Finished building: stm32f4xx_driver.list
 
14:44:48 **** Incremental Build of configuration Debug for project stm32f4xx_driver ****
make -j4 all 
arm-none-eabi-gcc "../drivers/Src/stm32f407xx_i2c_driver.c" -mcpu=cortex-m4 -std=gnu11 -g3 -DDEBUG -DSTM32 -DSTM32F407G_DISC1 -DSTM32F4 -DSTM32F407VGTx -c -I../Inc -I"D:/MCU/MCU1/stm32f4xx_driver/drivers/Inc" -O0 -ffunction-sections -fdata-sections -Wall -fstack-usage -MMD -MP -MF"drivers/Src/stm32f407xx_i2c_driver.d" -MT"drivers/Src/stm32f407xx_i2c_driver.o" --specs=nano.specs -mfloat-abi=soft -mthumb -o "drivers/Src/stm32f407xx_i2c_driver.o"
arm-none-eabi-gcc "../Src/012i2c_slave_tx_testingIT.c" -mcpu=cortex-m4 -std=gnu11 -g3 -DDEBUG -DSTM32 -DSTM32F407G_DISC1 -DSTM32F4 -DSTM32F407VGTx -c -I../Inc -I"D:/MCU/MCU1/stm32f4xx_driver/drivers/Inc" -O0 -ffunction-sections -fdata-sections -Wall -fstack-usage -MMD -MP -MF"Src/012i2c_slave_tx_testingIT.d" -MT"Src/012i2c_slave_tx_testingIT.o" --specs=nano.specs -mfloat-abi=soft -mthumb -o "Src/012i2c_slave_tx_testingIT.o"
../Src/012i2c_slave_tx_testingIT.c: In function 'main':
../Src/012i2c_slave_tx_testingIT.c:169:9: warning: this 'while' clause does not guard... [-Wmisleading-indentation]
  169 |         while(I2C_MasterSendDataIT(&I2C1Handle, &commandcode, 1, SLAVE_ADDR, I2C_DISABLE_SR) != I2C_READY);
      |         ^~~~~
../Src/012i2c_slave_tx_testingIT.c:170:3: note: ...this statement, but the latter is misleadingly indented as if it were guarded by the 'while'
  170 |   while(I2C_MasterReceiveDataIT(&I2C1Handle, &len, 1, SLAVE_ADDR, I2C_DISABLE_SR)!= I2C_READY);
      |   ^~~~~
../Src/012i2c_slave_tx_testingIT.c: In function 'I2C_ApplicationEventCallback':
../Src/012i2c_slave_tx_testingIT.c:246:27: warning: format '%d' expects argument of type 'int', but argument 3 has type 'uint32_t' {aka 'volatile long unsigned int'} [-Wformat=]
  246 |         printf("a s r %d %d %d\n",commandCode, I2C1->DR, I2C2->DR);
      |                          ~^
      |                           |
      |                           int
      |                          %ld
../Src/012i2c_slave_tx_testingIT.c:246:30: warning: format '%d' expects argument of type 'int', but argument 4 has type 'uint32_t' {aka 'volatile long unsigned int'} [-Wformat=]
  246 |         printf("a s r %d %d %d\n",commandCode, I2C1->DR, I2C2->DR);
      |                             ~^
      |                              |
      |                              int
      |                             %ld
arm-none-eabi-gcc -o "stm32f4xx_driver.elf" @"objects.list"   -mcpu=cortex-m4 -T"D:\MCU\MCU1\stm32f4xx_driver\STM32F407VGTX_FLASH.ld" --specs=nosys.specs -Wl,-Map="stm32f4xx_driver.map" -Wl,--gc-sections -static --specs=nano.specs -mfloat-abi=soft -mthumb -Wl,--start-group -lc -lm -Wl,--end-group
Finished building target: stm32f4xx_driver.elf
 
arm-none-eabi-size   stm32f4xx_driver.elf 
arm-none-eabi-objdump -h -S  stm32f4xx_driver.elf  > "stm32f4xx_driver.list"
   text	   data	    bss	    dec	    hex	filename
  10392	    144	   1704	  12240	   2fd0	stm32f4xx_driver.elf
Finished building: default.size.stdout
 
Finished building: stm32f4xx_driver.list
 
14:45:34 **** Incremental Build of configuration Debug for project stm32f4xx_driver ****
make -j4 all 
arm-none-eabi-gcc "../Src/012i2c_slave_tx_testingIT.c" -mcpu=cortex-m4 -std=gnu11 -g3 -DDEBUG -DSTM32 -DSTM32F407G_DISC1 -DSTM32F4 -DSTM32F407VGTx -c -I../Inc -I"D:/MCU/MCU1/stm32f4xx_driver/drivers/Inc" -O0 -ffunction-sections -fdata-sections -Wall -fstack-usage -MMD -MP -MF"Src/012i2c_slave_tx_testingIT.d" -MT"Src/012i2c_slave_tx_testingIT.o" --specs=nano.specs -mfloat-abi=soft -mthumb -o "Src/012i2c_slave_tx_testingIT.o"
../Src/012i2c_slave_tx_testingIT.c: In function 'main':
../Src/012i2c_slave_tx_testingIT.c:169:9: warning: this 'while' clause does not guard... [-Wmisleading-indentation]
  169 |         while(I2C_MasterSendDataIT(&I2C1Handle, &commandcode, 1, SLAVE_ADDR, I2C_DISABLE_SR) != I2C_READY);
      |         ^~~~~
../Src/012i2c_slave_tx_testingIT.c:170:3: note: ...this statement, but the latter is misleadingly indented as if it were guarded by the 'while'
  170 |   while(I2C_MasterReceiveDataIT(&I2C1Handle, &len, 1, SLAVE_ADDR, I2C_DISABLE_SR)!= I2C_READY);
      |   ^~~~~
arm-none-eabi-gcc -o "stm32f4xx_driver.elf" @"objects.list"   -mcpu=cortex-m4 -T"D:\MCU\MCU1\stm32f4xx_driver\STM32F407VGTX_FLASH.ld" --specs=nosys.specs -Wl,-Map="stm32f4xx_driver.map" -Wl,--gc-sections -static --specs=nano.specs -mfloat-abi=soft -mthumb -Wl,--start-group -lc -lm -Wl,--end-group
Finished building target: stm32f4xx_driver.elf
 
arm-none-eabi-size   stm32f4xx_driver.elf 
arm-none-eabi-objdump -h -S  stm32f4xx_driver.elf  > "stm32f4xx_driver.list"
   text	   data	    bss	    dec	    hex	filename
  10344	    144	   1704	  12192	   2fa0	stm32f4xx_driver.elf
Finished building: default.size.stdout
 
Finished building: stm32f4xx_driver.list
 
14:46:59 **** Incremental Build of configuration Debug for project stm32f4xx_driver ****
make -j4 all 
arm-none-eabi-gcc "../drivers/Src/stm32f407xx_i2c_driver.c" -mcpu=cortex-m4 -std=gnu11 -g3 -DDEBUG -DSTM32 -DSTM32F407G_DISC1 -DSTM32F4 -DSTM32F407VGTx -c -I../Inc -I"D:/MCU/MCU1/stm32f4xx_driver/drivers/Inc" -O0 -ffunction-sections -fdata-sections -Wall -fstack-usage -MMD -MP -MF"drivers/Src/stm32f407xx_i2c_driver.d" -MT"drivers/Src/stm32f407xx_i2c_driver.o" --specs=nano.specs -mfloat-abi=soft -mthumb -o "drivers/Src/stm32f407xx_i2c_driver.o"
arm-none-eabi-gcc "../Src/012i2c_slave_tx_testingIT.c" -mcpu=cortex-m4 -std=gnu11 -g3 -DDEBUG -DSTM32 -DSTM32F407G_DISC1 -DSTM32F4 -DSTM32F407VGTx -c -I../Inc -I"D:/MCU/MCU1/stm32f4xx_driver/drivers/Inc" -O0 -ffunction-sections -fdata-sections -Wall -fstack-usage -MMD -MP -MF"Src/012i2c_slave_tx_testingIT.d" -MT"Src/012i2c_slave_tx_testingIT.o" --specs=nano.specs -mfloat-abi=soft -mthumb -o "Src/012i2c_slave_tx_testingIT.o"
../Src/012i2c_slave_tx_testingIT.c: In function 'main':
../Src/012i2c_slave_tx_testingIT.c:169:9: warning: this 'while' clause does not guard... [-Wmisleading-indentation]
  169 |         while(I2C_MasterSendDataIT(&I2C1Handle, &commandcode, 1, SLAVE_ADDR, I2C_DISABLE_SR) != I2C_READY);
      |         ^~~~~
../Src/012i2c_slave_tx_testingIT.c:170:3: note: ...this statement, but the latter is misleadingly indented as if it were guarded by the 'while'
  170 |   while(I2C_MasterReceiveDataIT(&I2C1Handle, &len, 1, SLAVE_ADDR, I2C_DISABLE_SR)!= I2C_READY);
      |   ^~~~~
arm-none-eabi-gcc -o "stm32f4xx_driver.elf" @"objects.list"   -mcpu=cortex-m4 -T"D:\MCU\MCU1\stm32f4xx_driver\STM32F407VGTX_FLASH.ld" --specs=nosys.specs -Wl,-Map="stm32f4xx_driver.map" -Wl,--gc-sections -static --specs=nano.specs -mfloat-abi=soft -mthumb -Wl,--start-group -lc -lm -Wl,--end-group
Finished building target: stm32f4xx_driver.elf
 
arm-none-eabi-size   stm32f4xx_driver.elf 
arm-none-eabi-objdump -h -S  stm32f4xx_driver.elf  > "stm32f4xx_driver.list"
   text	   data	    bss	    dec	    hex	filename
  10344	    144	   1704	  12192	   2fa0	stm32f4xx_driver.elf
Finished building: default.size.stdout
 
Finished building: stm32f4xx_driver.list
 
14:48:36 **** Incremental Build of configuration Debug for project stm32f4xx_driver ****
make -j4 all 
arm-none-eabi-gcc "../Src/012i2c_slave_tx_testingIT.c" -mcpu=cortex-m4 -std=gnu11 -g3 -DDEBUG -DSTM32 -DSTM32F407G_DISC1 -DSTM32F4 -DSTM32F407VGTx -c -I../Inc -I"D:/MCU/MCU1/stm32f4xx_driver/drivers/Inc" -O0 -ffunction-sections -fdata-sections -Wall -fstack-usage -MMD -MP -MF"Src/012i2c_slave_tx_testingIT.d" -MT"Src/012i2c_slave_tx_testingIT.o" --specs=nano.specs -mfloat-abi=soft -mthumb -o "Src/012i2c_slave_tx_testingIT.o"
../Src/012i2c_slave_tx_testingIT.c: In function 'main':
../Src/012i2c_slave_tx_testingIT.c:169:9: warning: this 'while' clause does not guard... [-Wmisleading-indentation]
  169 |         while(I2C_MasterSendDataIT(&I2C1Handle, &commandcode, 1, SLAVE_ADDR, I2C_DISABLE_SR) != I2C_READY);
      |         ^~~~~
../Src/012i2c_slave_tx_testingIT.c:170:3: note: ...this statement, but the latter is misleadingly indented as if it were guarded by the 'while'
  170 |   while(I2C_MasterReceiveDataIT(&I2C1Handle, &len, 1, SLAVE_ADDR, I2C_DISABLE_SR)!= I2C_READY);
      |   ^~~~~
arm-none-eabi-gcc -o "stm32f4xx_driver.elf" @"objects.list"   -mcpu=cortex-m4 -T"D:\MCU\MCU1\stm32f4xx_driver\STM32F407VGTX_FLASH.ld" --specs=nosys.specs -Wl,-Map="stm32f4xx_driver.map" -Wl,--gc-sections -static --specs=nano.specs -mfloat-abi=soft -mthumb -Wl,--start-group -lc -lm -Wl,--end-group
Finished building target: stm32f4xx_driver.elf
 
arm-none-eabi-size   stm32f4xx_driver.elf 
arm-none-eabi-objdump -h -S  stm32f4xx_driver.elf  > "stm32f4xx_driver.list"
   text	   data	    bss	    dec	    hex	filename
  10336	    144	   1704	  12184	   2f98	stm32f4xx_driver.elf
Finished building: default.size.stdout
 
Finished building: stm32f4xx_driver.list
 
14:50:29 **** Incremental Build of configuration Debug for project stm32f4xx_driver ****
make -j4 all 
arm-none-eabi-gcc "../Src/012i2c_slave_tx_testingIT.c" -mcpu=cortex-m4 -std=gnu11 -g3 -DDEBUG -DSTM32 -DSTM32F407G_DISC1 -DSTM32F4 -DSTM32F407VGTx -c -I../Inc -I"D:/MCU/MCU1/stm32f4xx_driver/drivers/Inc" -O0 -ffunction-sections -fdata-sections -Wall -fstack-usage -MMD -MP -MF"Src/012i2c_slave_tx_testingIT.d" -MT"Src/012i2c_slave_tx_testingIT.o" --specs=nano.specs -mfloat-abi=soft -mthumb -o "Src/012i2c_slave_tx_testingIT.o"
../Src/012i2c_slave_tx_testingIT.c: In function 'main':
../Src/012i2c_slave_tx_testingIT.c:167:9: warning: this 'while' clause does not guard... [-Wmisleading-indentation]
  167 |         while(I2C_MasterSendDataIT(&I2C1Handle, &commandcode, 1, SLAVE_ADDR, I2C_ENABLE_SR) != I2C_READY);
      |         ^~~~~
../Src/012i2c_slave_tx_testingIT.c:168:3: note: ...this statement, but the latter is misleadingly indented as if it were guarded by the 'while'
  168 |   while(I2C_MasterReceiveDataIT(&I2C1Handle, &len, 1, SLAVE_ADDR, I2C_ENABLE_SR)!= I2C_READY);
      |   ^~~~~
arm-none-eabi-gcc -o "stm32f4xx_driver.elf" @"objects.list"   -mcpu=cortex-m4 -T"D:\MCU\MCU1\stm32f4xx_driver\STM32F407VGTX_FLASH.ld" --specs=nosys.specs -Wl,-Map="stm32f4xx_driver.map" -Wl,--gc-sections -static --specs=nano.specs -mfloat-abi=soft -mthumb -Wl,--start-group -lc -lm -Wl,--end-group
Finished building target: stm32f4xx_driver.elf
 
arm-none-eabi-size   stm32f4xx_driver.elf 
arm-none-eabi-objdump -h -S  stm32f4xx_driver.elf  > "stm32f4xx_driver.list"
   text	   data	    bss	    dec	    hex	filename
  10644	    144	   1704	  12492	   30cc	stm32f4xx_driver.elf
Finished building: default.size.stdout
 
Finished building: stm32f4xx_driver.list
 
14:52:42 **** Clean-only build of configuration Debug for project stm32f4xx_driver ****
make -j4 clean 
rm -rf ./drivers/Src/stm32f407xx_gpio_driver.d ./drivers/Src/stm32f407xx_gpio_driver.o ./drivers/Src/stm32f407xx_gpio_driver.su ./drivers/Src/stm32f407xx_i2c_driver.d ./drivers/Src/stm32f407xx_i2c_driver.o ./drivers/Src/stm32f407xx_i2c_driver.su ./drivers/Src/stm32f407xx_spi_driver.d ./drivers/Src/stm32f407xx_spi_driver.o ./drivers/Src/stm32f407xx_spi_driver.su
rm -rf ./Startup/startup_stm32f407vgtx.d ./Startup/startup_stm32f407vgtx.o
rm -rf ./Src/012i2c_slave_tx_testingIT.d ./Src/012i2c_slave_tx_testingIT.o ./Src/012i2c_slave_tx_testingIT.su ./Src/syscalls.d ./Src/syscalls.o ./Src/syscalls.su ./Src/sysmem.d ./Src/sysmem.o ./Src/sysmem.su
rm -rf default.size.stdout stm32f4xx_driver.elf stm32f4xx_driver.list stm32f4xx_driver.map
 
14:52:43 **** Incremental Build of configuration Debug for project stm32f4xx_driver ****
make -j4 all 
arm-none-eabi-gcc "../drivers/Src/stm32f407xx_gpio_driver.c" -mcpu=cortex-m4 -std=gnu11 -g3 -DDEBUG -DSTM32 -DSTM32F407G_DISC1 -DSTM32F4 -DSTM32F407VGTx -c -I../Inc -I"D:/MCU/MCU1/stm32f4xx_driver/drivers/Inc" -O0 -ffunction-sections -fdata-sections -Wall -fstack-usage -MMD -MP -MF"drivers/Src/stm32f407xx_gpio_driver.d" -MT"drivers/Src/stm32f407xx_gpio_driver.o" --specs=nano.specs -mfloat-abi=soft -mthumb -o "drivers/Src/stm32f407xx_gpio_driver.o"
arm-none-eabi-gcc "../drivers/Src/stm32f407xx_i2c_driver.c" -mcpu=cortex-m4 -std=gnu11 -g3 -DDEBUG -DSTM32 -DSTM32F407G_DISC1 -DSTM32F4 -DSTM32F407VGTx -c -I../Inc -I"D:/MCU/MCU1/stm32f4xx_driver/drivers/Inc" -O0 -ffunction-sections -fdata-sections -Wall -fstack-usage -MMD -MP -MF"drivers/Src/stm32f407xx_i2c_driver.d" -MT"drivers/Src/stm32f407xx_i2c_driver.o" --specs=nano.specs -mfloat-abi=soft -mthumb -o "drivers/Src/stm32f407xx_i2c_driver.o"
arm-none-eabi-gcc "../drivers/Src/stm32f407xx_spi_driver.c" -mcpu=cortex-m4 -std=gnu11 -g3 -DDEBUG -DSTM32 -DSTM32F407G_DISC1 -DSTM32F4 -DSTM32F407VGTx -c -I../Inc -I"D:/MCU/MCU1/stm32f4xx_driver/drivers/Inc" -O0 -ffunction-sections -fdata-sections -Wall -fstack-usage -MMD -MP -MF"drivers/Src/stm32f407xx_spi_driver.d" -MT"drivers/Src/stm32f407xx_spi_driver.o" --specs=nano.specs -mfloat-abi=soft -mthumb -o "drivers/Src/stm32f407xx_spi_driver.o"
arm-none-eabi-gcc -mcpu=cortex-m4 -g3 -DDEBUG -c -x assembler-with-cpp -MMD -MP -MF"Startup/startup_stm32f407vgtx.d" -MT"Startup/startup_stm32f407vgtx.o" --specs=nano.specs -mfloat-abi=soft -mthumb -o "Startup/startup_stm32f407vgtx.o" "../Startup/startup_stm32f407vgtx.s"
arm-none-eabi-gcc "../Src/012i2c_slave_tx_testingIT.c" -mcpu=cortex-m4 -std=gnu11 -g3 -DDEBUG -DSTM32 -DSTM32F407G_DISC1 -DSTM32F4 -DSTM32F407VGTx -c -I../Inc -I"D:/MCU/MCU1/stm32f4xx_driver/drivers/Inc" -O0 -ffunction-sections -fdata-sections -Wall -fstack-usage -MMD -MP -MF"Src/012i2c_slave_tx_testingIT.d" -MT"Src/012i2c_slave_tx_testingIT.o" --specs=nano.specs -mfloat-abi=soft -mthumb -o "Src/012i2c_slave_tx_testingIT.o"
../Src/012i2c_slave_tx_testingIT.c: In function 'main':
../Src/012i2c_slave_tx_testingIT.c:167:9: warning: this 'while' clause does not guard... [-Wmisleading-indentation]
  167 |         while(I2C_MasterSendDataIT(&I2C1Handle, &commandcode, 1, SLAVE_ADDR, I2C_ENABLE_SR) != I2C_READY);
      |         ^~~~~
../Src/012i2c_slave_tx_testingIT.c:168:3: note: ...this statement, but the latter is misleadingly indented as if it were guarded by the 'while'
  168 |   while(I2C_MasterReceiveDataIT(&I2C1Handle, &len, 1, SLAVE_ADDR, I2C_ENABLE_SR)!= I2C_READY);
      |   ^~~~~
arm-none-eabi-gcc "../Src/syscalls.c" -mcpu=cortex-m4 -std=gnu11 -g3 -DDEBUG -DSTM32 -DSTM32F407G_DISC1 -DSTM32F4 -DSTM32F407VGTx -c -I../Inc -I"D:/MCU/MCU1/stm32f4xx_driver/drivers/Inc" -O0 -ffunction-sections -fdata-sections -Wall -fstack-usage -MMD -MP -MF"Src/syscalls.d" -MT"Src/syscalls.o" --specs=nano.specs -mfloat-abi=soft -mthumb -o "Src/syscalls.o"
arm-none-eabi-gcc "../Src/sysmem.c" -mcpu=cortex-m4 -std=gnu11 -g3 -DDEBUG -DSTM32 -DSTM32F407G_DISC1 -DSTM32F4 -DSTM32F407VGTx -c -I../Inc -I"D:/MCU/MCU1/stm32f4xx_driver/drivers/Inc" -O0 -ffunction-sections -fdata-sections -Wall -fstack-usage -MMD -MP -MF"Src/sysmem.d" -MT"Src/sysmem.o" --specs=nano.specs -mfloat-abi=soft -mthumb -o "Src/sysmem.o"
arm-none-eabi-gcc -o "stm32f4xx_driver.elf" @"objects.list"   -mcpu=cortex-m4 -T"D:\MCU\MCU1\stm32f4xx_driver\STM32F407VGTX_FLASH.ld" --specs=nosys.specs -Wl,-Map="stm32f4xx_driver.map" -Wl,--gc-sections -static --specs=nano.specs -mfloat-abi=soft -mthumb -Wl,--start-group -lc -lm -Wl,--end-group
Finished building target: stm32f4xx_driver.elf
 
arm-none-eabi-size   stm32f4xx_driver.elf 
arm-none-eabi-objdump -h -S  stm32f4xx_driver.elf  > "stm32f4xx_driver.list"
   text	   data	    bss	    dec	    hex	filename
  10644	    144	   1704	  12492	   30cc	stm32f4xx_driver.elf
Finished building: default.size.stdout
 
Finished building: stm32f4xx_driver.list
 
15:00:30 **** Incremental Build of configuration Debug for project stm32f4xx_driver ****
make -j4 all 
arm-none-eabi-gcc "../drivers/Src/stm32f407xx_i2c_driver.c" -mcpu=cortex-m4 -std=gnu11 -g3 -DDEBUG -DSTM32 -DSTM32F407G_DISC1 -DSTM32F4 -DSTM32F407VGTx -c -I../Inc -I"D:/MCU/MCU1/stm32f4xx_driver/drivers/Inc" -O0 -ffunction-sections -fdata-sections -Wall -fstack-usage -MMD -MP -MF"drivers/Src/stm32f407xx_i2c_driver.d" -MT"drivers/Src/stm32f407xx_i2c_driver.o" --specs=nano.specs -mfloat-abi=soft -mthumb -o "drivers/Src/stm32f407xx_i2c_driver.o"
arm-none-eabi-gcc -o "stm32f4xx_driver.elf" @"objects.list"   -mcpu=cortex-m4 -T"D:\MCU\MCU1\stm32f4xx_driver\STM32F407VGTX_FLASH.ld" --specs=nosys.specs -Wl,-Map="stm32f4xx_driver.map" -Wl,--gc-sections -static --specs=nano.specs -mfloat-abi=soft -mthumb -Wl,--start-group -lc -lm -Wl,--end-group
Finished building target: stm32f4xx_driver.elf
 
arm-none-eabi-size   stm32f4xx_driver.elf 
arm-none-eabi-objdump -h -S  stm32f4xx_driver.elf  > "stm32f4xx_driver.list"
   text	   data	    bss	    dec	    hex	filename
  10616	    144	   1704	  12464	   30b0	stm32f4xx_driver.elf
Finished building: default.size.stdout
 
Finished building: stm32f4xx_driver.list
 
15:03:42 **** Incremental Build of configuration Debug for project stm32f4xx_driver ****
make -j4 all 
arm-none-eabi-gcc "../drivers/Src/stm32f407xx_i2c_driver.c" -mcpu=cortex-m4 -std=gnu11 -g3 -DDEBUG -DSTM32 -DSTM32F407G_DISC1 -DSTM32F4 -DSTM32F407VGTx -c -I../Inc -I"D:/MCU/MCU1/stm32f4xx_driver/drivers/Inc" -O0 -ffunction-sections -fdata-sections -Wall -fstack-usage -MMD -MP -MF"drivers/Src/stm32f407xx_i2c_driver.d" -MT"drivers/Src/stm32f407xx_i2c_driver.o" --specs=nano.specs -mfloat-abi=soft -mthumb -o "drivers/Src/stm32f407xx_i2c_driver.o"
arm-none-eabi-gcc -o "stm32f4xx_driver.elf" @"objects.list"   -mcpu=cortex-m4 -T"D:\MCU\MCU1\stm32f4xx_driver\STM32F407VGTX_FLASH.ld" --specs=nosys.specs -Wl,-Map="stm32f4xx_driver.map" -Wl,--gc-sections -static --specs=nano.specs -mfloat-abi=soft -mthumb -Wl,--start-group -lc -lm -Wl,--end-group
Finished building target: stm32f4xx_driver.elf
 
arm-none-eabi-size   stm32f4xx_driver.elf 
arm-none-eabi-objdump -h -S  stm32f4xx_driver.elf  > "stm32f4xx_driver.list"
   text	   data	    bss	    dec	    hex	filename
  10680	    144	   1704	  12528	   30f0	stm32f4xx_driver.elf
Finished building: default.size.stdout
 
Finished building: stm32f4xx_driver.list
 
15:05:43 **** Incremental Build of configuration Debug for project stm32f4xx_driver ****
make -j4 all 
arm-none-eabi-gcc "../drivers/Src/stm32f407xx_i2c_driver.c" -mcpu=cortex-m4 -std=gnu11 -g3 -DDEBUG -DSTM32 -DSTM32F407G_DISC1 -DSTM32F4 -DSTM32F407VGTx -c -I../Inc -I"D:/MCU/MCU1/stm32f4xx_driver/drivers/Inc" -O0 -ffunction-sections -fdata-sections -Wall -fstack-usage -MMD -MP -MF"drivers/Src/stm32f407xx_i2c_driver.d" -MT"drivers/Src/stm32f407xx_i2c_driver.o" --specs=nano.specs -mfloat-abi=soft -mthumb -o "drivers/Src/stm32f407xx_i2c_driver.o"
arm-none-eabi-gcc "../Src/012i2c_slave_tx_testingIT.c" -mcpu=cortex-m4 -std=gnu11 -g3 -DDEBUG -DSTM32 -DSTM32F407G_DISC1 -DSTM32F4 -DSTM32F407VGTx -c -I../Inc -I"D:/MCU/MCU1/stm32f4xx_driver/drivers/Inc" -O0 -ffunction-sections -fdata-sections -Wall -fstack-usage -MMD -MP -MF"Src/012i2c_slave_tx_testingIT.d" -MT"Src/012i2c_slave_tx_testingIT.o" --specs=nano.specs -mfloat-abi=soft -mthumb -o "Src/012i2c_slave_tx_testingIT.o"
../Src/012i2c_slave_tx_testingIT.c: In function 'main':
../Src/012i2c_slave_tx_testingIT.c:167:9: warning: this 'while' clause does not guard... [-Wmisleading-indentation]
  167 |         while(I2C_MasterSendDataIT(&I2C1Handle, &commandcode, 1, SLAVE_ADDR, I2C_ENABLE_SR) != I2C_READY);
      |         ^~~~~
../Src/012i2c_slave_tx_testingIT.c:168:3: note: ...this statement, but the latter is misleadingly indented as if it were guarded by the 'while'
  168 |   while(I2C_MasterReceiveDataIT(&I2C1Handle, &len, 1, SLAVE_ADDR, I2C_ENABLE_SR)!= I2C_READY);
      |   ^~~~~
arm-none-eabi-gcc -o "stm32f4xx_driver.elf" @"objects.list"   -mcpu=cortex-m4 -T"D:\MCU\MCU1\stm32f4xx_driver\STM32F407VGTX_FLASH.ld" --specs=nosys.specs -Wl,-Map="stm32f4xx_driver.map" -Wl,--gc-sections -static --specs=nano.specs -mfloat-abi=soft -mthumb -Wl,--start-group -lc -lm -Wl,--end-group
Finished building target: stm32f4xx_driver.elf
 
arm-none-eabi-size   stm32f4xx_driver.elf 
arm-none-eabi-objdump -h -S  stm32f4xx_driver.elf  > "stm32f4xx_driver.list"
   text	   data	    bss	    dec	    hex	filename
  10696	    144	   1704	  12544	   3100	stm32f4xx_driver.elf
Finished building: default.size.stdout
 
Finished building: stm32f4xx_driver.list
 
15:07:48 **** Incremental Build of configuration Debug for project stm32f4xx_driver ****
make -j4 all 
arm-none-eabi-gcc "../drivers/Src/stm32f407xx_i2c_driver.c" -mcpu=cortex-m4 -std=gnu11 -g3 -DDEBUG -DSTM32 -DSTM32F407G_DISC1 -DSTM32F4 -DSTM32F407VGTx -c -I../Inc -I"D:/MCU/MCU1/stm32f4xx_driver/drivers/Inc" -O0 -ffunction-sections -fdata-sections -Wall -fstack-usage -MMD -MP -MF"drivers/Src/stm32f407xx_i2c_driver.d" -MT"drivers/Src/stm32f407xx_i2c_driver.o" --specs=nano.specs -mfloat-abi=soft -mthumb -o "drivers/Src/stm32f407xx_i2c_driver.o"
arm-none-eabi-gcc "../Src/012i2c_slave_tx_testingIT.c" -mcpu=cortex-m4 -std=gnu11 -g3 -DDEBUG -DSTM32 -DSTM32F407G_DISC1 -DSTM32F4 -DSTM32F407VGTx -c -I../Inc -I"D:/MCU/MCU1/stm32f4xx_driver/drivers/Inc" -O0 -ffunction-sections -fdata-sections -Wall -fstack-usage -MMD -MP -MF"Src/012i2c_slave_tx_testingIT.d" -MT"Src/012i2c_slave_tx_testingIT.o" --specs=nano.specs -mfloat-abi=soft -mthumb -o "Src/012i2c_slave_tx_testingIT.o"
../Src/012i2c_slave_tx_testingIT.c: In function 'main':
../Src/012i2c_slave_tx_testingIT.c:167:9: warning: this 'while' clause does not guard... [-Wmisleading-indentation]
  167 |         while(I2C_MasterSendDataIT(&I2C1Handle, &commandcode, 1, SLAVE_ADDR, I2C_ENABLE_SR) != I2C_READY);
      |         ^~~~~
../Src/012i2c_slave_tx_testingIT.c:168:3: note: ...this statement, but the latter is misleadingly indented as if it were guarded by the 'while'
  168 |   while(I2C_MasterReceiveDataIT(&I2C1Handle, &len, 1, SLAVE_ADDR, I2C_ENABLE_SR)!= I2C_READY);
      |   ^~~~~
arm-none-eabi-gcc -o "stm32f4xx_driver.elf" @"objects.list"   -mcpu=cortex-m4 -T"D:\MCU\MCU1\stm32f4xx_driver\STM32F407VGTX_FLASH.ld" --specs=nosys.specs -Wl,-Map="stm32f4xx_driver.map" -Wl,--gc-sections -static --specs=nano.specs -mfloat-abi=soft -mthumb -Wl,--start-group -lc -lm -Wl,--end-group
Finished building target: stm32f4xx_driver.elf
 
arm-none-eabi-size   stm32f4xx_driver.elf 
arm-none-eabi-objdump -h -S  stm32f4xx_driver.elf  > "stm32f4xx_driver.list"
   text	   data	    bss	    dec	    hex	filename
  10712	    144	   1704	  12560	   3110	stm32f4xx_driver.elf
Finished building: default.size.stdout
 
Finished building: stm32f4xx_driver.list
 
15:08:57 **** Incremental Build of configuration Debug for project stm32f4xx_driver ****
make -j4 all 
arm-none-eabi-gcc "../drivers/Src/stm32f407xx_i2c_driver.c" -mcpu=cortex-m4 -std=gnu11 -g3 -DDEBUG -DSTM32 -DSTM32F407G_DISC1 -DSTM32F4 -DSTM32F407VGTx -c -I../Inc -I"D:/MCU/MCU1/stm32f4xx_driver/drivers/Inc" -O0 -ffunction-sections -fdata-sections -Wall -fstack-usage -MMD -MP -MF"drivers/Src/stm32f407xx_i2c_driver.d" -MT"drivers/Src/stm32f407xx_i2c_driver.o" --specs=nano.specs -mfloat-abi=soft -mthumb -o "drivers/Src/stm32f407xx_i2c_driver.o"
arm-none-eabi-gcc -o "stm32f4xx_driver.elf" @"objects.list"   -mcpu=cortex-m4 -T"D:\MCU\MCU1\stm32f4xx_driver\STM32F407VGTX_FLASH.ld" --specs=nosys.specs -Wl,-Map="stm32f4xx_driver.map" -Wl,--gc-sections -static --specs=nano.specs -mfloat-abi=soft -mthumb -Wl,--start-group -lc -lm -Wl,--end-group
Finished building target: stm32f4xx_driver.elf
 
arm-none-eabi-size   stm32f4xx_driver.elf 
arm-none-eabi-objdump -h -S  stm32f4xx_driver.elf  > "stm32f4xx_driver.list"
   text	   data	    bss	    dec	    hex	filename
  10740	    144	   1704	  12588	   312c	stm32f4xx_driver.elf
Finished building: default.size.stdout
 
Finished building: stm32f4xx_driver.list
 
15:14:17 **** Incremental Build of configuration Debug for project stm32f4xx_driver ****
make -j4 all 
arm-none-eabi-gcc "../Src/012i2c_slave_tx_testingIT.c" -mcpu=cortex-m4 -std=gnu11 -g3 -DDEBUG -DSTM32 -DSTM32F407G_DISC1 -DSTM32F4 -DSTM32F407VGTx -c -I../Inc -I"D:/MCU/MCU1/stm32f4xx_driver/drivers/Inc" -O0 -ffunction-sections -fdata-sections -Wall -fstack-usage -MMD -MP -MF"Src/012i2c_slave_tx_testingIT.d" -MT"Src/012i2c_slave_tx_testingIT.o" --specs=nano.specs -mfloat-abi=soft -mthumb -o "Src/012i2c_slave_tx_testingIT.o"
arm-none-eabi-gcc -o "stm32f4xx_driver.elf" @"objects.list"   -mcpu=cortex-m4 -T"D:\MCU\MCU1\stm32f4xx_driver\STM32F407VGTX_FLASH.ld" --specs=nosys.specs -Wl,-Map="stm32f4xx_driver.map" -Wl,--gc-sections -static --specs=nano.specs -mfloat-abi=soft -mthumb -Wl,--start-group -lc -lm -Wl,--end-group
Finished building target: stm32f4xx_driver.elf
 
arm-none-eabi-size   stm32f4xx_driver.elf 
arm-none-eabi-objdump -h -S  stm32f4xx_driver.elf  > "stm32f4xx_driver.list"
   text	   data	    bss	    dec	    hex	filename
  10760	    144	   1704	  12608	   3140	stm32f4xx_driver.elf
Finished building: default.size.stdout
 
Finished building: stm32f4xx_driver.list
 
15:17:15 **** Incremental Build of configuration Debug for project stm32f4xx_driver ****
make -j4 all 
arm-none-eabi-gcc "../Src/012i2c_slave_tx_testingIT.c" -mcpu=cortex-m4 -std=gnu11 -g3 -DDEBUG -DSTM32 -DSTM32F407G_DISC1 -DSTM32F4 -DSTM32F407VGTx -c -I../Inc -I"D:/MCU/MCU1/stm32f4xx_driver/drivers/Inc" -O0 -ffunction-sections -fdata-sections -Wall -fstack-usage -MMD -MP -MF"Src/012i2c_slave_tx_testingIT.d" -MT"Src/012i2c_slave_tx_testingIT.o" --specs=nano.specs -mfloat-abi=soft -mthumb -o "Src/012i2c_slave_tx_testingIT.o"
arm-none-eabi-gcc -o "stm32f4xx_driver.elf" @"objects.list"   -mcpu=cortex-m4 -T"D:\MCU\MCU1\stm32f4xx_driver\STM32F407VGTX_FLASH.ld" --specs=nosys.specs -Wl,-Map="stm32f4xx_driver.map" -Wl,--gc-sections -static --specs=nano.specs -mfloat-abi=soft -mthumb -Wl,--start-group -lc -lm -Wl,--end-group
Finished building target: stm32f4xx_driver.elf
 
arm-none-eabi-size   stm32f4xx_driver.elf 
arm-none-eabi-objdump -h -S  stm32f4xx_driver.elf  > "stm32f4xx_driver.list"
   text	   data	    bss	    dec	    hex	filename
  10736	    144	   1704	  12584	   3128	stm32f4xx_driver.elf
Finished building: default.size.stdout
 
Finished building: stm32f4xx_driver.list
 
15:19:46 **** Incremental Build of configuration Debug for project stm32f4xx_driver ****
make -j4 all 
arm-none-eabi-gcc "../Src/012i2c_slave_tx_testingIT.c" -mcpu=cortex-m4 -std=gnu11 -g3 -DDEBUG -DSTM32 -DSTM32F407G_DISC1 -DSTM32F4 -DSTM32F407VGTx -c -I../Inc -I"D:/MCU/MCU1/stm32f4xx_driver/drivers/Inc" -O0 -ffunction-sections -fdata-sections -Wall -fstack-usage -MMD -MP -MF"Src/012i2c_slave_tx_testingIT.d" -MT"Src/012i2c_slave_tx_testingIT.o" --specs=nano.specs -mfloat-abi=soft -mthumb -o "Src/012i2c_slave_tx_testingIT.o"
arm-none-eabi-gcc -o "stm32f4xx_driver.elf" @"objects.list"   -mcpu=cortex-m4 -T"D:\MCU\MCU1\stm32f4xx_driver\STM32F407VGTX_FLASH.ld" --specs=nosys.specs -Wl,-Map="stm32f4xx_driver.map" -Wl,--gc-sections -static --specs=nano.specs -mfloat-abi=soft -mthumb -Wl,--start-group -lc -lm -Wl,--end-group
Finished building target: stm32f4xx_driver.elf
 
arm-none-eabi-size   stm32f4xx_driver.elf 
arm-none-eabi-objdump -h -S  stm32f4xx_driver.elf  > "stm32f4xx_driver.list"
   text	   data	    bss	    dec	    hex	filename
  10756	    144	   1704	  12604	   313c	stm32f4xx_driver.elf
Finished building: default.size.stdout
 
Finished building: stm32f4xx_driver.list
 
15:26:06 **** Incremental Build of configuration Debug for project stm32f4xx_driver ****
make -j4 all 
arm-none-eabi-gcc "../Src/012i2c_slave_tx_testingIT.c" -mcpu=cortex-m4 -std=gnu11 -g3 -DDEBUG -DSTM32 -DSTM32F407G_DISC1 -DSTM32F4 -DSTM32F407VGTx -c -I../Inc -I"D:/MCU/MCU1/stm32f4xx_driver/drivers/Inc" -O0 -ffunction-sections -fdata-sections -Wall -fstack-usage -MMD -MP -MF"Src/012i2c_slave_tx_testingIT.d" -MT"Src/012i2c_slave_tx_testingIT.o" --specs=nano.specs -mfloat-abi=soft -mthumb -o "Src/012i2c_slave_tx_testingIT.o"
arm-none-eabi-gcc -o "stm32f4xx_driver.elf" @"objects.list"   -mcpu=cortex-m4 -T"D:\MCU\MCU1\stm32f4xx_driver\STM32F407VGTX_FLASH.ld" --specs=nosys.specs -Wl,-Map="stm32f4xx_driver.map" -Wl,--gc-sections -static --specs=nano.specs -mfloat-abi=soft -mthumb -Wl,--start-group -lc -lm -Wl,--end-group
Finished building target: stm32f4xx_driver.elf
 
arm-none-eabi-size   stm32f4xx_driver.elf 
arm-none-eabi-objdump -h -S  stm32f4xx_driver.elf  > "stm32f4xx_driver.list"
   text	   data	    bss	    dec	    hex	filename
  10704	    144	   1704	  12552	   3108	stm32f4xx_driver.elf
Finished building: default.size.stdout
 
Finished building: stm32f4xx_driver.list
 
15:26:24 **** Incremental Build of configuration Debug for project stm32f4xx_driver ****
make -j4 all 
arm-none-eabi-gcc "../Src/012i2c_slave_tx_testingIT.c" -mcpu=cortex-m4 -std=gnu11 -g3 -DDEBUG -DSTM32 -DSTM32F407G_DISC1 -DSTM32F4 -DSTM32F407VGTx -c -I../Inc -I"D:/MCU/MCU1/stm32f4xx_driver/drivers/Inc" -O0 -ffunction-sections -fdata-sections -Wall -fstack-usage -MMD -MP -MF"Src/012i2c_slave_tx_testingIT.d" -MT"Src/012i2c_slave_tx_testingIT.o" --specs=nano.specs -mfloat-abi=soft -mthumb -o "Src/012i2c_slave_tx_testingIT.o"
../Src/012i2c_slave_tx_testingIT.c: In function 'main':
../Src/012i2c_slave_tx_testingIT.c:184:14: warning: 'len' may be used uninitialized in this function [-Wmaybe-uninitialized]
  184 |   rcv_buf[len+1] = '\0';
      |           ~~~^~
arm-none-eabi-gcc -o "stm32f4xx_driver.elf" @"objects.list"   -mcpu=cortex-m4 -T"D:\MCU\MCU1\stm32f4xx_driver\STM32F407VGTX_FLASH.ld" --specs=nosys.specs -Wl,-Map="stm32f4xx_driver.map" -Wl,--gc-sections -static --specs=nano.specs -mfloat-abi=soft -mthumb -Wl,--start-group -lc -lm -Wl,--end-group
Finished building target: stm32f4xx_driver.elf
 
arm-none-eabi-size   stm32f4xx_driver.elf 
arm-none-eabi-objdump -h -S  stm32f4xx_driver.elf  > "stm32f4xx_driver.list"
   text	   data	    bss	    dec	    hex	filename
  10532	    144	   1704	  12380	   305c	stm32f4xx_driver.elf
Finished building: default.size.stdout
 
Finished building: stm32f4xx_driver.list
 
15:29:09 **** Incremental Build of configuration Debug for project stm32f4xx_driver ****
make -j4 all 
arm-none-eabi-gcc "../Src/012i2c_slave_tx_testingIT.c" -mcpu=cortex-m4 -std=gnu11 -g3 -DDEBUG -DSTM32 -DSTM32F407G_DISC1 -DSTM32F4 -DSTM32F407VGTx -c -I../Inc -I"D:/MCU/MCU1/stm32f4xx_driver/drivers/Inc" -O0 -ffunction-sections -fdata-sections -Wall -fstack-usage -MMD -MP -MF"Src/012i2c_slave_tx_testingIT.d" -MT"Src/012i2c_slave_tx_testingIT.o" --specs=nano.specs -mfloat-abi=soft -mthumb -o "Src/012i2c_slave_tx_testingIT.o"
arm-none-eabi-gcc -o "stm32f4xx_driver.elf" @"objects.list"   -mcpu=cortex-m4 -T"D:\MCU\MCU1\stm32f4xx_driver\STM32F407VGTX_FLASH.ld" --specs=nosys.specs -Wl,-Map="stm32f4xx_driver.map" -Wl,--gc-sections -static --specs=nano.specs -mfloat-abi=soft -mthumb -Wl,--start-group -lc -lm -Wl,--end-group
Finished building target: stm32f4xx_driver.elf
 
arm-none-eabi-size   stm32f4xx_driver.elf 
arm-none-eabi-objdump -h -S  stm32f4xx_driver.elf  > "stm32f4xx_driver.list"
   text	   data	    bss	    dec	    hex	filename
  10708	    144	   1704	  12556	   310c	stm32f4xx_driver.elf
Finished building: default.size.stdout
 
Finished building: stm32f4xx_driver.list
 
15:41:04 **** Incremental Build of configuration Debug for project stm32f4xx_driver ****
make -j4 all 
arm-none-eabi-gcc "../Src/012i2c_slave_tx_testingIT.c" -mcpu=cortex-m4 -std=gnu11 -g3 -DDEBUG -DSTM32 -DSTM32F407G_DISC1 -DSTM32F4 -DSTM32F407VGTx -c -I../Inc -I"D:/MCU/MCU1/stm32f4xx_driver/drivers/Inc" -O0 -ffunction-sections -fdata-sections -Wall -fstack-usage -MMD -MP -MF"Src/012i2c_slave_tx_testingIT.d" -MT"Src/012i2c_slave_tx_testingIT.o" --specs=nano.specs -mfloat-abi=soft -mthumb -o "Src/012i2c_slave_tx_testingIT.o"
arm-none-eabi-gcc -o "stm32f4xx_driver.elf" @"objects.list"   -mcpu=cortex-m4 -T"D:\MCU\MCU1\stm32f4xx_driver\STM32F407VGTX_FLASH.ld" --specs=nosys.specs -Wl,-Map="stm32f4xx_driver.map" -Wl,--gc-sections -static --specs=nano.specs -mfloat-abi=soft -mthumb -Wl,--start-group -lc -lm -Wl,--end-group
Finished building target: stm32f4xx_driver.elf
 
arm-none-eabi-size   stm32f4xx_driver.elf 
arm-none-eabi-objdump -h -S  stm32f4xx_driver.elf  > "stm32f4xx_driver.list"
   text	   data	    bss	    dec	    hex	filename
  10764	    144	   1704	  12612	   3144	stm32f4xx_driver.elf
Finished building: default.size.stdout
 
Finished building: stm32f4xx_driver.list
 
15:43:26 **** Incremental Build of configuration Debug for project stm32f4xx_driver ****
make -j4 all 
arm-none-eabi-gcc "../Src/012i2c_slave_tx_testingIT.c" -mcpu=cortex-m4 -std=gnu11 -g3 -DDEBUG -DSTM32 -DSTM32F407G_DISC1 -DSTM32F4 -DSTM32F407VGTx -c -I../Inc -I"D:/MCU/MCU1/stm32f4xx_driver/drivers/Inc" -O0 -ffunction-sections -fdata-sections -Wall -fstack-usage -MMD -MP -MF"Src/012i2c_slave_tx_testingIT.d" -MT"Src/012i2c_slave_tx_testingIT.o" --specs=nano.specs -mfloat-abi=soft -mthumb -o "Src/012i2c_slave_tx_testingIT.o"
arm-none-eabi-gcc -o "stm32f4xx_driver.elf" @"objects.list"   -mcpu=cortex-m4 -T"D:\MCU\MCU1\stm32f4xx_driver\STM32F407VGTX_FLASH.ld" --specs=nosys.specs -Wl,-Map="stm32f4xx_driver.map" -Wl,--gc-sections -static --specs=nano.specs -mfloat-abi=soft -mthumb -Wl,--start-group -lc -lm -Wl,--end-group
Finished building target: stm32f4xx_driver.elf
 
arm-none-eabi-size   stm32f4xx_driver.elf 
arm-none-eabi-objdump -h -S  stm32f4xx_driver.elf  > "stm32f4xx_driver.list"
   text	   data	    bss	    dec	    hex	filename
  10708	    144	   1704	  12556	   310c	stm32f4xx_driver.elf
Finished building: default.size.stdout
 
Finished building: stm32f4xx_driver.list
 
15:48:56 **** Incremental Build of configuration Debug for project stm32f4xx_driver ****
make -j4 all 
arm-none-eabi-gcc "../drivers/Src/stm32f407xx_i2c_driver.c" -mcpu=cortex-m4 -std=gnu11 -g3 -DDEBUG -DSTM32 -DSTM32F407G_DISC1 -DSTM32F4 -DSTM32F407VGTx -c -I../Inc -I"D:/MCU/MCU1/stm32f4xx_driver/drivers/Inc" -O0 -ffunction-sections -fdata-sections -Wall -fstack-usage -MMD -MP -MF"drivers/Src/stm32f407xx_i2c_driver.d" -MT"drivers/Src/stm32f407xx_i2c_driver.o" --specs=nano.specs -mfloat-abi=soft -mthumb -o "drivers/Src/stm32f407xx_i2c_driver.o"
arm-none-eabi-gcc -o "stm32f4xx_driver.elf" @"objects.list"   -mcpu=cortex-m4 -T"D:\MCU\MCU1\stm32f4xx_driver\STM32F407VGTX_FLASH.ld" --specs=nosys.specs -Wl,-Map="stm32f4xx_driver.map" -Wl,--gc-sections -static --specs=nano.specs -mfloat-abi=soft -mthumb -Wl,--start-group -lc -lm -Wl,--end-group
Finished building target: stm32f4xx_driver.elf
 
arm-none-eabi-size   stm32f4xx_driver.elf 
arm-none-eabi-objdump -h -S  stm32f4xx_driver.elf  > "stm32f4xx_driver.list"
   text	   data	    bss	    dec	    hex	filename
  10740	    144	   1704	  12588	   312c	stm32f4xx_driver.elf
Finished building: default.size.stdout
 
Finished building: stm32f4xx_driver.list
 
15:50:11 **** Incremental Build of configuration Debug for project stm32f4xx_driver ****
make -j4 all 
arm-none-eabi-gcc "../Src/012i2c_slave_tx_testingIT.c" -mcpu=cortex-m4 -std=gnu11 -g3 -DDEBUG -DSTM32 -DSTM32F407G_DISC1 -DSTM32F4 -DSTM32F407VGTx -c -I../Inc -I"D:/MCU/MCU1/stm32f4xx_driver/drivers/Inc" -O0 -ffunction-sections -fdata-sections -Wall -fstack-usage -MMD -MP -MF"Src/012i2c_slave_tx_testingIT.d" -MT"Src/012i2c_slave_tx_testingIT.o" --specs=nano.specs -mfloat-abi=soft -mthumb -o "Src/012i2c_slave_tx_testingIT.o"
arm-none-eabi-gcc -o "stm32f4xx_driver.elf" @"objects.list"   -mcpu=cortex-m4 -T"D:\MCU\MCU1\stm32f4xx_driver\STM32F407VGTX_FLASH.ld" --specs=nosys.specs -Wl,-Map="stm32f4xx_driver.map" -Wl,--gc-sections -static --specs=nano.specs -mfloat-abi=soft -mthumb -Wl,--start-group -lc -lm -Wl,--end-group
Finished building target: stm32f4xx_driver.elf
 
arm-none-eabi-size   stm32f4xx_driver.elf 
arm-none-eabi-objdump -h -S  stm32f4xx_driver.elf  > "stm32f4xx_driver.list"
   text	   data	    bss	    dec	    hex	filename
  10772	    144	   1704	  12620	   314c	stm32f4xx_driver.elf
Finished building: default.size.stdout
 
Finished building: stm32f4xx_driver.list
 
16:09:33 **** Incremental Build of configuration Debug for project stm32f4xx_driver ****
make -j4 all 
arm-none-eabi-gcc "../drivers/Src/stm32f407xx_i2c_driver.c" -mcpu=cortex-m4 -std=gnu11 -g3 -DDEBUG -DSTM32 -DSTM32F407G_DISC1 -DSTM32F4 -DSTM32F407VGTx -c -I../Inc -I"D:/MCU/MCU1/stm32f4xx_driver/drivers/Inc" -O0 -ffunction-sections -fdata-sections -Wall -fstack-usage -MMD -MP -MF"drivers/Src/stm32f407xx_i2c_driver.d" -MT"drivers/Src/stm32f407xx_i2c_driver.o" --specs=nano.specs -mfloat-abi=soft -mthumb -o "drivers/Src/stm32f407xx_i2c_driver.o"
arm-none-eabi-gcc -o "stm32f4xx_driver.elf" @"objects.list"   -mcpu=cortex-m4 -T"D:\MCU\MCU1\stm32f4xx_driver\STM32F407VGTX_FLASH.ld" --specs=nosys.specs -Wl,-Map="stm32f4xx_driver.map" -Wl,--gc-sections -static --specs=nano.specs -mfloat-abi=soft -mthumb -Wl,--start-group -lc -lm -Wl,--end-group
Finished building target: stm32f4xx_driver.elf
 
arm-none-eabi-size   stm32f4xx_driver.elf 
arm-none-eabi-objdump -h -S  stm32f4xx_driver.elf  > "stm32f4xx_driver.list"
   text	   data	    bss	    dec	    hex	filename
  10772	    144	   1704	  12620	   314c	stm32f4xx_driver.elf
Finished building: default.size.stdout
 
Finished building: stm32f4xx_driver.list
 
16:11:02 **** Incremental Build of configuration Debug for project stm32f4xx_driver ****
make -j4 all 
arm-none-eabi-gcc "../drivers/Src/stm32f407xx_i2c_driver.c" -mcpu=cortex-m4 -std=gnu11 -g3 -DDEBUG -DSTM32 -DSTM32F407G_DISC1 -DSTM32F4 -DSTM32F407VGTx -c -I../Inc -I"D:/MCU/MCU1/stm32f4xx_driver/drivers/Inc" -O0 -ffunction-sections -fdata-sections -Wall -fstack-usage -MMD -MP -MF"drivers/Src/stm32f407xx_i2c_driver.d" -MT"drivers/Src/stm32f407xx_i2c_driver.o" --specs=nano.specs -mfloat-abi=soft -mthumb -o "drivers/Src/stm32f407xx_i2c_driver.o"
arm-none-eabi-gcc -o "stm32f4xx_driver.elf" @"objects.list"   -mcpu=cortex-m4 -T"D:\MCU\MCU1\stm32f4xx_driver\STM32F407VGTX_FLASH.ld" --specs=nosys.specs -Wl,-Map="stm32f4xx_driver.map" -Wl,--gc-sections -static --specs=nano.specs -mfloat-abi=soft -mthumb -Wl,--start-group -lc -lm -Wl,--end-group
Finished building target: stm32f4xx_driver.elf
 
arm-none-eabi-size   stm32f4xx_driver.elf 
arm-none-eabi-objdump -h -S  stm32f4xx_driver.elf  > "stm32f4xx_driver.list"
   text	   data	    bss	    dec	    hex	filename
  10772	    144	   1704	  12620	   314c	stm32f4xx_driver.elf
Finished building: default.size.stdout
 
Finished building: stm32f4xx_driver.list
 
16:33:45 **** Incremental Build of configuration Debug for project stm32f4xx_driver ****
make -j4 all 
arm-none-eabi-gcc "../drivers/Src/stm32f407xx_i2c_driver.c" -mcpu=cortex-m4 -std=gnu11 -g3 -DDEBUG -DSTM32 -DSTM32F407G_DISC1 -DSTM32F4 -DSTM32F407VGTx -c -I../Inc -I"D:/MCU/MCU1/stm32f4xx_driver/drivers/Inc" -O0 -ffunction-sections -fdata-sections -Wall -fstack-usage -MMD -MP -MF"drivers/Src/stm32f407xx_i2c_driver.d" -MT"drivers/Src/stm32f407xx_i2c_driver.o" --specs=nano.specs -mfloat-abi=soft -mthumb -o "drivers/Src/stm32f407xx_i2c_driver.o"
arm-none-eabi-gcc "../Src/012i2c_slave_tx_testingIT.c" -mcpu=cortex-m4 -std=gnu11 -g3 -DDEBUG -DSTM32 -DSTM32F407G_DISC1 -DSTM32F4 -DSTM32F407VGTx -c -I../Inc -I"D:/MCU/MCU1/stm32f4xx_driver/drivers/Inc" -O0 -ffunction-sections -fdata-sections -Wall -fstack-usage -MMD -MP -MF"Src/012i2c_slave_tx_testingIT.d" -MT"Src/012i2c_slave_tx_testingIT.o" --specs=nano.specs -mfloat-abi=soft -mthumb -o "Src/012i2c_slave_tx_testingIT.o"
../Src/012i2c_slave_tx_testingIT.c: In function 'main':
../Src/012i2c_slave_tx_testingIT.c:168:9: warning: this 'while' clause does not guard... [-Wmisleading-indentation]
  168 |         while(I2C_MasterSendDataIT(&I2C1Handle, &commandcode, 1, SLAVE_ADDR, I2C_ENABLE_SR) != I2C_READY);
      |         ^~~~~
../Src/012i2c_slave_tx_testingIT.c:170:3: note: ...this statement, but the latter is misleadingly indented as if it were guarded by the 'while'
  170 |   while(I2C_MasterReceiveDataIT(&I2C1Handle, &len, 1, SLAVE_ADDR, I2C_ENABLE_SR)!= I2C_READY);
      |   ^~~~~
arm-none-eabi-gcc -o "stm32f4xx_driver.elf" @"objects.list"   -mcpu=cortex-m4 -T"D:\MCU\MCU1\stm32f4xx_driver\STM32F407VGTX_FLASH.ld" --specs=nosys.specs -Wl,-Map="stm32f4xx_driver.map" -Wl,--gc-sections -static --specs=nano.specs -mfloat-abi=soft -mthumb -Wl,--start-group -lc -lm -Wl,--end-group
Finished building target: stm32f4xx_driver.elf
 
arm-none-eabi-size   stm32f4xx_driver.elf 
arm-none-eabi-objdump -h -S  stm32f4xx_driver.elf  > "stm32f4xx_driver.list"
   text	   data	    bss	    dec	    hex	filename
  10616	    144	   1704	  12464	   30b0	stm32f4xx_driver.elf
Finished building: default.size.stdout
 
Finished building: stm32f4xx_driver.list
 
