16:33:45 **** Incremental Build of configuration Debug for project stm32f4xx_driver ****
make -j4 all 
arm-none-eabi-gcc "../drivers/Src/stm32f407xx_i2c_driver.c" -mcpu=cortex-m4 -std=gnu11 -g3 -DDEBUG -DSTM32 -DSTM32F407G_DISC1 -DSTM32F4 -DSTM32F407VGTx -c -I../Inc -I"D:/MCU/MCU1/stm32f4xx_driver/drivers/Inc" -O0 -ffunction-sections -fdata-sections -Wall -fstack-usage -MMD -MP -MF"drivers/Src/stm32f407xx_i2c_driver.d" -MT"drivers/Src/stm32f407xx_i2c_driver.o" --specs=nano.specs -mfloat-abi=soft -mthumb -o "drivers/Src/stm32f407xx_i2c_driver.o"
arm-none-eabi-gcc "../Src/012i2c_slave_tx_testingIT.c" -mcpu=cortex-m4 -std=gnu11 -g3 -DDEBUG -DSTM32 -DSTM32F407G_DISC1 -DSTM32F4 -DSTM32F407VGTx -c -I../Inc -I"D:/MCU/MCU1/stm32f4xx_driver/drivers/Inc" -O0 -ffunction-sections -fdata-sections -Wall -fstack-usage -MMD -MP -MF"Src/012i2c_slave_tx_testingIT.d" -MT"Src/012i2c_slave_tx_testingIT.o" --specs=nano.specs -mfloat-abi=soft -mthumb -o "Src/012i2c_slave_tx_testingIT.o"
../Src/012i2c_slave_tx_testingIT.c: In function 'main':
../Src/012i2c_slave_tx_testingIT.c:168:9: warning: this 'while' clause does not guard... [-Wmisleading-indentation]
  168 |         while(I2C_MasterSendDataIT(&I2C1Handle, &commandcode, 1, SLAVE_ADDR, I2C_ENABLE_SR) != I2C_READY);
      |         ^~~~~
../Src/012i2c_slave_tx_testingIT.c:170:3: note: ...this statement, but the latter is misleadingly indented as if it were guarded by the 'while'
  170 |   while(I2C_MasterReceiveDataIT(&I2C1Handle, &len, 1, SLAVE_ADDR, I2C_ENABLE_SR)!= I2C_READY);
      |   ^~~~~
arm-none-eabi-gcc -o "stm32f4xx_driver.elf" @"objects.list"   -mcpu=cortex-m4 -T"D:\MCU\MCU1\stm32f4xx_driver\STM32F407VGTX_FLASH.ld" --specs=nosys.specs -Wl,-Map="stm32f4xx_driver.map" -Wl,--gc-sections -static --specs=nano.specs -mfloat-abi=soft -mthumb -Wl,--start-group -lc -lm -Wl,--end-group
Finished building target: stm32f4xx_driver.elf
 
arm-none-eabi-size   stm32f4xx_driver.elf 
arm-none-eabi-objdump -h -S  stm32f4xx_driver.elf  > "stm32f4xx_driver.list"
   text	   data	    bss	    dec	    hex	filename
  10616	    144	   1704	  12464	   30b0	stm32f4xx_driver.elf
Finished building: default.size.stdout
 
Finished building: stm32f4xx_driver.list
 

16:33:49 Build Finished. 0 errors, 1 warnings. (took 3s.701ms)

